<?xml version="1.0"?>
<link_info>
   <banner>TMS320C6x Linker PC v7.4.22</banner>
   <copyright>Copyright (c) 1996-2017 Texas Instruments Incorporated</copyright>
   <link_time>0x5aebe073</link_time>
   <output_file>day123.out</output_file>
   <entry_point>
      <name>_c_int00</name>
      <address>0x11833880</address>
   </entry_point>
   <input_file_list>
      <input_file id="fl-2">
         <path>.\</path>
         <kind>object</kind>
         <file>COECSL_edma3.obj</file>
         <name>COECSL_edma3.obj</name>
      </input_file>
      <input_file id="fl-3">
         <path>.\</path>
         <kind>object</kind>
         <file>COECSL_mcbsp.obj</file>
         <name>COECSL_mcbsp.obj</name>
      </input_file>
      <input_file id="fl-4">
         <path>.\</path>
         <kind>object</kind>
         <file>ColorLCD.obj</file>
         <name>ColorLCD.obj</name>
      </input_file>
      <input_file id="fl-5">
         <path>.\</path>
         <kind>object</kind>
         <file>ColorVision.obj</file>
         <name>ColorVision.obj</name>
      </input_file>
      <input_file id="fl-6">
         <path>.\</path>
         <kind>object</kind>
         <file>LCDprintf.obj</file>
         <name>LCDprintf.obj</name>
      </input_file>
      <input_file id="fl-7">
         <path>.\</path>
         <kind>object</kind>
         <file>Ladar.obj</file>
         <name>Ladar.obj</name>
      </input_file>
      <input_file id="fl-8">
         <path>.\</path>
         <kind>object</kind>
         <file>MatrixMath.obj</file>
         <name>MatrixMath.obj</name>
      </input_file>
      <input_file id="fl-9">
         <path>.\</path>
         <kind>object</kind>
         <file>day123cfg.obj</file>
         <name>day123cfg.obj</name>
      </input_file>
      <input_file id="fl-a">
         <path>.\</path>
         <kind>object</kind>
         <file>day123cfg_c.obj</file>
         <name>day123cfg_c.obj</name>
      </input_file>
      <input_file id="fl-b">
         <path>.\</path>
         <kind>object</kind>
         <file>pQueue.obj</file>
         <name>pQueue.obj</name>
      </input_file>
      <input_file id="fl-c">
         <path>.\</path>
         <kind>object</kind>
         <file>pru.obj</file>
         <name>pru.obj</name>
      </input_file>
      <input_file id="fl-d">
         <path>.\</path>
         <kind>object</kind>
         <file>user_day123.obj</file>
         <name>user_day123.obj</name>
      </input_file>
      <input_file id="fl-e">
         <path>.\</path>
         <kind>object</kind>
         <file>user_xy.obj</file>
         <name>user_xy.obj</name>
      </input_file>
      <input_file id="fl-93">
         <path>C:\CCStudio_v7\bios_5_42_02_10\packages\ti\bios\lib\</path>
         <kind>archive</kind>
         <file>bios.a674</file>
         <name>biosdata.o674</name>
      </input_file>
      <input_file id="fl-94">
         <path>C:\CCStudio_v7\bios_5_42_02_10\packages\ti\bios\lib\</path>
         <kind>archive</kind>
         <file>bios.a674</file>
         <name>hwi_disp_asm.o674</name>
      </input_file>
      <input_file id="fl-95">
         <path>C:\CCStudio_v7\bios_5_42_02_10\packages\ti\bios\lib\</path>
         <kind>archive</kind>
         <file>bios.a674</file>
         <name>idl_stub.o674</name>
      </input_file>
      <input_file id="fl-96">
         <path>C:\CCStudio_v7\bios_5_42_02_10\packages\ti\bios\lib\</path>
         <kind>archive</kind>
         <file>lnkrtdx.a674</file>
         <name>rtdx.o674</name>
      </input_file>
      <input_file id="fl-97">
         <path>C:\CCStudio_v7\bios_5_42_02_10\packages\ti\bios\lib\</path>
         <kind>archive</kind>
         <file>bios.a674</file>
         <name>swi.o674</name>
      </input_file>
      <input_file id="fl-98">
         <path>C:\CCStudio_v7\bios_5_42_02_10\packages\ti\bios\lib\</path>
         <kind>archive</kind>
         <file>bios6748.a674</file>
         <name>bcache_init.o674</name>
      </input_file>
      <input_file id="fl-99">
         <path>C:\CCStudio_v7\bios_5_42_02_10\packages\ti\bios\lib\</path>
         <kind>archive</kind>
         <file>bios6748.a674</file>
         <name>clk_gethtime.o674</name>
      </input_file>
      <input_file id="fl-9a">
         <path>C:\CCStudio_v7\bios_5_42_02_10\packages\ti\bios\lib\</path>
         <kind>archive</kind>
         <file>bios.a674</file>
         <name>fxn_c.o674</name>
      </input_file>
      <input_file id="fl-9b">
         <path>C:\CCStudio_v7\bios_5_42_02_10\packages\ti\bios\lib\</path>
         <kind>archive</kind>
         <file>bios.a674</file>
         <name>knl_tick.o674</name>
      </input_file>
      <input_file id="fl-9c">
         <path>C:\CCStudio_v7\bios_5_42_02_10\packages\ti\bios\lib\</path>
         <kind>archive</kind>
         <file>bios.a674</file>
         <name>utl_doab.o674</name>
      </input_file>
      <input_file id="fl-9d">
         <path>C:\CCStudio_v7\bios_5_42_02_10\packages\ti\bios\lib\</path>
         <kind>archive</kind>
         <file>bios.a674</file>
         <name>utl_doer.o674</name>
      </input_file>
      <input_file id="fl-9e">
         <path>C:\CCStudio_v7\bios_5_42_02_10\packages\ti\bios\lib\</path>
         <kind>archive</kind>
         <file>bios.a674</file>
         <name>utl_putc.o674</name>
      </input_file>
      <input_file id="fl-9f">
         <path>C:\CCStudio_v7\bios_5_42_02_10\packages\ti\bios\lib\</path>
         <kind>archive</kind>
         <file>bios.a674</file>
         <name>utl_halt.o674</name>
      </input_file>
      <input_file id="fl-a0">
         <path>C:\CCStudio_v7\bios_5_42_02_10\packages\ti\bios\lib\</path>
         <kind>archive</kind>
         <file>bios6748.a674</file>
         <name>clk.o674</name>
      </input_file>
      <input_file id="fl-a1">
         <path>C:\CCStudio_v7\bios_5_42_02_10\packages\ti\bios\lib\</path>
         <kind>archive</kind>
         <file>bios.a674</file>
         <name>fxn.o674</name>
      </input_file>
      <input_file id="fl-a2">
         <path>C:\CCStudio_v7\bios_5_42_02_10\packages\ti\bios\lib\</path>
         <kind>archive</kind>
         <file>bios.a674</file>
         <name>boot.o674</name>
      </input_file>
      <input_file id="fl-a3">
         <path>C:\CCStudio_v7\bios_5_42_02_10\packages\ti\bios\lib\</path>
         <kind>archive</kind>
         <file>bios.a674</file>
         <name>trc.o674</name>
      </input_file>
      <input_file id="fl-a4">
         <path>C:\CCStudio_v7\bios_5_42_02_10\packages\ti\bios\lib\</path>
         <kind>archive</kind>
         <file>bios.a674</file>
         <name>hwi.o674</name>
      </input_file>
      <input_file id="fl-a5">
         <path>C:\CCStudio_v7\bios_5_42_02_10\packages\ti\bios\lib\</path>
         <kind>archive</kind>
         <file>bios.a674</file>
         <name>idl_busy.o674</name>
      </input_file>
      <input_file id="fl-a6">
         <path>C:\CCStudio_v7\bios_5_42_02_10\packages\ti\bios\lib\</path>
         <kind>archive</kind>
         <file>bios6748.a674</file>
         <name>idl_cal.o674</name>
      </input_file>
      <input_file id="fl-a7">
         <path>C:\CCStudio_v7\bios_5_42_02_10\packages\ti\bios\lib\</path>
         <kind>archive</kind>
         <file>bios.a674</file>
         <name>idl.o674</name>
      </input_file>
      <input_file id="fl-a8">
         <path>C:\CCStudio_v7\bios_5_42_02_10\packages\ti\bios\lib\</path>
         <kind>archive</kind>
         <file>bios.a674</file>
         <name>knl_swit.o674</name>
      </input_file>
      <input_file id="fl-a9">
         <path>C:\CCStudio_v7\bios_5_42_02_10\packages\ti\bios\lib\</path>
         <kind>archive</kind>
         <file>bios.a674</file>
         <name>log.o674</name>
      </input_file>
      <input_file id="fl-aa">
         <path>C:\CCStudio_v7\bios_5_42_02_10\packages\ti\bios\lib\</path>
         <kind>archive</kind>
         <file>bios.a674</file>
         <name>pip.o674</name>
      </input_file>
      <input_file id="fl-ab">
         <path>C:\CCStudio_v7\bios_5_42_02_10\packages\ti\bios\lib\</path>
         <kind>archive</kind>
         <file>bios.a674</file>
         <name>prd.o674</name>
      </input_file>
      <input_file id="fl-ac">
         <path>C:\CCStudio_v7\bios_5_42_02_10\packages\ti\bios\lib\</path>
         <kind>archive</kind>
         <file>bios.a674</file>
         <name>rta.o674</name>
      </input_file>
      <input_file id="fl-ad">
         <path>C:\CCStudio_v7\bios_5_42_02_10\packages\ti\bios\lib\</path>
         <kind>archive</kind>
         <file>bios.a674</file>
         <name>rta_andn.o674</name>
      </input_file>
      <input_file id="fl-ae">
         <path>C:\CCStudio_v7\bios_5_42_02_10\packages\ti\bios\lib\</path>
         <kind>archive</kind>
         <file>bios.a674</file>
         <name>sts.o674</name>
      </input_file>
      <input_file id="fl-af">
         <path>C:\CCStudio_v7\bios_5_42_02_10\packages\ti\bios\lib\</path>
         <kind>archive</kind>
         <file>bios6748.a674</file>
         <name>bcache_block.o674</name>
      </input_file>
      <input_file id="fl-b0">
         <path>C:\CCStudio_v7\bios_5_42_02_10\packages\ti\bios\lib\</path>
         <kind>archive</kind>
         <file>bios6748.a674</file>
         <name>bcache_wait.o674</name>
      </input_file>
      <input_file id="fl-b1">
         <path>C:\CCStudio_v7\bios_5_42_02_10\packages\ti\bios\lib\</path>
         <kind>archive</kind>
         <file>bios.a674</file>
         <name>clk_data.o674</name>
      </input_file>
      <input_file id="fl-b2">
         <path>C:\CCStudio_v7\bios_5_42_02_10\packages\ti\bios\lib\</path>
         <kind>archive</kind>
         <file>bios.a674</file>
         <name>clk_getltime.o674</name>
      </input_file>
      <input_file id="fl-b3">
         <path>C:\CCStudio_v7\bios_5_42_02_10\packages\ti\bios\lib\</path>
         <kind>archive</kind>
         <file>bios.a674</file>
         <name>clk_data2.o674</name>
      </input_file>
      <input_file id="fl-b4">
         <path>C:\CCStudio_v7\bios_5_42_02_10\packages\ti\bios\lib\</path>
         <kind>archive</kind>
         <file>bios6748.a674</file>
         <name>clk_data.o674</name>
      </input_file>
      <input_file id="fl-b5">
         <path>C:\CCStudio_v7\bios_5_42_02_10\packages\ti\bios\lib\</path>
         <kind>archive</kind>
         <file>bios6748.a674</file>
         <name>clk_meas.o674</name>
      </input_file>
      <input_file id="fl-b6">
         <path>C:\tliu61_xz7\_shared\bsl\lib\</path>
         <kind>archive</kind>
         <file>evmomapl138_bsl.lib</file>
         <name>evmomapl138.obj</name>
      </input_file>
      <input_file id="fl-b7">
         <path>C:\CCStudio_v7\bios_5_42_02_10\packages\ti\bios\lib\</path>
         <kind>archive</kind>
         <file>bios.a674</file>
         <name>exc_asm.o674</name>
      </input_file>
      <input_file id="fl-b8">
         <path>C:\CCStudio_v7\bios_5_42_02_10\packages\ti\bios\lib\</path>
         <kind>archive</kind>
         <file>bios.a674</file>
         <name>exc.o674</name>
      </input_file>
      <input_file id="fl-b9">
         <path>C:\CCStudio_v7\bios_5_42_02_10\packages\ti\bios\lib\</path>
         <kind>archive</kind>
         <file>bios.a674</file>
         <name>gbl_cacheinit64P.o674</name>
      </input_file>
      <input_file id="fl-ba">
         <path>C:\CCStudio_v7\bios_5_42_02_10\packages\ti\bios\lib\</path>
         <kind>archive</kind>
         <file>bios.a674</file>
         <name>gbl_vers.o674</name>
      </input_file>
      <input_file id="fl-bb">
         <path>C:\tliu61_xz7\_shared\bsl\lib\</path>
         <kind>archive</kind>
         <file>evmomapl138_bsl.lib</file>
         <name>evmomapl138_gpio.obj</name>
      </input_file>
      <input_file id="fl-bc">
         <path>C:\CCStudio_v7\bios_5_42_02_10\packages\ti\rtdx\lib\c6000\</path>
         <kind>archive</kind>
         <file>rtdx64xplus.lib</file>
         <name>rtdx_mon.o64P</name>
      </input_file>
      <input_file id="fl-bd">
         <path>C:\CCStudio_v7\bios_5_42_02_10\packages\ti\bios\lib\</path>
         <kind>archive</kind>
         <file>bios.a674</file>
         <name>hwi_c.o674</name>
      </input_file>
      <input_file id="fl-be">
         <path>C:\tliu61_xz7\_shared\bsl\lib\</path>
         <kind>archive</kind>
         <file>evmomapl138_bsl.lib</file>
         <name>evmomapl138_i2c_gpio.obj</name>
      </input_file>
      <input_file id="fl-bf">
         <path>C:\tliu61_xz7\_shared\bsl\lib\</path>
         <kind>archive</kind>
         <file>evmomapl138_bsl.lib</file>
         <name>evmomapl138_i2c.obj</name>
      </input_file>
      <input_file id="fl-c0">
         <path>C:\CCStudio_v7\bios_5_42_02_10\packages\ti\bios\lib\</path>
         <kind>archive</kind>
         <file>bios.a674</file>
         <name>knl.o674</name>
      </input_file>
      <input_file id="fl-c1">
         <path>C:\CCStudio_v7\bios_5_42_02_10\packages\ti\bios\lib\</path>
         <kind>archive</kind>
         <file>bios.a674</file>
         <name>knl_exit.o674</name>
      </input_file>
      <input_file id="fl-c2">
         <path>C:\CCStudio_v7\bios_5_42_02_10\packages\ti\bios\lib\</path>
         <kind>archive</kind>
         <file>bios.a674</file>
         <name>knl_chec.o674</name>
      </input_file>
      <input_file id="fl-c3">
         <path>C:\CCStudio_v7\bios_5_42_02_10\packages\ti\bios\lib\</path>
         <kind>archive</kind>
         <file>bios.a674</file>
         <name>knl_post.o674</name>
      </input_file>
      <input_file id="fl-c4">
         <path>C:\CCStudio_v7\bios_5_42_02_10\packages\ti\bios\lib\</path>
         <kind>archive</kind>
         <file>bios.a674</file>
         <name>knl_ipos.o674</name>
      </input_file>
      <input_file id="fl-c5">
         <path>C:\CCStudio_v7\bios_5_42_02_10\packages\ti\bios\lib\</path>
         <kind>archive</kind>
         <file>bios.a674</file>
         <name>knl_run.o674</name>
      </input_file>
      <input_file id="fl-c6">
         <path>C:\CCStudio_v7\bios_5_42_02_10\packages\ti\bios\lib\</path>
         <kind>archive</kind>
         <file>bios.a674</file>
         <name>mem_asm.o674</name>
      </input_file>
      <input_file id="fl-c7">
         <path>C:\CCStudio_v7\bios_5_42_02_10\packages\ti\bios\lib\</path>
         <kind>archive</kind>
         <file>bios.a674</file>
         <name>mem_init.o674</name>
      </input_file>
      <input_file id="fl-c8">
         <path>C:\CCStudio_v7\bios_5_42_02_10\packages\ti\bios\lib\</path>
         <kind>archive</kind>
         <file>bios.a674</file>
         <name>obj_init.o674</name>
      </input_file>
      <input_file id="fl-c9">
         <path>C:\CCStudio_v7\bios_5_42_02_10\packages\ti\rtdx\lib\c6000\</path>
         <kind>archive</kind>
         <file>rtdx64xplus.lib</file>
         <name>buffer2.o64P</name>
      </input_file>
      <input_file id="fl-ca">
         <path>C:\CCStudio_v7\bios_5_42_02_10\packages\ti\rtdx\lib\c6000\</path>
         <kind>archive</kind>
         <file>rtdx64xplus.lib</file>
         <name>buffer1.o64P</name>
      </input_file>
      <input_file id="fl-cb">
         <path>C:\CCStudio_v7\bios_5_42_02_10\packages\ti\rtdx\lib\c6000\</path>
         <kind>archive</kind>
         <file>rtdx64xplus.lib</file>
         <name>intr_tgt.o64P</name>
      </input_file>
      <input_file id="fl-cc">
         <path>C:\CCStudio_v7\bios_5_42_02_10\packages\ti\rtdx\lib\c6000\</path>
         <kind>archive</kind>
         <file>rtdx64xplus.lib</file>
         <name>memfill.o64P</name>
      </input_file>
      <input_file id="fl-cd">
         <path>C:\CCStudio_v7\bios_5_42_02_10\packages\ti\bios\lib\</path>
         <kind>archive</kind>
         <file>bios.a674</file>
         <name>sem_pend_counting.o674</name>
      </input_file>
      <input_file id="fl-ce">
         <path>C:\CCStudio_v7\bios_5_42_02_10\packages\ti\bios\lib\</path>
         <kind>archive</kind>
         <file>bios.a674</file>
         <name>sem_pend.o674</name>
      </input_file>
      <input_file id="fl-cf">
         <path>C:\CCStudio_v7\bios_5_42_02_10\packages\ti\bios\lib\</path>
         <kind>archive</kind>
         <file>bios.a674</file>
         <name>sem_post_asm.o674</name>
      </input_file>
      <input_file id="fl-d0">
         <path>C:\CCStudio_v7\bios_5_42_02_10\packages\ti\bios\lib\</path>
         <kind>archive</kind>
         <file>bios.a674</file>
         <name>sem_post.o674</name>
      </input_file>
      <input_file id="fl-d1">
         <path>C:\tliu61_xz7\_shared\bsl\lib\</path>
         <kind>archive</kind>
         <file>evmomapl138_bsl.lib</file>
         <name>evmomapl138_spi.obj</name>
      </input_file>
      <input_file id="fl-d2">
         <path>C:\CCStudio_v7\bios_5_42_02_10\packages\ti\bios\lib\</path>
         <kind>archive</kind>
         <file>bios.a674</file>
         <name>sts_set.o674</name>
      </input_file>
      <input_file id="fl-d3">
         <path>C:\CCStudio_v7\bios_5_42_02_10\packages\ti\bios\lib\</path>
         <kind>archive</kind>
         <file>bios.a674</file>
         <name>sys_abor.o674</name>
      </input_file>
      <input_file id="fl-d4">
         <path>C:\CCStudio_v7\bios_5_42_02_10\packages\ti\bios\lib\</path>
         <kind>archive</kind>
         <file>bios.a674</file>
         <name>tsk.o674</name>
      </input_file>
      <input_file id="fl-d5">
         <path>C:\CCStudio_v7\bios_5_42_02_10\packages\ti\bios\lib\</path>
         <kind>archive</kind>
         <file>bios.a674</file>
         <name>tsk_exit.o674</name>
      </input_file>
      <input_file id="fl-d6">
         <path>C:\CCStudio_v7\bios_5_42_02_10\packages\ti\bios\lib\</path>
         <kind>archive</kind>
         <file>bios.a674</file>
         <name>sys_exit.o674</name>
      </input_file>
      <input_file id="fl-d7">
         <path>C:\CCStudio_v7\bios_5_42_02_10\packages\ti\bios\lib\</path>
         <kind>archive</kind>
         <file>bios.a674</file>
         <name>sys.o674</name>
      </input_file>
      <input_file id="fl-d8">
         <path>C:\CCStudio_v7\bios_5_42_02_10\packages\ti\bios\lib\</path>
         <kind>archive</kind>
         <file>bios.a674</file>
         <name>tsk_init.o674</name>
      </input_file>
      <input_file id="fl-d9">
         <path>C:\CCStudio_v7\bios_5_42_02_10\packages\ti\bios\lib\</path>
         <kind>archive</kind>
         <file>bios.a674</file>
         <name>tsk_setu.o674</name>
      </input_file>
      <input_file id="fl-da">
         <path>C:\CCStudio_v7\bios_5_42_02_10\packages\ti\bios\lib\</path>
         <kind>archive</kind>
         <file>bios.a674</file>
         <name>tsk_stup.o674</name>
      </input_file>
      <input_file id="fl-db">
         <path>C:\CCStudio_v7\bios_5_42_02_10\packages\ti\bios\lib\</path>
         <kind>archive</kind>
         <file>bios.a674</file>
         <name>lck.o674</name>
      </input_file>
      <input_file id="fl-dc">
         <path>C:\tliu61_xz7\_shared\bsl\lib\</path>
         <kind>archive</kind>
         <file>evmomapl138_bsl.lib</file>
         <name>evmomapl138_uart.obj</name>
      </input_file>
      <input_file id="fl-dd">
         <path>C:\tliu61_xz7\_shared\bsl\lib\</path>
         <kind>archive</kind>
         <file>evmomapl138_bsl.lib</file>
         <name>evmomapl138_timer.obj</name>
      </input_file>
      <input_file id="fl-de">
         <path>C:\tliu61_xz7\_shared\bsl\lib\</path>
         <kind>archive</kind>
         <file>evmomapl138_bsl.lib</file>
         <name>evmomapl138_vpif.obj</name>
      </input_file>
      <input_file id="fl-df">
         <path>C:\CCStudio_v7\bios_5_42_02_10\packages\ti\bios\lib\</path>
         <kind>archive</kind>
         <file>bios.a674</file>
         <name>sem_dopo.o674</name>
      </input_file>
      <input_file id="fl-e0">
         <path>C:\CCStudio_v7\bios_5_42_02_10\packages\ti\bios\lib\</path>
         <kind>archive</kind>
         <file>bios.a674</file>
         <name>autoinit.o674</name>
      </input_file>
      <input_file id="fl-e1">
         <path>C:\tliu61_xz7\_shared\c67xmathlib_2_01_00_00\lib\</path>
         <kind>archive</kind>
         <file>c674xfastMath.lib</file>
         <name>divdp.obj</name>
      </input_file>
      <input_file id="fl-e2">
         <path>C:\tliu61_xz7\_shared\c67xmathlib_2_01_00_00\lib\</path>
         <kind>archive</kind>
         <file>c674xfastMath.lib</file>
         <name>divsp.obj</name>
      </input_file>
      <input_file id="fl-e3">
         <path>C:\CCStudio_v7\ccsv7\tools\compiler\c6000_7.4.22\lib\</path>
         <kind>archive</kind>
         <file>rts6740.lib</file>
         <name>divi.obj</name>
      </input_file>
      <input_file id="fl-e4">
         <path>C:\CCStudio_v7\ccsv7\tools\compiler\c6000_7.4.22\lib\</path>
         <kind>archive</kind>
         <file>rts6740.lib</file>
         <name>divu.obj</name>
      </input_file>
      <input_file id="fl-e5">
         <path>C:\CCStudio_v7\ccsv7\tools\compiler\c6000_7.4.22\lib\</path>
         <kind>archive</kind>
         <file>rts6740.lib</file>
         <name>_lock.obj</name>
      </input_file>
      <input_file id="fl-e6">
         <path>C:\CCStudio_v7\ccsv7\tools\compiler\c6000_7.4.22\lib\</path>
         <kind>archive</kind>
         <file>rts6740.lib</file>
         <name>remi.obj</name>
      </input_file>
      <input_file id="fl-e7">
         <path>C:\CCStudio_v7\ccsv7\tools\compiler\c6000_7.4.22\lib\</path>
         <kind>archive</kind>
         <file>rts6740.lib</file>
         <name>imath40.obj</name>
      </input_file>
      <input_file id="fl-e8">
         <path>C:\CCStudio_v7\ccsv7\tools\compiler\c6000_7.4.22\lib\</path>
         <kind>archive</kind>
         <file>rts6740.lib</file>
         <name>strasg.obj</name>
      </input_file>
      <input_file id="fl-e9">
         <path>C:\tliu61_xz7\_shared\c67xmathlib_2_01_00_00\lib\</path>
         <kind>archive</kind>
         <file>c674xfastMath.lib</file>
         <name>atan2sp.obj</name>
      </input_file>
      <input_file id="fl-ea">
         <path>C:\CCStudio_v7\ccsv7\tools\compiler\c6000_7.4.22\lib\</path>
         <kind>archive</kind>
         <file>rts6740.lib</file>
         <name>atexit.obj</name>
      </input_file>
      <input_file id="fl-eb">
         <path>C:\CCStudio_v7\ccsv7\tools\compiler\c6000_7.4.22\lib\</path>
         <kind>archive</kind>
         <file>rts6740.lib</file>
         <name>sinit.obj</name>
      </input_file>
      <input_file id="fl-ec">
         <path>C:\CCStudio_v7\ccsv7\tools\compiler\c6000_7.4.22\lib\</path>
         <kind>archive</kind>
         <file>rts6740.lib</file>
         <name>exit.obj</name>
      </input_file>
      <input_file id="fl-ed">
         <path>C:\CCStudio_v7\ccsv7\tools\compiler\c6000_7.4.22\lib\</path>
         <kind>archive</kind>
         <file>rts6740.lib</file>
         <name>atoi.obj</name>
      </input_file>
      <input_file id="fl-ee">
         <path>C:\CCStudio_v7\ccsv7\tools\compiler\c6000_7.4.22\lib\</path>
         <kind>archive</kind>
         <file>rts6740.lib</file>
         <name>ctype.obj</name>
      </input_file>
      <input_file id="fl-ef">
         <path>C:\tliu61_xz7\_shared\c67xmathlib_2_01_00_00\lib\</path>
         <kind>archive</kind>
         <file>c674xfastMath.lib</file>
         <name>cosdp.obj</name>
      </input_file>
      <input_file id="fl-f0">
         <path>C:\tliu61_xz7\_shared\c67xmathlib_2_01_00_00\lib\</path>
         <kind>archive</kind>
         <file>c674xfastMath.lib</file>
         <name>cossp.obj</name>
      </input_file>
      <input_file id="fl-f1">
         <path>C:\CCStudio_v7\ccsv7\tools\compiler\c6000_7.4.22\lib\</path>
         <kind>archive</kind>
         <file>rts6740.lib</file>
         <name>errno.obj</name>
      </input_file>
      <input_file id="fl-f2">
         <path>C:\CCStudio_v7\ccsv7\tools\compiler\c6000_7.4.22\lib\</path>
         <kind>archive</kind>
         <file>rts6740.lib</file>
         <name>fmodf.obj</name>
      </input_file>
      <input_file id="fl-f3">
         <path>C:\CCStudio_v7\ccsv7\tools\compiler\c6000_7.4.22\lib\</path>
         <kind>archive</kind>
         <file>rts6740.lib</file>
         <name>roundf.obj</name>
      </input_file>
      <input_file id="fl-f4">
         <path>C:\CCStudio_v7\ccsv7\tools\compiler\c6000_7.4.22\lib\</path>
         <kind>archive</kind>
         <file>rts6740.lib</file>
         <name>truncf.obj</name>
      </input_file>
      <input_file id="fl-f5">
         <path>C:\CCStudio_v7\ccsv7\tools\compiler\c6000_7.4.22\lib\</path>
         <kind>archive</kind>
         <file>rts6740.lib</file>
         <name>frexpf.obj</name>
      </input_file>
      <input_file id="fl-f6">
         <path>C:\CCStudio_v7\ccsv7\tools\compiler\c6000_7.4.22\lib\</path>
         <kind>archive</kind>
         <file>rts6740.lib</file>
         <name>ldexpf.obj</name>
      </input_file>
      <input_file id="fl-f7">
         <path>C:\CCStudio_v7\ccsv7\tools\compiler\c6000_7.4.22\lib\</path>
         <kind>archive</kind>
         <file>rts6740.lib</file>
         <name>memcpy64.obj</name>
      </input_file>
      <input_file id="fl-f8">
         <path>C:\CCStudio_v7\ccsv7\tools\compiler\c6000_7.4.22\lib\</path>
         <kind>archive</kind>
         <file>rts6740.lib</file>
         <name>modff.obj</name>
      </input_file>
      <input_file id="fl-f9">
         <path>C:\CCStudio_v7\ccsv7\tools\compiler\c6000_7.4.22\lib\</path>
         <kind>archive</kind>
         <file>rts6740.lib</file>
         <name>printf.obj</name>
      </input_file>
      <input_file id="fl-fa">
         <path>C:\CCStudio_v7\ccsv7\tools\compiler\c6000_7.4.22\lib\</path>
         <kind>archive</kind>
         <file>rts6740.lib</file>
         <name>defs.obj</name>
      </input_file>
      <input_file id="fl-fb">
         <path>C:\CCStudio_v7\ccsv7\tools\compiler\c6000_7.4.22\lib\</path>
         <kind>archive</kind>
         <file>rts6740.lib</file>
         <name>_printfi.obj</name>
      </input_file>
      <input_file id="fl-fc">
         <path>C:\CCStudio_v7\ccsv7\tools\compiler\c6000_7.4.22\lib\</path>
         <kind>archive</kind>
         <file>rts6740.lib</file>
         <name>isinf.obj</name>
      </input_file>
      <input_file id="fl-fd">
         <path>C:\CCStudio_v7\ccsv7\tools\compiler\c6000_7.4.22\lib\</path>
         <kind>archive</kind>
         <file>rts6740.lib</file>
         <name>imath64.obj</name>
      </input_file>
      <input_file id="fl-fe">
         <path>C:\CCStudio_v7\ccsv7\tools\compiler\c6000_7.4.22\lib\</path>
         <kind>archive</kind>
         <file>rts6740.lib</file>
         <name>fixdli.obj</name>
      </input_file>
      <input_file id="fl-ff">
         <path>C:\CCStudio_v7\ccsv7\tools\compiler\c6000_7.4.22\lib\</path>
         <kind>archive</kind>
         <file>rts6740.lib</file>
         <name>fltlid.obj</name>
      </input_file>
      <input_file id="fl-100">
         <path>C:\CCStudio_v7\ccsv7\tools\compiler\c6000_7.4.22\lib\</path>
         <kind>archive</kind>
         <file>rts6740.lib</file>
         <name>llshift.obj</name>
      </input_file>
      <input_file id="fl-101">
         <path>C:\CCStudio_v7\ccsv7\tools\compiler\c6000_7.4.22\lib\</path>
         <kind>archive</kind>
         <file>rts6740.lib</file>
         <name>negll.obj</name>
      </input_file>
      <input_file id="fl-102">
         <path>C:\CCStudio_v7\ccsv7\tools\compiler\c6000_7.4.22\lib\</path>
         <kind>archive</kind>
         <file>rts6740.lib</file>
         <name>fputc.obj</name>
      </input_file>
      <input_file id="fl-103">
         <path>C:\CCStudio_v7\ccsv7\tools\compiler\c6000_7.4.22\lib\</path>
         <kind>archive</kind>
         <file>rts6740.lib</file>
         <name>fflush.obj</name>
      </input_file>
      <input_file id="fl-104">
         <path>C:\CCStudio_v7\ccsv7\tools\compiler\c6000_7.4.22\lib\</path>
         <kind>archive</kind>
         <file>rts6740.lib</file>
         <name>_io_perm.obj</name>
      </input_file>
      <input_file id="fl-105">
         <path>C:\CCStudio_v7\ccsv7\tools\compiler\c6000_7.4.22\lib\</path>
         <kind>archive</kind>
         <file>rts6740.lib</file>
         <name>fputs.obj</name>
      </input_file>
      <input_file id="fl-106">
         <path>C:\CCStudio_v7\ccsv7\tools\compiler\c6000_7.4.22\lib\</path>
         <kind>archive</kind>
         <file>rts6740.lib</file>
         <name>fseek.obj</name>
      </input_file>
      <input_file id="fl-107">
         <path>C:\CCStudio_v7\ccsv7\tools\compiler\c6000_7.4.22\lib\</path>
         <kind>archive</kind>
         <file>rts6740.lib</file>
         <name>abs.obj</name>
      </input_file>
      <input_file id="fl-108">
         <path>C:\CCStudio_v7\ccsv7\tools\compiler\c6000_7.4.22\lib\</path>
         <kind>archive</kind>
         <file>rts6740.lib</file>
         <name>lowlev.obj</name>
      </input_file>
      <input_file id="fl-109">
         <path>C:\CCStudio_v7\ccsv7\tools\compiler\c6000_7.4.22\lib\</path>
         <kind>archive</kind>
         <file>rts6740.lib</file>
         <name>trgdrv.obj</name>
      </input_file>
      <input_file id="fl-10a">
         <path>C:\CCStudio_v7\ccsv7\tools\compiler\c6000_7.4.22\lib\</path>
         <kind>archive</kind>
         <file>rts6740.lib</file>
         <name>ltoa.obj</name>
      </input_file>
      <input_file id="fl-10b">
         <path>C:\CCStudio_v7\ccsv7\tools\compiler\c6000_7.4.22\lib\</path>
         <kind>archive</kind>
         <file>rts6740.lib</file>
         <name>memccpy.obj</name>
      </input_file>
      <input_file id="fl-10c">
         <path>C:\CCStudio_v7\ccsv7\tools\compiler\c6000_7.4.22\lib\</path>
         <kind>archive</kind>
         <file>rts6740.lib</file>
         <name>memset.obj</name>
      </input_file>
      <input_file id="fl-10d">
         <path>C:\CCStudio_v7\ccsv7\tools\compiler\c6000_7.4.22\lib\</path>
         <kind>archive</kind>
         <file>rts6740.lib</file>
         <name>trgmsg.obj</name>
      </input_file>
      <input_file id="fl-10e">
         <path>C:\CCStudio_v7\ccsv7\tools\compiler\c6000_7.4.22\lib\</path>
         <kind>archive</kind>
         <file>rts6740.lib</file>
         <name>setvbuf.obj</name>
      </input_file>
      <input_file id="fl-10f">
         <path>C:\CCStudio_v7\ccsv7\tools\compiler\c6000_7.4.22\lib\</path>
         <kind>archive</kind>
         <file>rts6740.lib</file>
         <name>fopen.obj</name>
      </input_file>
      <input_file id="fl-110">
         <path>C:\CCStudio_v7\ccsv7\tools\compiler\c6000_7.4.22\lib\</path>
         <kind>archive</kind>
         <file>rts6740.lib</file>
         <name>fclose.obj</name>
      </input_file>
      <input_file id="fl-111">
         <path>C:\CCStudio_v7\bios_5_42_02_10\packages\ti\bios\lib\</path>
         <kind>archive</kind>
         <file>bios.a674</file>
         <name>malloc.o674</name>
      </input_file>
      <input_file id="fl-112">
         <path>C:\CCStudio_v7\bios_5_42_02_10\packages\ti\bios\lib\</path>
         <kind>archive</kind>
         <file>bios.a674</file>
         <name>mem_allo.o674</name>
      </input_file>
      <input_file id="fl-113">
         <path>C:\CCStudio_v7\bios_5_42_02_10\packages\ti\bios\lib\</path>
         <kind>archive</kind>
         <file>bios.a674</file>
         <name>mem_free.o674</name>
      </input_file>
      <input_file id="fl-114">
         <path>C:\CCStudio_v7\bios_5_42_02_10\packages\ti\bios\lib\</path>
         <kind>archive</kind>
         <file>bios.a674</file>
         <name>sys_erro.o674</name>
      </input_file>
      <input_file id="fl-115">
         <path>C:\CCStudio_v7\ccsv7\tools\compiler\c6000_7.4.22\lib\</path>
         <kind>archive</kind>
         <file>rts6740.lib</file>
         <name>remove.obj</name>
      </input_file>
      <input_file id="fl-116">
         <path>C:\tliu61_xz7\_shared\c67xmathlib_2_01_00_00\lib\</path>
         <kind>archive</kind>
         <file>c674xfastMath.lib</file>
         <name>sindp.obj</name>
      </input_file>
      <input_file id="fl-117">
         <path>C:\tliu61_xz7\_shared\c67xmathlib_2_01_00_00\lib\</path>
         <kind>archive</kind>
         <file>c674xfastMath.lib</file>
         <name>sinsp.obj</name>
      </input_file>
      <input_file id="fl-118">
         <path>C:\CCStudio_v7\ccsv7\tools\compiler\c6000_7.4.22\lib\</path>
         <kind>archive</kind>
         <file>rts6740.lib</file>
         <name>sprintf.obj</name>
      </input_file>
      <input_file id="fl-119">
         <path>C:\tliu61_xz7\_shared\c67xmathlib_2_01_00_00\lib\</path>
         <kind>archive</kind>
         <file>c674xfastMath.lib</file>
         <name>sqrtdp.obj</name>
      </input_file>
      <input_file id="fl-11a">
         <path>C:\tliu61_xz7\_shared\c67xmathlib_2_01_00_00\lib\</path>
         <kind>archive</kind>
         <file>c674xfastMath.lib</file>
         <name>sqrtsp.obj</name>
      </input_file>
      <input_file id="fl-11b">
         <path>C:\CCStudio_v7\ccsv7\tools\compiler\c6000_7.4.22\lib\</path>
         <kind>archive</kind>
         <file>rts6740.lib</file>
         <name>sscanf.obj</name>
      </input_file>
      <input_file id="fl-11c">
         <path>C:\CCStudio_v7\ccsv7\tools\compiler\c6000_7.4.22\lib\</path>
         <kind>archive</kind>
         <file>rts6740.lib</file>
         <name>_scanfi.obj</name>
      </input_file>
      <input_file id="fl-11d">
         <path>C:\CCStudio_v7\ccsv7\tools\compiler\c6000_7.4.22\lib\</path>
         <kind>archive</kind>
         <file>rts6740.lib</file>
         <name>strtod.obj</name>
      </input_file>
      <input_file id="fl-11e">
         <path>C:\CCStudio_v7\ccsv7\tools\compiler\c6000_7.4.22\lib\</path>
         <kind>archive</kind>
         <file>rts6740.lib</file>
         <name>strtol.obj</name>
      </input_file>
      <input_file id="fl-11f">
         <path>C:\CCStudio_v7\ccsv7\tools\compiler\c6000_7.4.22\lib\</path>
         <kind>archive</kind>
         <file>rts6740.lib</file>
         <name>strtold.obj</name>
      </input_file>
      <input_file id="fl-120">
         <path>C:\CCStudio_v7\ccsv7\tools\compiler\c6000_7.4.22\lib\</path>
         <kind>archive</kind>
         <file>rts6740.lib</file>
         <name>strtoll.obj</name>
      </input_file>
      <input_file id="fl-121">
         <path>C:\CCStudio_v7\ccsv7\tools\compiler\c6000_7.4.22\lib\</path>
         <kind>archive</kind>
         <file>rts6740.lib</file>
         <name>strtoul.obj</name>
      </input_file>
      <input_file id="fl-122">
         <path>C:\CCStudio_v7\ccsv7\tools\compiler\c6000_7.4.22\lib\</path>
         <kind>archive</kind>
         <file>rts6740.lib</file>
         <name>strtoull.obj</name>
      </input_file>
      <input_file id="fl-123">
         <path>C:\CCStudio_v7\ccsv7\tools\compiler\c6000_7.4.22\lib\</path>
         <kind>archive</kind>
         <file>rts6740.lib</file>
         <name>vsprintf.obj</name>
      </input_file>
   </input_file_list>
   <object_component_list>
      <object_component id="oc-a0">
         <name>.vers</name>
         <load_address>0x0</load_address>
         <run_address>0x0</run_address>
         <size>0x3c</size>
         <input_file_ref idref="fl-9"/>
      </object_component>
      <object_component id="oc-8a">
         <name>.clk</name>
         <uninitialized>true</uninitialized>
         <run_address>0x11824c58</run_address>
         <size>0x8</size>
         <input_file_ref idref="fl-9"/>
      </object_component>
      <object_component id="oc-8b">
         <name>.prd</name>
         <uninitialized>true</uninitialized>
         <run_address>0x118173a0</run_address>
         <size>0x40</size>
         <input_file_ref idref="fl-9"/>
      </object_component>
      <object_component id="oc-93">
         <name>.swi</name>
         <uninitialized>true</uninitialized>
         <run_address>0x11834c20</run_address>
         <size>0xdc</size>
         <input_file_ref idref="fl-9"/>
      </object_component>
      <object_component id="oc-94">
         <name>.tsk</name>
         <uninitialized>true</uninitialized>
         <run_address>0x11830e60</run_address>
         <size>0x180</size>
         <input_file_ref idref="fl-9"/>
      </object_component>
      <object_component id="oc-9a">
         <name>.idl</name>
         <uninitialized>true</uninitialized>
         <run_address>0x118173f0</run_address>
         <size>0x10</size>
         <input_file_ref idref="fl-9"/>
      </object_component>
      <object_component id="oc-99">
         <name>.idlcal</name>
         <uninitialized>true</uninitialized>
         <run_address>0x11824c48</run_address>
         <size>0x10</size>
         <input_file_ref idref="fl-9"/>
      </object_component>
      <object_component id="oc-4f">
         <name>.bss</name>
         <uninitialized>true</uninitialized>
         <run_address>0x11832e48</run_address>
         <size>0x38</size>
         <input_file_ref idref="fl-9"/>
      </object_component>
      <object_component id="oc-57">
         <name>.bss</name>
         <uninitialized>true</uninitialized>
         <run_address>0x11832cd4</run_address>
         <size>0x88</size>
         <input_file_ref idref="fl-2"/>
      </object_component>
      <object_component id="oc-5e">
         <name>.bss</name>
         <uninitialized>true</uninitialized>
         <run_address>0x11832e10</run_address>
         <size>0x38</size>
         <input_file_ref idref="fl-3"/>
      </object_component>
      <object_component id="oc-65">
         <name>.bss</name>
         <uninitialized>true</uninitialized>
         <run_address>0x11832f0c</run_address>
         <size>0xb</size>
         <input_file_ref idref="fl-4"/>
      </object_component>
      <object_component id="oc-6c">
         <name>.bss</name>
         <uninitialized>true</uninitialized>
         <run_address>0x1183296c</run_address>
         <size>0x100</size>
         <input_file_ref idref="fl-5"/>
      </object_component>
      <object_component id="oc-73">
         <name>.bss</name>
         <uninitialized>true</uninitialized>
         <run_address>0x11832f18</run_address>
         <size>0x8</size>
         <input_file_ref idref="fl-6"/>
      </object_component>
      <object_component id="oc-79">
         <name>.bss</name>
         <uninitialized>true</uninitialized>
         <run_address>0x11832d5c</run_address>
         <size>0x6c</size>
         <input_file_ref idref="fl-7"/>
      </object_component>
      <object_component id="oc-a6">
         <name>.bss</name>
         <uninitialized>true</uninitialized>
         <run_address>0x11832f40</run_address>
         <size>0x4</size>
         <input_file_ref idref="fl-b"/>
      </object_component>
      <object_component id="oc-b0">
         <name>.bss</name>
         <uninitialized>true</uninitialized>
         <run_address>0x11832800</run_address>
         <size>0x16c</size>
         <input_file_ref idref="fl-d"/>
      </object_component>
      <object_component id="oc-bc">
         <name>.bss</name>
         <uninitialized>true</uninitialized>
         <run_address>0x11832b6c</run_address>
         <size>0xcc</size>
         <input_file_ref idref="fl-93"/>
      </object_component>
      <object_component id="oc-be">
         <name>.bss</name>
         <uninitialized>true</uninitialized>
         <run_address>0x11832a6c</run_address>
         <size>0x100</size>
         <input_file_ref idref="fl-94"/>
      </object_component>
      <object_component id="oc-c5">
         <name>.bss</name>
         <uninitialized>true</uninitialized>
         <run_address>0x11832eb8</run_address>
         <size>0x18</size>
         <input_file_ref idref="fl-96"/>
      </object_component>
      <object_component id="oc-cb">
         <name>.bss</name>
         <uninitialized>true</uninitialized>
         <run_address>0x11832c38</run_address>
         <size>0x9c</size>
         <input_file_ref idref="fl-97"/>
      </object_component>
      <object_component id="oc-fc">
         <name>.bss</name>
         <uninitialized>true</uninitialized>
         <run_address>0x11832ea0</run_address>
         <size>0x18</size>
         <input_file_ref idref="fl-a4"/>
      </object_component>
      <object_component id="oc-fe">
         <name>.bss</name>
         <uninitialized>true</uninitialized>
         <run_address>0x11832f34</run_address>
         <size>0x4</size>
         <input_file_ref idref="fl-a5"/>
      </object_component>
      <object_component id="oc-132">
         <name>.bss</name>
         <uninitialized>true</uninitialized>
         <run_address>0x11832f20</run_address>
         <size>0x8</size>
         <input_file_ref idref="fl-b1"/>
      </object_component>
      <object_component id="oc-139">
         <name>.bss</name>
         <uninitialized>true</uninitialized>
         <run_address>0x11832f30</run_address>
         <size>0x4</size>
         <input_file_ref idref="fl-b3"/>
      </object_component>
      <object_component id="oc-148">
         <name>.bss</name>
         <uninitialized>true</uninitialized>
         <run_address>0x11832e80</run_address>
         <size>0x20</size>
         <input_file_ref idref="fl-b7"/>
      </object_component>
      <object_component id="oc-14e">
         <name>.bss</name>
         <uninitialized>true</uninitialized>
         <run_address>0x11832ed0</run_address>
         <size>0x10</size>
         <input_file_ref idref="fl-b8"/>
      </object_component>
      <object_component id="oc-160">
         <name>.bss</name>
         <uninitialized>true</uninitialized>
         <run_address>0x11832ef0</run_address>
         <size>0x10</size>
         <input_file_ref idref="fl-bc"/>
      </object_component>
      <object_component id="oc-170">
         <name>.bss</name>
         <uninitialized>true</uninitialized>
         <run_address>0x11832f3c</run_address>
         <size>0x4</size>
         <input_file_ref idref="fl-bf"/>
      </object_component>
      <object_component id="oc-175">
         <name>.bss</name>
         <uninitialized>true</uninitialized>
         <run_address>0x11832dc8</run_address>
         <size>0x48</size>
         <input_file_ref idref="fl-c0"/>
      </object_component>
      <object_component id="oc-18a">
         <name>.bss</name>
         <uninitialized>true</uninitialized>
         <run_address>0x11832f38</run_address>
         <size>0x4</size>
         <input_file_ref idref="fl-c6"/>
      </object_component>
      <object_component id="oc-196">
         <name>.bss</name>
         <uninitialized>true</uninitialized>
         <run_address>0x11832ee0</run_address>
         <size>0x10</size>
         <input_file_ref idref="fl-ca"/>
      </object_component>
      <object_component id="oc-1bd">
         <name>.bss</name>
         <uninitialized>true</uninitialized>
         <run_address>0x11832f00</run_address>
         <size>0xc</size>
         <input_file_ref idref="fl-d4"/>
      </object_component>
      <object_component id="oc-1c9">
         <name>.bss</name>
         <uninitialized>true</uninitialized>
         <run_address>0x11832f28</run_address>
         <size>0x8</size>
         <input_file_ref idref="fl-d7"/>
      </object_component>
      <object_component id="oc-92">
         <name>.hwi_vec</name>
         <load_address>0x11834400</load_address>
         <run_address>0x11834400</run_address>
         <size>0x200</size>
         <input_file_ref idref="fl-9"/>
      </object_component>
      <object_component id="oc-5a">
         <name>.far</name>
         <uninitialized>true</uninitialized>
         <run_address>0x11823310</run_address>
         <size>0xfa0</size>
         <input_file_ref idref="fl-2"/>
      </object_component>
      <object_component id="oc-61">
         <name>.far</name>
         <uninitialized>true</uninitialized>
         <run_address>0x11824780</run_address>
         <size>0x168</size>
         <input_file_ref idref="fl-3"/>
      </object_component>
      <object_component id="oc-6f">
         <name>.far</name>
         <uninitialized>true</uninitialized>
         <run_address>0x118202c8</run_address>
         <size>0x1a24</size>
         <input_file_ref idref="fl-5"/>
      </object_component>
      <object_component id="oc-7c">
         <name>.far</name>
         <uninitialized>true</uninitialized>
         <run_address>0x11821cf0</run_address>
         <size>0x1620</size>
         <input_file_ref idref="fl-7"/>
      </object_component>
      <object_component id="oc-b3">
         <name>.far</name>
         <uninitialized>true</uninitialized>
         <run_address>0x11817400</run_address>
         <size>0x8ec4</size>
         <input_file_ref idref="fl-d"/>
      </object_component>
      <object_component id="oc-db">
         <name>.far</name>
         <uninitialized>true</uninitialized>
         <run_address>0x11824c0c</run_address>
         <size>0x10</size>
         <input_file_ref idref="fl-9b"/>
      </object_component>
      <object_component id="oc-e8">
         <name>.far</name>
         <uninitialized>true</uninitialized>
         <run_address>0x11824c1c</run_address>
         <size>0xc</size>
         <input_file_ref idref="fl-9e"/>
      </object_component>
      <object_component id="oc-12f">
         <name>.far</name>
         <uninitialized>true</uninitialized>
         <run_address>0x118202c4</run_address>
         <size>0x4</size>
         <input_file_ref idref="fl-b0"/>
      </object_component>
      <object_component id="oc-13d">
         <name>.far</name>
         <uninitialized>true</uninitialized>
         <run_address>0x11821cec</run_address>
         <size>0x4</size>
         <input_file_ref idref="fl-b4"/>
      </object_component>
      <object_component id="oc-151">
         <name>.far</name>
         <uninitialized>true</uninitialized>
         <run_address>0x11824bfc</run_address>
         <size>0x10</size>
         <input_file_ref idref="fl-b8"/>
      </object_component>
      <object_component id="oc-164">
         <name>.far</name>
         <uninitialized>true</uninitialized>
         <run_address>0x11824be4</run_address>
         <size>0x18</size>
         <input_file_ref idref="fl-bc"/>
      </object_component>
      <object_component id="oc-178">
         <name>.far</name>
         <uninitialized>true</uninitialized>
         <run_address>0x11824a08</run_address>
         <size>0xd8</size>
         <input_file_ref idref="fl-c0"/>
      </object_component>
      <object_component id="oc-190">
         <name>.far</name>
         <uninitialized>true</uninitialized>
         <run_address>0x11824b40</run_address>
         <size>0x54</size>
         <input_file_ref idref="fl-c8"/>
      </object_component>
      <object_component id="oc-1c0">
         <name>.far</name>
         <uninitialized>true</uninitialized>
         <run_address>0x11824ae0</run_address>
         <size>0x5c</size>
         <input_file_ref idref="fl-d4"/>
      </object_component>
      <object_component id="oc-1cc">
         <name>.far</name>
         <uninitialized>true</uninitialized>
         <run_address>0x11824760</run_address>
         <size>0x20</size>
         <input_file_ref idref="fl-d7"/>
      </object_component>
      <object_component id="oc-1d6">
         <name>.far</name>
         <uninitialized>true</uninitialized>
         <run_address>0x11824b94</run_address>
         <size>0x50</size>
         <input_file_ref idref="fl-da"/>
      </object_component>
      <object_component id="oc-200">
         <name>.far</name>
         <uninitialized>true</uninitialized>
         <run_address>0x11824c34</run_address>
         <size>0x8</size>
         <input_file_ref idref="fl-e5"/>
      </object_component>
      <object_component id="oc-212">
         <name>.far</name>
         <uninitialized>true</uninitialized>
         <run_address>0x118245d8</run_address>
         <size>0x188</size>
         <input_file_ref idref="fl-ea"/>
      </object_component>
      <object_component id="oc-217">
         <name>.far</name>
         <uninitialized>true</uninitialized>
         <run_address>0x11824b3c</run_address>
         <size>0x4</size>
         <input_file_ref idref="fl-eb"/>
      </object_component>
      <object_component id="oc-21c">
         <name>.far</name>
         <uninitialized>true</uninitialized>
         <run_address>0x11824c28</run_address>
         <size>0xc</size>
         <input_file_ref idref="fl-ec"/>
      </object_component>
      <object_component id="oc-22f">
         <name>.far</name>
         <uninitialized>true</uninitialized>
         <run_address>0x118245d4</run_address>
         <size>0x4</size>
         <input_file_ref idref="fl-f1"/>
      </object_component>
      <object_component id="oc-24b">
         <name>.far</name>
         <uninitialized>true</uninitialized>
         <run_address>0x118242b0</run_address>
         <size>0x324</size>
         <input_file_ref idref="fl-fa"/>
      </object_component>
      <object_component id="oc-278">
         <name>.far</name>
         <uninitialized>true</uninitialized>
         <run_address>0x118248e8</run_address>
         <size>0x11c</size>
         <input_file_ref idref="fl-108"/>
      </object_component>
      <object_component id="oc-27c">
         <name>.far</name>
         <uninitialized>true</uninitialized>
         <run_address>0x11824c40</run_address>
         <size>0x8</size>
         <input_file_ref idref="fl-109"/>
      </object_component>
      <object_component id="oc-291">
         <name>.far</name>
         <uninitialized>true</uninitialized>
         <run_address>0x11824a04</run_address>
         <size>0x4</size>
         <input_file_ref idref="fl-10f"/>
      </object_component>
      <object_component id="oc-9e">
         <name>.sem</name>
         <uninitialized>true</uninitialized>
         <run_address>0x11835020</run_address>
         <size>0x2c</size>
         <input_file_ref idref="fl-9"/>
      </object_component>
      <object_component id="oc-86">
         <name>.mem</name>
         <uninitialized>true</uninitialized>
         <run_address>0x1182f298</run_address>
         <size>0x4</size>
         <input_file_ref idref="fl-9"/>
      </object_component>
      <object_component id="oc-c7">
         <name>.bios</name>
         <load_address>0x11824c60</load_address>
         <run_address>0x11824c60</run_address>
         <size>0x5c0</size>
         <input_file_ref idref="fl-96"/>
      </object_component>
      <object_component id="oc-2e8">
         <name>.bios</name>
         <load_address>0x11825220</load_address>
         <run_address>0x11825220</run_address>
         <size>0x580</size>
         <input_file_ref idref="fl-b8"/>
      </object_component>
      <object_component id="oc-50">
         <name>.bios</name>
         <load_address>0x118257a0</load_address>
         <run_address>0x118257a0</run_address>
         <size>0x4e0</size>
         <input_file_ref idref="fl-94"/>
      </object_component>
      <object_component id="oc-4e">
         <name>.bios</name>
         <load_address>0x11825c80</load_address>
         <run_address>0x11825c80</run_address>
         <size>0x4c0</size>
         <input_file_ref idref="fl-97"/>
      </object_component>
      <object_component id="oc-119">
         <name>.bios</name>
         <load_address>0x11826140</load_address>
         <run_address>0x11826140</run_address>
         <size>0x380</size>
         <input_file_ref idref="fl-ab"/>
      </object_component>
      <object_component id="oc-37c">
         <name>.bios</name>
         <load_address>0x118264c0</load_address>
         <run_address>0x118264c0</run_address>
         <size>0x280</size>
         <input_file_ref idref="fl-111"/>
      </object_component>
      <object_component id="oc-11e">
         <name>.bios</name>
         <load_address>0x11826740</load_address>
         <run_address>0x11826740</run_address>
         <size>0x280</size>
         <input_file_ref idref="fl-ac"/>
      </object_component>
      <object_component id="oc-2e0">
         <name>.bios</name>
         <load_address>0x118269c0</load_address>
         <run_address>0x118269c0</run_address>
         <size>0x240</size>
         <input_file_ref idref="fl-c5"/>
      </object_component>
      <object_component id="oc-382">
         <name>.bios:.near</name>
         <load_address>0x11826c00</load_address>
         <run_address>0x11826c00</run_address>
         <size>0x200</size>
         <input_file_ref idref="fl-112"/>
      </object_component>
      <object_component id="oc-53">
         <name>.bios</name>
         <load_address>0x11826e00</load_address>
         <run_address>0x11826e00</run_address>
         <size>0x200</size>
         <input_file_ref idref="fl-9b"/>
      </object_component>
      <object_component id="oc-381">
         <name>.bios:.near</name>
         <load_address>0x11827000</load_address>
         <run_address>0x11827000</run_address>
         <size>0x1e0</size>
         <input_file_ref idref="fl-113"/>
      </object_component>
      <object_component id="oc-14a">
         <name>.bios</name>
         <load_address>0x118271e0</load_address>
         <run_address>0x118271e0</run_address>
         <size>0x1e0</size>
         <input_file_ref idref="fl-b7"/>
      </object_component>
      <object_component id="oc-115">
         <name>.bios</name>
         <load_address>0x118273c0</load_address>
         <run_address>0x118273c0</run_address>
         <size>0x1e0</size>
         <input_file_ref idref="fl-aa"/>
      </object_component>
      <object_component id="oc-2f0">
         <name>.bios</name>
         <load_address>0x118275a0</load_address>
         <run_address>0x118275a0</run_address>
         <size>0x1e0</size>
         <input_file_ref idref="fl-ce"/>
      </object_component>
      <object_component id="oc-2e5">
         <name>.bios</name>
         <load_address>0x11827780</load_address>
         <run_address>0x11827780</run_address>
         <size>0x1a0</size>
         <input_file_ref idref="fl-df"/>
      </object_component>
      <object_component id="oc-2ea">
         <name>.bios</name>
         <load_address>0x11827920</load_address>
         <run_address>0x11827920</run_address>
         <size>0x1a0</size>
         <input_file_ref idref="fl-d9"/>
      </object_component>
      <object_component id="oc-ee">
         <name>.bios</name>
         <load_address>0x11827ac0</load_address>
         <run_address>0x11827ac0</run_address>
         <size>0x1a0</size>
         <input_file_ref idref="fl-a0"/>
      </object_component>
      <object_component id="oc-10d">
         <name>.bios</name>
         <load_address>0x11827c60</load_address>
         <run_address>0x11827c60</run_address>
         <size>0x180</size>
         <input_file_ref idref="fl-a8"/>
      </object_component>
      <object_component id="oc-2fd">
         <name>.bios</name>
         <load_address>0x11827de0</load_address>
         <run_address>0x11827de0</run_address>
         <size>0x180</size>
         <input_file_ref idref="fl-af"/>
      </object_component>
      <object_component id="oc-2d7">
         <name>.bios</name>
         <load_address>0x11827f60</load_address>
         <run_address>0x11827f60</run_address>
         <size>0x140</size>
         <input_file_ref idref="fl-e0"/>
      </object_component>
      <object_component id="oc-2e3">
         <name>.bios</name>
         <load_address>0x118280a0</load_address>
         <run_address>0x118280a0</run_address>
         <size>0x140</size>
         <input_file_ref idref="fl-d5"/>
      </object_component>
      <object_component id="oc-318">
         <name>.bios</name>
         <load_address>0x118281e0</load_address>
         <run_address>0x118281e0</run_address>
         <size>0x140</size>
         <input_file_ref idref="fl-98"/>
      </object_component>
      <object_component id="oc-2e6">
         <name>.bios</name>
         <load_address>0x11828320</load_address>
         <run_address>0x11828320</run_address>
         <size>0x120</size>
         <input_file_ref idref="fl-b9"/>
      </object_component>
      <object_component id="oc-17d">
         <name>.bios</name>
         <load_address>0x11828440</load_address>
         <run_address>0x11828440</run_address>
         <size>0x120</size>
         <input_file_ref idref="fl-c2"/>
      </object_component>
      <object_component id="oc-2eb">
         <name>.bios</name>
         <load_address>0x11828560</load_address>
         <run_address>0x11828560</run_address>
         <size>0x120</size>
         <input_file_ref idref="fl-da"/>
      </object_component>
      <object_component id="oc-1ab">
         <name>.bios</name>
         <load_address>0x11828680</load_address>
         <run_address>0x11828680</run_address>
         <size>0xe0</size>
         <input_file_ref idref="fl-cf"/>
      </object_component>
      <object_component id="oc-2e2">
         <name>.bios</name>
         <load_address>0x11828760</load_address>
         <run_address>0x11828760</run_address>
         <size>0xc0</size>
         <input_file_ref idref="fl-c1"/>
      </object_component>
      <object_component id="oc-2f2">
         <name>.bios</name>
         <load_address>0x11828820</load_address>
         <run_address>0x11828820</run_address>
         <size>0xa0</size>
         <input_file_ref idref="fl-d0"/>
      </object_component>
      <object_component id="oc-314">
         <name>.bios</name>
         <load_address>0x118288c0</load_address>
         <run_address>0x118288c0</run_address>
         <size>0xa0</size>
         <input_file_ref idref="fl-d6"/>
      </object_component>
      <object_component id="oc-2f1">
         <name>.bios</name>
         <load_address>0x11828960</load_address>
         <run_address>0x11828960</run_address>
         <size>0x80</size>
         <input_file_ref idref="fl-c4"/>
      </object_component>
      <object_component id="oc-2d9">
         <name>.bios</name>
         <load_address>0x118289e0</load_address>
         <run_address>0x118289e0</run_address>
         <size>0x80</size>
         <input_file_ref idref="fl-c3"/>
      </object_component>
      <object_component id="oc-31a">
         <name>.bios</name>
         <load_address>0x11828a60</load_address>
         <run_address>0x11828a60</run_address>
         <size>0x80</size>
         <input_file_ref idref="fl-db"/>
      </object_component>
      <object_component id="oc-111">
         <name>.bios</name>
         <load_address>0x11828ae0</load_address>
         <run_address>0x11828ae0</run_address>
         <size>0x80</size>
         <input_file_ref idref="fl-a9"/>
      </object_component>
      <object_component id="oc-325">
         <name>.bios</name>
         <load_address>0x11828b60</load_address>
         <run_address>0x11828b60</run_address>
         <size>0x80</size>
         <input_file_ref idref="fl-b0"/>
      </object_component>
      <object_component id="oc-104">
         <name>.bios</name>
         <load_address>0x11828be0</load_address>
         <run_address>0x11828be0</run_address>
         <size>0x80</size>
         <input_file_ref idref="fl-a6"/>
      </object_component>
      <object_component id="oc-384">
         <name>.bios:.near</name>
         <load_address>0x11828c60</load_address>
         <run_address>0x11828c60</run_address>
         <size>0x60</size>
         <input_file_ref idref="fl-114"/>
      </object_component>
      <object_component id="oc-f2">
         <name>.bios</name>
         <load_address>0x11828cc0</load_address>
         <run_address>0x11828cc0</run_address>
         <size>0x60</size>
         <input_file_ref idref="fl-a1"/>
      </object_component>
      <object_component id="oc-168">
         <name>.bios</name>
         <load_address>0x11828d20</load_address>
         <run_address>0x11828d20</run_address>
         <size>0x60</size>
         <input_file_ref idref="fl-bd"/>
      </object_component>
      <object_component id="oc-100">
         <name>.bios</name>
         <load_address>0x11828d80</load_address>
         <run_address>0x11828d80</run_address>
         <size>0x60</size>
         <input_file_ref idref="fl-a5"/>
      </object_component>
      <object_component id="oc-1a4">
         <name>.bios</name>
         <load_address>0x11828de0</load_address>
         <run_address>0x11828de0</run_address>
         <size>0x60</size>
         <input_file_ref idref="fl-cd"/>
      </object_component>
      <object_component id="oc-126">
         <name>.bios</name>
         <load_address>0x11828e40</load_address>
         <run_address>0x11828e40</run_address>
         <size>0x60</size>
         <input_file_ref idref="fl-ae"/>
      </object_component>
      <object_component id="oc-319">
         <name>.bios</name>
         <load_address>0x11828ea0</load_address>
         <run_address>0x11828ea0</run_address>
         <size>0x60</size>
         <input_file_ref idref="fl-d3"/>
      </object_component>
      <object_component id="oc-13f">
         <name>.bios</name>
         <load_address>0x11828f00</load_address>
         <run_address>0x11828f00</run_address>
         <size>0x60</size>
         <input_file_ref idref="fl-b5"/>
      </object_component>
      <object_component id="oc-4c">
         <name>.bios</name>
         <load_address>0x11828f60</load_address>
         <run_address>0x11828f60</run_address>
         <size>0x40</size>
         <input_file_ref idref="fl-95"/>
      </object_component>
      <object_component id="oc-122">
         <name>.bios</name>
         <load_address>0x11828fa0</load_address>
         <run_address>0x11828fa0</run_address>
         <size>0x40</size>
         <input_file_ref idref="fl-ad"/>
      </object_component>
      <object_component id="oc-4b">
         <name>.bios</name>
         <load_address>0x11828fe0</load_address>
         <run_address>0x11828fe0</run_address>
         <size>0x40</size>
         <input_file_ref idref="fl-9c"/>
      </object_component>
      <object_component id="oc-52">
         <name>.bios</name>
         <load_address>0x11829020</load_address>
         <run_address>0x11829020</run_address>
         <size>0x40</size>
         <input_file_ref idref="fl-9e"/>
      </object_component>
      <object_component id="oc-135">
         <name>.bios</name>
         <load_address>0x11829060</load_address>
         <run_address>0x11829060</run_address>
         <size>0x20</size>
         <input_file_ref idref="fl-b2"/>
      </object_component>
      <object_component id="oc-56">
         <name>.bios</name>
         <load_address>0x11829080</load_address>
         <run_address>0x11829080</run_address>
         <size>0x20</size>
         <input_file_ref idref="fl-9a"/>
      </object_component>
      <object_component id="oc-158">
         <name>.bios</name>
         <load_address>0x118290a0</load_address>
         <run_address>0x118290a0</run_address>
         <size>0x20</size>
         <input_file_ref idref="fl-ba"/>
      </object_component>
      <object_component id="oc-108">
         <name>.bios</name>
         <load_address>0x118290c0</load_address>
         <run_address>0x118290c0</run_address>
         <size>0x20</size>
         <input_file_ref idref="fl-a7"/>
      </object_component>
      <object_component id="oc-1b6">
         <name>.bios</name>
         <load_address>0x118290e0</load_address>
         <run_address>0x118290e0</run_address>
         <size>0x20</size>
         <input_file_ref idref="fl-d2"/>
      </object_component>
      <object_component id="oc-55">
         <name>.bios</name>
         <load_address>0x11829100</load_address>
         <run_address>0x11829100</run_address>
         <size>0x20</size>
         <input_file_ref idref="fl-9d"/>
      </object_component>
      <object_component id="oc-54">
         <name>.bios</name>
         <load_address>0x11829120</load_address>
         <run_address>0x11829120</run_address>
         <size>0x20</size>
         <input_file_ref idref="fl-9f"/>
      </object_component>
      <object_component id="oc-51">
         <name>.bios</name>
         <load_address>0x11829140</load_address>
         <run_address>0x11829140</run_address>
         <size>0x20</size>
         <input_file_ref idref="fl-99"/>
      </object_component>
      <object_component id="oc-289">
         <name>.cio</name>
         <uninitialized>true</uninitialized>
         <run_address>0x11834a00</run_address>
         <size>0x120</size>
         <input_file_ref idref="fl-10d"/>
      </object_component>
      <object_component id="oc-225">
         <name>.data</name>
         <load_address>0x11834dc8</load_address>
         <run_address>0x11834dc8</run_address>
         <size>0x60</size>
         <input_file_ref idref="fl-ef"/>
      </object_component>
      <object_component id="oc-2a9">
         <name>.data</name>
         <load_address>0x11834e28</load_address>
         <run_address>0x11834e28</run_address>
         <size>0x60</size>
         <input_file_ref idref="fl-116"/>
      </object_component>
      <object_component id="oc-19a">
         <name>.pinit</name>
         <load_address>0x11830ff0</load_address>
         <run_address>0x11830ff0</run_address>
         <size>0x4</size>
         <input_file_ref idref="fl-ca"/>
      </object_component>
      <object_component id="oc-165">
         <name>.pinit</name>
         <load_address>0x11830ff4</load_address>
         <run_address>0x11830ff4</run_address>
         <size>0x4</size>
         <input_file_ref idref="fl-bc"/>
      </object_component>
      <object_component id="oc-89">
         <name>.sys</name>
         <uninitialized>true</uninitialized>
         <run_address>0x11830fe0</run_address>
         <size>0x10</size>
         <input_file_ref idref="fl-9"/>
      </object_component>
      <object_component id="oc-2d8">
         <name>.text</name>
         <load_address>0x11800000</load_address>
         <run_address>0x11800000</run_address>
         <size>0x44e0</size>
         <input_file_ref idref="fl-d"/>
      </object_component>
      <object_component id="oc-2e4">
         <name>.text</name>
         <load_address>0x118044e0</load_address>
         <run_address>0x118044e0</run_address>
         <size>0x2620</size>
         <input_file_ref idref="fl-7"/>
      </object_component>
      <object_component id="oc-2dc">
         <name>.text</name>
         <load_address>0x11806b00</load_address>
         <run_address>0x11806b00</run_address>
         <size>0x1440</size>
         <input_file_ref idref="fl-5"/>
      </object_component>
      <object_component id="oc-300">
         <name>.text</name>
         <load_address>0x11807f40</load_address>
         <run_address>0x11807f40</run_address>
         <size>0xf80</size>
         <input_file_ref idref="fl-b6"/>
      </object_component>
      <object_component id="oc-2e1">
         <name>.text</name>
         <load_address>0x11808ec0</load_address>
         <run_address>0x11808ec0</run_address>
         <size>0xaa0</size>
         <input_file_ref idref="fl-4"/>
      </object_component>
      <object_component id="oc-333">
         <name>.text:__scanfi</name>
         <load_address>0x11809960</load_address>
         <run_address>0x11809960</run_address>
         <size>0x900</size>
         <input_file_ref idref="fl-11c"/>
      </object_component>
      <object_component id="oc-305">
         <name>.text</name>
         <load_address>0x1180a260</load_address>
         <run_address>0x1180a260</run_address>
         <size>0x720</size>
         <input_file_ref idref="fl-8"/>
      </object_component>
      <object_component id="oc-2da">
         <name>.text</name>
         <load_address>0x1180a980</load_address>
         <run_address>0x1180a980</run_address>
         <size>0x6e0</size>
         <input_file_ref idref="fl-3"/>
      </object_component>
      <object_component id="oc-30f">
         <name>.text</name>
         <load_address>0x1180b060</load_address>
         <run_address>0x1180b060</run_address>
         <size>0x6c0</size>
         <input_file_ref idref="fl-de"/>
      </object_component>
      <object_component id="oc-349">
         <name>.text:__sset_arg</name>
         <load_address>0x1180b720</load_address>
         <run_address>0x1180b720</run_address>
         <size>0x620</size>
         <input_file_ref idref="fl-11c"/>
      </object_component>
      <object_component id="oc-36e">
         <name>.text:__getarg_diouxp</name>
         <load_address>0x1180bd40</load_address>
         <run_address>0x1180bd40</run_address>
         <size>0x580</size>
         <input_file_ref idref="fl-fb"/>
      </object_component>
      <object_component id="oc-2fc">
         <name>.text</name>
         <load_address>0x1180c2c0</load_address>
         <run_address>0x1180c2c0</run_address>
         <size>0x580</size>
         <input_file_ref idref="fl-b"/>
      </object_component>
      <object_component id="oc-34c">
         <name>.text:__setfield</name>
         <load_address>0x1180c840</load_address>
         <run_address>0x1180c840</run_address>
         <size>0x520</size>
         <input_file_ref idref="fl-fb"/>
      </object_component>
      <object_component id="oc-2dd">
         <name>.text</name>
         <load_address>0x1180cd60</load_address>
         <run_address>0x1180cd60</run_address>
         <size>0x4c0</size>
         <input_file_ref idref="fl-2"/>
      </object_component>
      <object_component id="oc-346">
         <name>.text:__sproc_int</name>
         <load_address>0x1180d220</load_address>
         <run_address>0x1180d220</run_address>
         <size>0x4c0</size>
         <input_file_ref idref="fl-11c"/>
      </object_component>
      <object_component id="oc-329">
         <name>.text</name>
         <load_address>0x1180d6e0</load_address>
         <run_address>0x1180d6e0</run_address>
         <size>0x4a0</size>
         <input_file_ref idref="fl-be"/>
      </object_component>
      <object_component id="oc-357">
         <name>.text:_strtod</name>
         <load_address>0x1180db80</load_address>
         <run_address>0x1180db80</run_address>
         <size>0x460</size>
         <input_file_ref idref="fl-11d"/>
      </object_component>
      <object_component id="oc-359">
         <name>.text:_strtol</name>
         <load_address>0x1180dfe0</load_address>
         <run_address>0x1180dfe0</run_address>
         <size>0x460</size>
         <input_file_ref idref="fl-11e"/>
      </object_component>
      <object_component id="oc-358">
         <name>.text:_strtold</name>
         <load_address>0x1180e440</load_address>
         <run_address>0x1180e440</run_address>
         <size>0x460</size>
         <input_file_ref idref="fl-11f"/>
      </object_component>
      <object_component id="oc-35a">
         <name>.text:_strtoll</name>
         <load_address>0x1180e8a0</load_address>
         <run_address>0x1180e8a0</run_address>
         <size>0x460</size>
         <input_file_ref idref="fl-120"/>
      </object_component>
      <object_component id="oc-336">
         <name>.text:__printfi</name>
         <load_address>0x1180ed00</load_address>
         <run_address>0x1180ed00</run_address>
         <size>0x440</size>
         <input_file_ref idref="fl-fb"/>
      </object_component>
      <object_component id="oc-315">
         <name>.text</name>
         <load_address>0x1180f140</load_address>
         <run_address>0x1180f140</run_address>
         <size>0x440</size>
         <input_file_ref idref="fl-dc"/>
      </object_component>
      <object_component id="oc-355">
         <name>.text:_strtoul</name>
         <load_address>0x1180f580</load_address>
         <run_address>0x1180f580</run_address>
         <size>0x400</size>
         <input_file_ref idref="fl-121"/>
      </object_component>
      <object_component id="oc-356">
         <name>.text:_strtoull</name>
         <load_address>0x1180f980</load_address>
         <run_address>0x1180f980</run_address>
         <size>0x400</size>
         <input_file_ref idref="fl-122"/>
      </object_component>
      <object_component id="oc-301">
         <name>.text</name>
         <load_address>0x1180fd80</load_address>
         <run_address>0x1180fd80</run_address>
         <size>0x400</size>
         <input_file_ref idref="fl-bf"/>
      </object_component>
      <object_component id="oc-313">
         <name>.text</name>
         <load_address>0x11810180</load_address>
         <run_address>0x11810180</run_address>
         <size>0x400</size>
         <input_file_ref idref="fl-d1"/>
      </object_component>
      <object_component id="oc-307">
         <name>.text</name>
         <load_address>0x11810580</load_address>
         <run_address>0x11810580</run_address>
         <size>0x400</size>
         <input_file_ref idref="fl-e"/>
      </object_component>
      <object_component id="oc-34f">
         <name>.text:_fputs</name>
         <load_address>0x11810980</load_address>
         <run_address>0x11810980</run_address>
         <size>0x3a0</size>
         <input_file_ref idref="fl-105"/>
      </object_component>
      <object_component id="oc-344">
         <name>.text:__sget_conv</name>
         <load_address>0x11810d20</load_address>
         <run_address>0x11810d20</run_address>
         <size>0x340</size>
         <input_file_ref idref="fl-11c"/>
      </object_component>
      <object_component id="oc-35b">
         <name>.text:__pproc_fge</name>
         <load_address>0x11811060</load_address>
         <run_address>0x11811060</run_address>
         <size>0x320</size>
         <input_file_ref idref="fl-fb"/>
      </object_component>
      <object_component id="oc-2fe">
         <name>.text</name>
         <load_address>0x11811380</load_address>
         <run_address>0x11811380</run_address>
         <size>0x300</size>
         <input_file_ref idref="fl-bb"/>
      </object_component>
      <object_component id="oc-345">
         <name>.text:__sproc_float</name>
         <load_address>0x11811680</load_address>
         <run_address>0x11811680</run_address>
         <size>0x2e0</size>
         <input_file_ref idref="fl-11c"/>
      </object_component>
      <object_component id="oc-375">
         <name>.text:_ecvt</name>
         <load_address>0x11811960</load_address>
         <run_address>0x11811960</run_address>
         <size>0x2e0</size>
         <input_file_ref idref="fl-fb"/>
      </object_component>
      <object_component id="oc-378">
         <name>.text:_fcvt</name>
         <load_address>0x11811c40</load_address>
         <run_address>0x11811c40</run_address>
         <size>0x2e0</size>
         <input_file_ref idref="fl-fb"/>
      </object_component>
      <object_component id="oc-34b">
         <name>.text:__pproc_fwp</name>
         <load_address>0x11811f20</load_address>
         <run_address>0x11811f20</run_address>
         <size>0x2c0</size>
         <input_file_ref idref="fl-fb"/>
      </object_component>
      <object_component id="oc-302">
         <name>.text:_fmodf</name>
         <load_address>0x118121e0</load_address>
         <run_address>0x118121e0</run_address>
         <size>0x2c0</size>
         <input_file_ref idref="fl-f2"/>
      </object_component>
      <object_component id="oc-361">
         <name>.text:__divull</name>
         <load_address>0x118124a0</load_address>
         <run_address>0x118124a0</run_address>
         <size>0x260</size>
         <input_file_ref idref="fl-fd"/>
      </object_component>
      <object_component id="oc-36d">
         <name>.text:__pconv_e</name>
         <load_address>0x11812700</load_address>
         <run_address>0x11812700</run_address>
         <size>0x240</size>
         <input_file_ref idref="fl-fb"/>
      </object_component>
      <object_component id="oc-35c">
         <name>.text:__pproc_diouxp</name>
         <load_address>0x11812940</load_address>
         <run_address>0x11812940</run_address>
         <size>0x240</size>
         <input_file_ref idref="fl-fb"/>
      </object_component>
      <object_component id="oc-34d">
         <name>.text:__pproc_str</name>
         <load_address>0x11812b80</load_address>
         <run_address>0x11812b80</run_address>
         <size>0x220</size>
         <input_file_ref idref="fl-fb"/>
      </object_component>
      <object_component id="oc-350">
         <name>.text:_fputc</name>
         <load_address>0x11812da0</load_address>
         <run_address>0x11812da0</run_address>
         <size>0x220</size>
         <input_file_ref idref="fl-102"/>
      </object_component>
      <object_component id="oc-36b">
         <name>.text:__pconv_g</name>
         <load_address>0x11812fc0</load_address>
         <run_address>0x11812fc0</run_address>
         <size>0x200</size>
         <input_file_ref idref="fl-fb"/>
      </object_component>
      <object_component id="oc-371">
         <name>.text:_setvbuf</name>
         <load_address>0x118131c0</load_address>
         <run_address>0x118131c0</run_address>
         <size>0x200</size>
         <input_file_ref idref="fl-10e"/>
      </object_component>
      <object_component id="oc-2ff">
         <name>.text</name>
         <load_address>0x118133c0</load_address>
         <run_address>0x118133c0</run_address>
         <size>0x1e0</size>
         <input_file_ref idref="fl-dd"/>
      </object_component>
      <object_component id="oc-377">
         <name>.text:__mcpy</name>
         <load_address>0x118135a0</load_address>
         <run_address>0x118135a0</run_address>
         <size>0x1c0</size>
         <input_file_ref idref="fl-fb"/>
      </object_component>
      <object_component id="oc-20c">
         <name>.text</name>
         <load_address>0x11813760</load_address>
         <run_address>0x11813760</run_address>
         <size>0x1c0</size>
         <input_file_ref idref="fl-e9"/>
[...]
         <name>_USTIMER_init</name>
         <value>0x1181340c</value>
         <object_component_ref idref="oc-2ff"/>
      </symbol>
      <symbol id="sm-131d">
         <name>_USTIMER_reset</name>
         <value>0x118133d4</value>
         <object_component_ref idref="oc-2ff"/>
      </symbol>
      <symbol id="sm-1342">
         <name>_VPIF_initReceive</name>
         <value>0x1180b3ec</value>
         <object_component_ref idref="oc-30f"/>
      </symbol>
      <symbol id="sm-1343">
         <name>_VPIF_initReceive_withPRU</name>
         <value>0x1180b278</value>
         <object_component_ref idref="oc-30f"/>
      </symbol>
      <symbol id="sm-1344">
         <name>_VPIF_initTransmit</name>
         <value>0x1180b060</value>
         <object_component_ref idref="oc-30f"/>
      </symbol>
      <symbol id="sm-1356">
         <name>__SEM_dopost</name>
         <value>0x11827780</value>
         <object_component_ref idref="oc-2e5"/>
      </symbol>
      <symbol id="sm-1369">
         <name>__auto_init</name>
         <value>0x11827f60</value>
         <object_component_ref idref="oc-2d7"/>
      </symbol>
      <symbol id="sm-1371">
         <name>_divdp</name>
         <value>0x11816c00</value>
         <object_component_ref idref="oc-1f0"/>
      </symbol>
      <symbol id="sm-1372">
         <name>__divd</name>
         <value>0x11816c00</value>
         <object_component_ref idref="oc-1f0"/>
      </symbol>
      <symbol id="sm-137a">
         <name>__divf</name>
         <value>0x11816f80</value>
         <object_component_ref idref="oc-1f4"/>
      </symbol>
      <symbol id="sm-137b">
         <name>_divsp</name>
         <value>0x11816f80</value>
         <object_component_ref idref="oc-1f4"/>
      </symbol>
      <symbol id="sm-1384">
         <name>__c6xabi_divi</name>
         <value>0x11815540</value>
         <object_component_ref idref="oc-30d"/>
      </symbol>
      <symbol id="sm-1385">
         <name>__divi</name>
         <value>0x11815540</value>
         <object_component_ref idref="oc-30d"/>
      </symbol>
      <symbol id="sm-138e">
         <name>__c6xabi_divu</name>
         <value>0x11815cc0</value>
         <object_component_ref idref="oc-338"/>
      </symbol>
      <symbol id="sm-138f">
         <name>__divu</name>
         <value>0x11815cc0</value>
         <object_component_ref idref="oc-338"/>
      </symbol>
      <symbol id="sm-13a1">
         <name>__unlock</name>
         <value>0x11824c38</value>
         <object_component_ref idref="oc-200"/>
      </symbol>
      <symbol id="sm-13a2">
         <name>__lock</name>
         <value>0x11824c34</value>
         <object_component_ref idref="oc-200"/>
      </symbol>
      <symbol id="sm-13a3">
         <name>__register_lock</name>
         <value>0x11817300</value>
         <object_component_ref idref="oc-31b"/>
      </symbol>
      <symbol id="sm-13a4">
         <name>__nop</name>
         <value>0x11817260</value>
         <object_component_ref idref="oc-2f3"/>
      </symbol>
      <symbol id="sm-13a5">
         <name>__register_unlock</name>
         <value>0x11817320</value>
         <object_component_ref idref="oc-31c"/>
      </symbol>
      <symbol id="sm-13ae">
         <name>__remi</name>
         <value>0x11815e40</value>
         <object_component_ref idref="oc-308"/>
      </symbol>
      <symbol id="sm-13af">
         <name>__c6xabi_remi</name>
         <value>0x11815e40</value>
         <object_component_ref idref="oc-308"/>
      </symbol>
      <symbol id="sm-13c1">
         <name>__divul</name>
         <value>0x11813ac0</value>
         <object_component_ref idref="oc-340"/>
      </symbol>
      <symbol id="sm-13c2">
         <name>__remli</name>
         <value>0x11817160</value>
         <object_component_ref idref="oc-304"/>
      </symbol>
      <symbol id="sm-13c3">
         <name>__remul</name>
         <value>0x118171a0</value>
         <object_component_ref idref="oc-367"/>
      </symbol>
      <symbol id="sm-13c4">
         <name>__divli</name>
         <value>0x11816340</value>
         <object_component_ref idref="oc-32e"/>
      </symbol>
      <symbol id="sm-13cc">
         <name>__c6xabi_strasgi_64plus</name>
         <value>0x118171e0</value>
         <object_component_ref idref="oc-324"/>
      </symbol>
      <symbol id="sm-13cd">
         <name>__strasgi_64plus</name>
         <value>0x118171e0</value>
         <object_component_ref idref="oc-324"/>
      </symbol>
      <symbol id="sm-13d7">
         <name>_atan2f</name>
         <value>0x11813760</value>
         <object_component_ref idref="oc-20c"/>
      </symbol>
      <symbol id="sm-13d8">
         <name>_atan2sp</name>
         <value>0x11813760</value>
         <object_component_ref idref="oc-20c"/>
      </symbol>
      <symbol id="sm-13ec">
         <name>_atexit</name>
         <value>0x11815f00</value>
         <object_component_ref idref="oc-321"/>
      </symbol>
      <symbol id="sm-13ed">
         <name>___atexit_func_id__</name>
         <value>0x118245d8</value>
         <object_component_ref idref="oc-212"/>
      </symbol>
      <symbol id="sm-1405">
         <name>_dtors</name>
         <value>0x11824b3c</value>
         <object_component_ref idref="oc-217"/>
      </symbol>
      <symbol id="sm-1406">
         <name>_call_dtors</name>
         <value>0x11815180</value>
         <object_component_ref idref="oc-34e"/>
      </symbol>
      <symbol id="sm-1407">
         <name>___add_dtor</name>
         <value>0x11816fe0</value>
         <object_component_ref idref="oc-33d"/>
      </symbol>
      <symbol id="sm-1413">
         <name>___TI_enable_exit_profile_output</name>
         <value>0x11824c30</value>
         <object_component_ref idref="oc-21c"/>
      </symbol>
      <symbol id="sm-1414">
         <name>__cleanup_ptr</name>
         <value>0x11824c28</value>
         <object_component_ref idref="oc-21c"/>
      </symbol>
      <symbol id="sm-1415">
         <name>__dtors_ptr</name>
         <value>0x11824c2c</value>
         <object_component_ref idref="oc-21c"/>
      </symbol>
      <symbol id="sm-1423">
         <name>_atoi</name>
         <value>0x11815620</value>
         <object_component_ref idref="oc-317"/>
      </symbol>
      <symbol id="sm-142b">
         <name>__ctypes_</name>
         <value>0x118330e0</value>
         <object_component_ref idref="oc-339"/>
      </symbol>
      <symbol id="sm-1437">
         <name>_cos</name>
         <value>0x11813f80</value>
         <object_component_ref idref="oc-224"/>
      </symbol>
      <symbol id="sm-1438">
         <name>_HPisDP</name>
         <value>0x11834dc8</value>
         <object_component_ref idref="oc-225"/>
      </symbol>
      <symbol id="sm-1439">
         <name>_cosdp</name>
         <value>0x11813f80</value>
         <object_component_ref idref="oc-224"/>
      </symbol>
      <symbol id="sm-1441">
         <name>_cossp</name>
         <value>0x11814d40</value>
         <object_component_ref idref="oc-229"/>
      </symbol>
      <symbol id="sm-1442">
         <name>_cosf</name>
         <value>0x11814d40</value>
         <object_component_ref idref="oc-229"/>
      </symbol>
      <symbol id="sm-144c">
         <name>_errno</name>
         <value>0x118245d4</value>
         <object_component_ref idref="oc-22f"/>
      </symbol>
      <symbol id="sm-1462">
         <name>_fmodf</name>
         <value>0x118121e0</value>
         <object_component_ref idref="oc-302"/>
      </symbol>
      <symbol id="sm-146c">
         <name>__roundf</name>
         <value>0x11816a80</value>
         <object_component_ref idref="oc-32c"/>
      </symbol>
      <symbol id="sm-1476">
         <name>__truncf</name>
         <value>0x11817340</value>
         <object_component_ref idref="oc-32d"/>
      </symbol>
      <symbol id="sm-1485">
         <name>_frexpf</name>
         <value>0x118157e0</value>
         <object_component_ref idref="oc-32a"/>
      </symbol>
      <symbol id="sm-1493">
         <name>_ldexpf</name>
         <value>0x11814c20</value>
         <object_component_ref idref="oc-32b"/>
      </symbol>
      <symbol id="sm-149b">
         <name>_memcpy</name>
         <value>0x118167a0</value>
         <object_component_ref idref="oc-2fb"/>
      </symbol>
      <symbol id="sm-14a6">
         <name>_modff</name>
         <value>0x11816da0</value>
         <object_component_ref idref="oc-303"/>
      </symbol>
      <symbol id="sm-14bb">
         <name>_printf</name>
         <value>0x118159a0</value>
         <object_component_ref idref="oc-328"/>
      </symbol>
      <symbol id="sm-14c5">
         <name>__tmpnams</name>
         <value>0x11824490</value>
         <object_component_ref idref="oc-24b"/>
      </symbol>
      <symbol id="sm-14c6">
         <name>__ft_end</name>
         <value>0x118245d0</value>
         <object_component_ref idref="oc-24b"/>
      </symbol>
      <symbol id="sm-14c7">
         <name>__ftable</name>
         <value>0x118242b0</value>
         <object_component_ref idref="oc-24b"/>
      </symbol>
      <symbol id="sm-15d3">
         <name>__printfi</name>
         <value>0x1180ed00</value>
         <object_component_ref idref="oc-336"/>
      </symbol>
      <symbol id="sm-15dd">
         <name>___isinf</name>
         <value>0x11817020</value>
         <object_component_ref idref="oc-36a"/>
      </symbol>
      <symbol id="sm-15f3">
         <name>__subcull</name>
         <value>0x11816ce0</value>
         <object_component_ref idref="oc-373"/>
      </symbol>
      <symbol id="sm-15f4">
         <name>__divull</name>
         <value>0x118124a0</value>
         <object_component_ref idref="oc-361"/>
      </symbol>
      <symbol id="sm-15f5">
         <name>__remull</name>
         <value>0x11816c80</value>
         <object_component_ref idref="oc-368"/>
      </symbol>
      <symbol id="sm-1602">
         <name>__fixdli</name>
         <value>0x11816520</value>
         <object_component_ref idref="oc-37e"/>
      </symbol>
      <symbol id="sm-160d">
         <name>__fltlid</name>
         <value>0x11816980</value>
         <object_component_ref idref="oc-380"/>
      </symbol>
      <symbol id="sm-161b">
         <name>__llshl</name>
         <value>0x11816a00</value>
         <object_component_ref idref="oc-372"/>
      </symbol>
      <symbol id="sm-161c">
         <name>__llshru</name>
         <value>0x118170a0</value>
         <object_component_ref idref="oc-374"/>
      </symbol>
      <symbol id="sm-1626">
         <name>__negll</name>
         <value>0x11817240</value>
         <object_component_ref idref="oc-362"/>
      </symbol>
      <symbol id="sm-1641">
         <name>_putc</name>
         <value>0x11812da0</value>
         <object_component_ref idref="oc-350"/>
      </symbol>
      <symbol id="sm-1642">
         <name>_fputc</name>
         <value>0x11812da0</value>
         <object_component_ref idref="oc-350"/>
      </symbol>
      <symbol id="sm-164f">
         <name>__doflush</name>
         <value>0x11815d80</value>
         <object_component_ref idref="oc-35f"/>
      </symbol>
      <symbol id="sm-165e">
         <name>__wrt_ok</name>
         <value>0x11815080</value>
         <object_component_ref idref="oc-35e"/>
      </symbol>
      <symbol id="sm-1680">
         <name>_fputs</name>
         <value>0x11810980</value>
         <object_component_ref idref="oc-34f"/>
      </symbol>
      <symbol id="sm-1691">
         <name>_fseek</name>
         <value>0x11814b00</value>
         <object_component_ref idref="oc-370"/>
      </symbol>
      <symbol id="sm-16d5">
         <name>_unlink</name>
         <value>0x11816b80</value>
         <object_component_ref idref="oc-387"/>
      </symbol>
      <symbol id="sm-16d6">
         <name>_lseek</name>
         <value>0x11816700</value>
         <object_component_ref idref="oc-37b"/>
      </symbol>
      <symbol id="sm-16d7">
         <name>_close</name>
         <value>0x11815700</value>
         <object_component_ref idref="oc-385"/>
      </symbol>
      <symbol id="sm-16d8">
         <name>_write</name>
         <value>0x11816840</value>
         <object_component_ref idref="oc-360"/>
      </symbol>
      <symbol id="sm-1701">
         <name>_HOSTopen</name>
         <value>0x11815380</value>
         <object_component_ref idref="oc-2f4"/>
      </symbol>
      <symbol id="sm-1702">
         <name>_HOSTread</name>
         <value>0x11815460</value>
         <object_component_ref idref="oc-2f6"/>
      </symbol>
      <symbol id="sm-1703">
         <name>_HOSTrename</name>
         <value>0x11813e00</value>
         <object_component_ref idref="oc-2fa"/>
      </symbol>
      <symbol id="sm-1704">
         <name>_HOSTwrite</name>
         <value>0x11815b40</value>
         <object_component_ref idref="oc-2f7"/>
      </symbol>
      <symbol id="sm-1705">
         <name>_HOSTlseek</name>
         <value>0x11814f80</value>
         <object_component_ref idref="oc-2f8"/>
      </symbol>
      <symbol id="sm-1706">
         <name>_HOSTunlink</name>
         <value>0x11815a80</value>
         <object_component_ref idref="oc-2f9"/>
      </symbol>
      <symbol id="sm-1707">
         <name>_HOSTclose</name>
         <value>0x11816200</value>
         <object_component_ref idref="oc-2f5"/>
      </symbol>
      <symbol id="sm-1714">
         <name>_ltoa</name>
         <value>0x11815fc0</value>
         <object_component_ref idref="oc-37f"/>
      </symbol>
      <symbol id="sm-1721">
         <name>_memccpy</name>
         <value>0x11816d40</value>
         <object_component_ref idref="oc-35d"/>
      </symbol>
      <symbol id="sm-172c">
         <name>_memset</name>
         <value>0x118158c0</value>
         <object_component_ref idref="oc-343"/>
      </symbol>
      <symbol id="sm-173c">
         <name>C$$IO$$</name>
         <value>0x11816f78</value>
         <object_component_ref idref="oc-322"/>
      </symbol>
      <symbol id="sm-173d">
         <name>__CIOBUF_</name>
         <value>0x11834a00</value>
         <object_component_ref idref="oc-289"/>
      </symbol>
      <symbol id="sm-173e">
         <name>_readmsg</name>
         <value>0x11816b00</value>
         <object_component_ref idref="oc-323"/>
      </symbol>
      <symbol id="sm-173f">
         <name>_writemsg</name>
         <value>0x11816f20</value>
         <object_component_ref idref="oc-322"/>
      </symbol>
      <symbol id="sm-1756">
         <name>_setvbuf</name>
         <value>0x118131c0</value>
         <object_component_ref idref="oc-371"/>
      </symbol>
      <symbol id="sm-1769">
         <name>__cleanup</name>
         <value>0x118162a0</value>
         <object_component_ref idref="oc-37d"/>
      </symbol>
      <symbol id="sm-177b">
         <name>__closefile</name>
         <value>0x118147a0</value>
         <object_component_ref idref="oc-383"/>
      </symbol>
      <symbol id="sm-1797">
         <name>_free</name>
         <value>0x118264c0</value>
         <object_component_ref idref="oc-37c"/>
      </symbol>
      <symbol id="sm-1798">
         <name>_calloc</name>
         <value>0x118266ec</value>
         <object_component_ref idref="oc-37c"/>
      </symbol>
      <symbol id="sm-1799">
         <name>_memalign</name>
         <value>0x11826628</value>
         <object_component_ref idref="oc-37c"/>
      </symbol>
      <symbol id="sm-179a">
         <name>_realloc</name>
         <value>0x11826544</value>
         <object_component_ref idref="oc-37c"/>
      </symbol>
      <symbol id="sm-179b">
         <name>_malloc</name>
         <value>0x118264e4</value>
         <object_component_ref idref="oc-37c"/>
      </symbol>
      <symbol id="sm-17b2">
         <name>_MEM_alloc</name>
         <value>0x11826c00</value>
         <object_component_ref idref="oc-382"/>
      </symbol>
      <symbol id="sm-17c4">
         <name>_MEM_free</name>
         <value>0x11827000</value>
         <object_component_ref idref="oc-381"/>
      </symbol>
      <symbol id="sm-17cf">
         <name>_SYS_error</name>
         <value>0x11828c60</value>
         <object_component_ref idref="oc-384"/>
      </symbol>
      <symbol id="sm-17d9">
         <name>_remove</name>
         <value>0x11817380</value>
         <object_component_ref idref="oc-386"/>
      </symbol>
      <symbol id="sm-17e5">
         <name>_sin</name>
         <value>0x11814118</value>
         <object_component_ref idref="oc-2a8"/>
      </symbol>
      <symbol id="sm-17e6">
         <name>_sindp</name>
         <value>0x11814118</value>
         <object_component_ref idref="oc-2a8"/>
      </symbol>
      <symbol id="sm-17e7">
         <name>_HPisdp</name>
         <value>0x11834e28</value>
         <object_component_ref idref="oc-2a9"/>
      </symbol>
      <symbol id="sm-17ef">
         <name>_sinf</name>
         <value>0x11814e74</value>
         <object_component_ref idref="oc-2ad"/>
      </symbol>
      <symbol id="sm-17f0">
         <name>_sinsp</name>
         <value>0x11814e74</value>
         <object_component_ref idref="oc-2ad"/>
      </symbol>
      <symbol id="sm-1800">
         <name>_sprintf</name>
         <value>0x11816e00</value>
         <object_component_ref idref="oc-30a"/>
      </symbol>
      <symbol id="sm-1808">
         <name>_sqrtdp</name>
         <value>0x11816140</value>
         <object_component_ref idref="oc-2b4"/>
      </symbol>
      <symbol id="sm-1809">
         <name>_sqrt</name>
         <value>0x11816140</value>
         <object_component_ref idref="oc-2b4"/>
      </symbol>
      <symbol id="sm-1811">
         <name>_sqrtf</name>
         <value>0x118168e0</value>
         <object_component_ref idref="oc-2b8"/>
      </symbol>
      <symbol id="sm-1812">
         <name>_sqrtsp</name>
         <value>0x118168e0</value>
         <object_component_ref idref="oc-2b8"/>
      </symbol>
      <symbol id="sm-182c">
         <name>_sscanf</name>
         <value>0x11816e60</value>
         <object_component_ref idref="oc-309"/>
      </symbol>
      <symbol id="sm-1904">
         <name>__scanfi</name>
         <value>0x11809960</value>
         <object_component_ref idref="oc-333"/>
      </symbol>
      <symbol id="sm-1929">
         <name>_strtod</name>
         <value>0x1180db80</value>
         <object_component_ref idref="oc-357"/>
      </symbol>
      <symbol id="sm-1941">
         <name>_strtol</name>
         <value>0x1180dfe0</value>
         <object_component_ref idref="oc-359"/>
      </symbol>
      <symbol id="sm-1966">
         <name>_strtold</name>
         <value>0x1180e440</value>
         <object_component_ref idref="oc-358"/>
      </symbol>
      <symbol id="sm-1981">
         <name>_strtoll</name>
         <value>0x1180e8a0</value>
         <object_component_ref idref="oc-35a"/>
      </symbol>
      <symbol id="sm-1999">
         <name>_strtoul</name>
         <value>0x1180f580</value>
         <object_component_ref idref="oc-355"/>
      </symbol>
      <symbol id="sm-19b5">
         <name>_strtoull</name>
         <value>0x1180f980</value>
         <object_component_ref idref="oc-356"/>
      </symbol>
      <symbol id="sm-19c5">
         <name>_vsprintf</name>
         <value>0x11816ec0</value>
         <object_component_ref idref="oc-32f"/>
      </symbol>
   </symbol_table>
</link_info>
