******************************************************************************
               TMS320C6x Linker PC v7.4.22                     
******************************************************************************
>> Linked Thu May 03 23:24:19 2018

OUTPUT FILE NAME:   <day123.out>
ENTRY POINT SYMBOL: "_c_int00"  address: 11833880


MEMORY CONFIGURATION

         name            origin    length      used     unused   attr    fill
----------------------  --------  ---------  --------  --------  ----  --------
  IRAM                  11800000   00038000  00035000  00003000  RWIX
  CACHE_L2              11838000   00008000  00000000  00008000  RWIX
  CACHE_L1P             11e00000   00008000  00000000  00008000  RWIX
  CACHE_L1D             11f00000   00008000  00000000  00008000  RWIX
  L3_CBA_RAM            80000000   00020000  00000000  00020000  RWIX
  DDR                   c3000000   01000000  00008000  00ff8000  RWIX


SECTION ALLOCATION MAP

 output                                  attributes/
section   page    origin      length       input sections
--------  ----  ----------  ----------   ----------------
.vers      0    00000000    0000003c     COPY SECTION
                  00000000    0000003c     day123cfg.obj (.vers)

.text      0    11800000    000173a0     
                  11800000    000044e0     user_day123.obj (.text)
                  118044e0    00002620     Ladar.obj (.text)
                  11806b00    00001440     ColorVision.obj (.text)
                  11807f40    00000f80     evmomapl138_bsl.lib : evmomapl138.obj (.text)
                  11808ec0    00000aa0     ColorLCD.obj (.text)
                  11809960    00000900     rts6740.lib : _scanfi.obj (.text:__scanfi)
                  1180a260    00000720     MatrixMath.obj (.text)
                  1180a980    000006e0     COECSL_mcbsp.obj (.text)
                  1180b060    000006c0     evmomapl138_bsl.lib : evmomapl138_vpif.obj (.text)
                  1180b720    00000620     rts6740.lib : _scanfi.obj (.text:__sset_arg)
                  1180bd40    00000580                 : _printfi.obj (.text:__getarg_diouxp)
                  1180c2c0    00000580     pQueue.obj (.text)
                  1180c840    00000520     rts6740.lib : _printfi.obj (.text:__setfield)
                  1180cd60    000004c0     COECSL_edma3.obj (.text)
                  1180d220    000004c0     rts6740.lib : _scanfi.obj (.text:__sproc_int)
                  1180d6e0    000004a0     evmomapl138_bsl.lib : evmomapl138_i2c_gpio.obj (.text)
                  1180db80    00000460     rts6740.lib : strtod.obj (.text:_strtod)
                  1180dfe0    00000460                 : strtol.obj (.text:_strtol)
                  1180e440    00000460                 : strtold.obj (.text:_strtold)
                  1180e8a0    00000460                 : strtoll.obj (.text:_strtoll)
                  1180ed00    00000440                 : _printfi.obj (.text:__printfi)
                  1180f140    00000440     evmomapl138_bsl.lib : evmomapl138_uart.obj (.text)
                  1180f580    00000400     rts6740.lib : strtoul.obj (.text:_strtoul)
                  1180f980    00000400                 : strtoull.obj (.text:_strtoull)
                  1180fd80    00000400     evmomapl138_bsl.lib : evmomapl138_i2c.obj (.text)
                  11810180    00000400                         : evmomapl138_spi.obj (.text)
                  11810580    00000400     user_xy.obj (.text)
                  11810980    000003a0     rts6740.lib : fputs.obj (.text:_fputs)
                  11810d20    00000340                 : _scanfi.obj (.text:__sget_conv)
                  11811060    00000320                 : _printfi.obj (.text:__pproc_fge)
                  11811380    00000300     evmomapl138_bsl.lib : evmomapl138_gpio.obj (.text)
                  11811680    000002e0     rts6740.lib : _scanfi.obj (.text:__sproc_float)
                  11811960    000002e0                 : _printfi.obj (.text:_ecvt)
                  11811c40    000002e0                 : _printfi.obj (.text:_fcvt)
                  11811f20    000002c0                 : _printfi.obj (.text:__pproc_fwp)
                  118121e0    000002c0                 : fmodf.obj (.text:_fmodf)
                  118124a0    00000260                 : imath64.obj (.text:__divull)
                  11812700    00000240                 : _printfi.obj (.text:__pconv_e)
                  11812940    00000240                 : _printfi.obj (.text:__pproc_diouxp)
                  11812b80    00000220                 : _printfi.obj (.text:__pproc_str)
                  11812da0    00000220                 : fputc.obj (.text:_fputc)
                  11812fc0    00000200                 : _printfi.obj (.text:__pconv_g)
                  118131c0    00000200                 : setvbuf.obj (.text:_setvbuf)
                  118133c0    000001e0     evmomapl138_bsl.lib : evmomapl138_timer.obj (.text)
                  118135a0    000001c0     rts6740.lib : _printfi.obj (.text:__mcpy)
                  11813760    000001c0     c674xfastMath.lib : atan2sp.obj (.text)
                  11813920    000001a0     LCDprintf.obj (.text)
                  11813ac0    000001a0     rts6740.lib : imath40.obj (.text:__divul)
                  11813c60    000001a0                 : _scanfi.obj (.text:__sproc_str)
                  11813e00    00000180                 : trgdrv.obj (.text:_HOSTrename)
                  11813f80    00000180     c674xfastMath.lib : cosdp.obj (.text)
                  11814100    00000180                       : sindp.obj (.text)
                  11814280    00000160     rts6740.lib : _scanfi.obj (.text:__sproc_lb)
                  118143e0    00000140                 : sscanf.obj (.text:__chkmbc)
                  11814520    00000140                 : _printfi.obj (.text:__pproc_fflags)
                  11814660    00000140                 : lowlev.obj (.text:_getdevice)
                  118147a0    00000120                 : fclose.obj (.text:__closefile)
                  118148c0    00000120                 : _printfi.obj (.text:__ltostr)
                  118149e0    00000120                 : _scanfi.obj (.text:__sget_scanset)
                  11814b00    00000120                 : fseek.obj (.text:_fseek)
                  11814c20    00000120                 : ldexpf.obj (.text:_ldexpf)
                  11814d40    00000120     c674xfastMath.lib : cossp.obj (.text)
                  11814e60    00000120                       : sinsp.obj (.text)
                  11814f80    00000100     rts6740.lib : trgdrv.obj (.text:_HOSTlseek)
                  11815080    00000100                 : _io_perm.obj (.text:__wrt_ok)
                  11815180    00000100                 : sinit.obj (.text:_call_dtors)
                  11815280    00000100     pru.obj (.text)
                  11815380    000000e0     rts6740.lib : trgdrv.obj (.text:_HOSTopen)
                  11815460    000000e0                 : trgdrv.obj (.text:_HOSTread)
                  11815540    000000e0                 : divi.obj (.text:__divi)
                  11815620    000000e0                 : atoi.obj (.text:_atoi)
                  11815700    000000e0                 : lowlev.obj (.text:_close)
                  118157e0    000000e0                 : frexpf.obj (.text:_frexpf)
                  118158c0    000000e0                 : memset.obj (.text:_memset)
                  118159a0    000000e0                 : printf.obj (.text:_printf)
                  11815a80    000000c0                 : trgdrv.obj (.text:_HOSTunlink)
                  11815b40    000000c0                 : trgdrv.obj (.text:_HOSTwrite)
                  11815c00    000000c0                 : _printfi.obj (.text:__div)
                  11815cc0    000000c0                 : divu.obj (.text:__divu)
                  11815d80    000000c0                 : fflush.obj (.text:__doflush)
                  11815e40    000000c0                 : remi.obj (.text:__remi)
                  11815f00    000000c0                 : atexit.obj (.text:_atexit)
                  11815fc0    000000c0                 : ltoa.obj (.text:_ltoa)
                  11816080    000000c0     bios.a674 : tsk_stup.o674 (.text)
                  11816140    000000c0     c674xfastMath.lib : sqrtdp.obj (.text)
                  11816200    000000a0     rts6740.lib : trgdrv.obj (.text:_HOSTclose)
                  118162a0    000000a0                 : fopen.obj (.text:__cleanup)
                  11816340    000000a0                 : imath40.obj (.text:__divli)
                  118163e0    000000a0                 : _printfi.obj (.text:__ecpy)
                  11816480    000000a0                 : _printfi.obj (.text:__fcpy)
                  11816520    000000a0                 : fixdli.obj (.text:__fixdli)
                  118165c0    000000a0                 : _printfi.obj (.text:__pconv_f)
                  11816660    000000a0                 : lowlev.obj (.text:_finddevice)
                  11816700    000000a0                 : lowlev.obj (.text:_lseek)
                  118167a0    000000a0                 : memcpy64.obj (.text:_memcpy)
                  11816840    000000a0                 : lowlev.obj (.text:_write)
                  118168e0    000000a0     c674xfastMath.lib : sqrtsp.obj (.text)
                  11816980    00000080     rts6740.lib : fltlid.obj (.text:__fltlid)
                  11816a00    00000080                 : llshift.obj (.text:__llshl)
                  11816a80    00000080                 : roundf.obj (.text:__roundf)
                  11816b00    00000080                 : trgmsg.obj (.text:_readmsg)
                  11816b80    00000080                 : lowlev.obj (.text:_unlink)
                  11816c00    00000080     c674xfastMath.lib : divdp.obj (.text)
                  11816c80    00000060     rts6740.lib : imath64.obj (.text:__remull)
                  11816ce0    00000060                 : imath64.obj (.text:__subcull)
                  11816d40    00000060                 : memccpy.obj (.text:_memccpy)
                  11816da0    00000060                 : modff.obj (.text:_modff)
                  11816e00    00000060                 : sprintf.obj (.text:_sprintf)
                  11816e60    00000060                 : sscanf.obj (.text:_sscanf)
                  11816ec0    00000060                 : vsprintf.obj (.text:_vsprintf)
                  11816f20    00000060                 : trgmsg.obj (.text:_writemsg)
                  11816f80    00000060     c674xfastMath.lib : divsp.obj (.text)
                  11816fe0    00000040     rts6740.lib : sinit.obj (.text:___add_dtor)
                  11817020    00000040                 : isinf.obj (.text:___isinf)
                  11817060    00000040                 : _printfi.obj (.text:___isnan)
                  118170a0    00000040                 : llshift.obj (.text:__llshru)
                  118170e0    00000040                 : sprintf.obj (.text:__outs)
                  11817120    00000040                 : vsprintf.obj (.text:__outs)
                  11817160    00000040                 : imath40.obj (.text:__remli)
                  118171a0    00000040                 : imath40.obj (.text:__remul)
                  118171e0    00000040                 : strasg.obj (.text:__strasgi_64plus)
                  11817220    00000020                 : sscanf.obj (.text:__inpchar)
                  11817240    00000020                 : negll.obj (.text:__negll)
                  11817260    00000020                 : _lock.obj (.text:__nop)
                  11817280    00000020                 : printf.obj (.text:__outc)
                  118172a0    00000020                 : sprintf.obj (.text:__outc)
                  118172c0    00000020                 : vsprintf.obj (.text:__outc)
                  118172e0    00000020                 : printf.obj (.text:__outs)
                  11817300    00000020                 : _lock.obj (.text:__register_lock)
                  11817320    00000020                 : _lock.obj (.text:__register_unlock)
                  11817340    00000020                 : truncf.obj (.text:__truncf)
                  11817360    00000020                 : sscanf.obj (.text:__uninpchar)
                  11817380    00000020                 : remove.obj (.text:_remove)

.prd       0    118173a0    00000040     UNINITIALIZED
                  118173a0    00000040     day123cfg.obj (.prd)

.hst1      0    118173e0    00000010     UNINITIALIZED
                  118173e0    00000010     day123cfg.obj (.hst1)

.idl       0    118173f0    00000010     UNINITIALIZED
                  118173f0    00000010     day123cfg.obj (.idl)

.far       0    11817400    0000d848     UNINITIALIZED
                  11817400    00008ec4     user_day123.obj (.far)
                  118202c4    00000004     bios6748.a674 : bcache_wait.o674 (.far)
                  118202c8    00001a24     ColorVision.obj (.far)
                  11821cec    00000004     bios6748.a674 : clk_data.o674 (.far)
                  11821cf0    00001620     Ladar.obj (.far)
                  11823310    00000fa0     COECSL_edma3.obj (.far)
                  118242b0    00000324     rts6740.lib : defs.obj (.far)
                  118245d4    00000004                 : errno.obj (.far)
                  118245d8    00000188                 : atexit.obj (.far)
                  11824760    00000020     bios.a674 : sys.o674 (.far)
                  11824780    00000168     COECSL_mcbsp.obj (.far)
                  118248e8    0000011c     rts6740.lib : lowlev.obj (.far)
                  11824a04    00000004                 : fopen.obj (.far)
                  11824a08    000000d8     bios.a674 : knl.o674 (.far)
                  11824ae0    0000005c               : tsk.o674 (.far)
                  11824b3c    00000004     rts6740.lib : sinit.obj (.far)
                  11824b40    00000054     bios.a674 : obj_init.o674 (.far)
                  11824b94    00000050               : tsk_stup.o674 (.far)
                  11824be4    00000018     rtdx64xplus.lib : rtdx_mon.o64P (.far)
                  11824bfc    00000010     bios.a674 : exc.o674 (.far)
                  11824c0c    00000010               : knl_tick.o674 (.far)
                  11824c1c    0000000c               : utl_putc.o674 (.far)
                  11824c28    0000000c     rts6740.lib : exit.obj (.far)
                  11824c34    00000008                 : _lock.obj (.far)
                  11824c3c    00000004     --HOLE--
                  11824c40    00000008                 : trgdrv.obj (.far)

.idlcal    0    11824c48    00000010     UNINITIALIZED
                  11824c48    00000010     day123cfg.obj (.idlcal)

.clk       0    11824c58    00000008     UNINITIALIZED
                  11824c58    00000008     day123cfg.obj (.clk)

.bios      0    11824c60    00004500     
                  11824c60    000005c0     lnkrtdx.a674 : rtdx.o674 (.bios)
                  11825220    00000580     bios.a674 : exc.o674 (.bios)
                  118257a0    000004e0               : hwi_disp_asm.o674 (.bios)
                  11825c80    000004c0               : swi.o674 (.bios)
                  11826140    00000380               : prd.o674 (.bios)
                  118264c0    00000280               : malloc.o674 (.bios)
                  11826740    00000280               : rta.o674 (.bios)
                  118269c0    00000240               : knl_run.o674 (.bios)
                  11826c00    00000200               : mem_allo.o674 (.bios:.near)
                  11826e00    00000200               : knl_tick.o674 (.bios)
                  11827000    000001e0               : mem_free.o674 (.bios:.near)
                  118271e0    000001e0               : exc_asm.o674 (.bios)
                  118273c0    000001e0               : pip.o674 (.bios)
                  118275a0    000001e0               : sem_pend.o674 (.bios)
                  11827780    000001a0               : sem_dopo.o674 (.bios)
                  11827920    000001a0               : tsk_setu.o674 (.bios)
                  11827ac0    000001a0     bios6748.a674 : clk.o674 (.bios)
                  11827c60    00000180     bios.a674 : knl_swit.o674 (.bios)
                  11827de0    00000180     bios6748.a674 : bcache_block.o674 (.bios)
                  11827f60    00000140     bios.a674 : autoinit.o674 (.bios)
                  118280a0    00000140               : tsk_exit.o674 (.bios)
                  118281e0    00000140     bios6748.a674 : bcache_init.o674 (.bios)
                  11828320    00000120     bios.a674 : gbl_cacheinit64P.o674 (.bios)
                  11828440    00000120               : knl_chec.o674 (.bios)
                  11828560    00000120               : tsk_stup.o674 (.bios)
                  11828680    000000e0               : sem_post_asm.o674 (.bios)
                  11828760    000000c0               : knl_exit.o674 (.bios)
                  11828820    000000a0               : sem_post.o674 (.bios)
                  118288c0    000000a0               : sys_exit.o674 (.bios)
                  11828960    00000080               : knl_ipos.o674 (.bios)
                  118289e0    00000080               : knl_post.o674 (.bios)
                  11828a60    00000080               : lck.o674 (.bios)
                  11828ae0    00000080               : log.o674 (.bios)
                  11828b60    00000080     bios6748.a674 : bcache_wait.o674 (.bios)
                  11828be0    00000080                   : idl_cal.o674 (.bios)
                  11828c60    00000060     bios.a674 : sys_erro.o674 (.bios:.near)
                  11828cc0    00000060               : fxn.o674 (.bios)
                  11828d20    00000060               : hwi_c.o674 (.bios)
                  11828d80    00000060               : idl_busy.o674 (.bios)
                  11828de0    00000060               : sem_pend_counting.o674 (.bios)
                  11828e40    00000060               : sts.o674 (.bios)
                  11828ea0    00000060               : sys_abor.o674 (.bios)
                  11828f00    00000060     bios6748.a674 : clk_meas.o674 (.bios)
                  11828f60    00000040     bios.a674 : idl_stub.o674 (.bios)
                  11828fa0    00000040               : rta_andn.o674 (.bios)
                  11828fe0    00000040               : utl_doab.o674 (.bios)
                  11829020    00000040               : utl_putc.o674 (.bios)
                  11829060    00000020               : clk_getltime.o674 (.bios)
                  11829080    00000020               : fxn_c.o674 (.bios)
                  118290a0    00000020               : gbl_vers.o674 (.bios)
                  118290c0    00000020               : idl.o674 (.bios)
                  118290e0    00000020               : sts_set.o674 (.bios)
                  11829100    00000020               : utl_doer.o674 (.bios)
                  11829120    00000020               : utl_halt.o674 (.bios)
                  11829140    00000020     bios6748.a674 : clk_gethtime.o674 (.bios)

.cinit     0    11829160    00003134     
                  11829160    000010dc     user_day123.obj (.cinit)
                  1182a23c    00000004     --HOLE-- [fill = 0]
                  1182a240    00000b9c     day123cfg.obj (.cinit)
                  1182addc    00000004     --HOLE-- [fill = 0]
                  1182ade0    00000524     ColorVision.obj (.cinit)
                  1182b304    00000004     --HOLE-- [fill = 0]
                  1182b308    000002ac     Ladar.obj (.cinit)
                  1182b5b4    00000004     --HOLE-- [fill = 0]
                  1182b5b8    0000026c     bios.a674 : biosdata.o674 (.cinit)
                  1182b824    00000004     --HOLE-- [fill = 0]
                  1182b828    000001fc     COECSL_edma3.obj (.cinit)
                  1182ba24    00000004     --HOLE-- [fill = 0]
                  1182ba28    000001a4     bios.a674 : knl.o674 (.cinit)
                  1182bbcc    00000004     --HOLE-- [fill = 0]
                  1182bbd0    000000b0               : swi.o674 (.cinit)
                  1182bc80    0000009c     COECSL_mcbsp.obj (.cinit)
                  1182bd1c    00000004     --HOLE-- [fill = 0]
                  1182bd20    00000080     bios.a674 : tsk.o674 (.cinit)
                  1182bda0    00000068     rtdx64xplus.lib : rtdx_mon.o64P (.cinit)
                  1182be08    00000060     bios.a674 : tsk_stup.o674 (.cinit)
                  1182be68    0000005c     lnkrtdx.a674 : rtdx.o674 (.cinit)
                  1182bec4    00000004     --HOLE-- [fill = 0]
                  1182bec8    0000005c     rts6740.lib : defs.obj (.cinit)
                  1182bf24    00000004     --HOLE-- [fill = 0]
                  1182bf28    0000005c                 : lowlev.obj (.cinit)
                  1182bf84    00000004     --HOLE-- [fill = 0]
                  1182bf88    0000004c     bios.a674 : rta.o674 (.cinit)
                  1182bfd4    00000004     --HOLE-- [fill = 0]
                  1182bfd8    0000004c     rtdx64xplus.lib : buffer1.o64P (.cinit)
                  1182c024    00000004     --HOLE-- [fill = 0]
                  1182c028    0000003c     bios.a674 : exc.o674 (.cinit)
                  1182c064    00000004     --HOLE-- [fill = 0]
                  1182c068    00000039     ColorLCD.obj (.cinit)
                  1182c0a1    00000007     --HOLE-- [fill = 0]
                  1182c0a8    00000034     bios.a674 : hwi.o674 (.cinit)
                  1182c0dc    00000004     --HOLE-- [fill = 0]
                  1182c0e0    0000002c               : utl_putc.o674 (.cinit)
                  1182c10c    00000004     --HOLE-- [fill = 0]
                  1182c110    0000002c     rts6740.lib : exit.obj (.cinit)
                  1182c13c    00000004     --HOLE-- [fill = 0]
                  1182c140    00000024     bios.a674 : obj_init.o674 (.cinit)
                  1182c164    00000004     --HOLE-- [fill = 0]
                  1182c168    0000001c     LCDprintf.obj (.cinit)
                  1182c184    00000004     --HOLE-- [fill = 0]
                  1182c188    0000001c     bios.a674 : exc_asm.o674 (.cinit)
                  1182c1a4    00000004     --HOLE-- [fill = 0]
                  1182c1a8    0000001c               : sys.o674 (.cinit)
                  1182c1c4    00000004     --HOLE-- [fill = 0]
                  1182c1c8    0000001c     rts6740.lib : _lock.obj (.cinit)
                  1182c1e4    00000004     --HOLE-- [fill = 0]
                  1182c1e8    0000001c                 : atexit.obj (.cinit)
                  1182c204    00000004     --HOLE-- [fill = 0]
                  1182c208    00000018     bios.a674 : knl_tick.o674 (.cinit)
                  1182c220    0000000c               : idl_busy.o674 (.cinit)
                  1182c22c    00000004     --HOLE-- [fill = 0]
                  1182c230    0000000c               : knl_swit.o674 (.cinit)
                  1182c23c    00000004     --HOLE-- [fill = 0]
                  1182c240    0000000c     bios6748.a674 : bcache_wait.o674 (.cinit)
                  1182c24c    00000004     --HOLE-- [fill = 0]
                  1182c250    0000000c     pQueue.obj (.cinit)
                  1182c25c    00000004     --HOLE-- [fill = 0]
                  1182c260    0000000c     rts6740.lib : errno.obj (.cinit)
                  1182c26c    00000004     --HOLE-- [fill = 0]
                  1182c270    0000000c                 : fopen.obj (.cinit)
                  1182c27c    00000004     --HOLE-- [fill = 0]
                  1182c280    0000000c                 : sinit.obj (.cinit)
                  1182c28c    00000004     --HOLE-- [fill = 0]
                  1182c290    00000004     (.pad.cinit) [fill = 0]

.IRAM$heap 
*          0    1182c294    00002000     UNINITIALIZED
                  1182c294    00002000     --HOLE--

.args      0    1182e294    00000004     
                  1182e294    00000004     --HOLE-- [fill = 0]

.TSK_astar$stk 
*          0    1182e298    00001000     UNINITIALIZED
                  1182e298    00001000     day123cfg.obj (.TSK_astar$stk)

.mem       0    1182f298    00000004     UNINITIALIZED
                  1182f298    00000004     day123cfg.obj (.mem)

.rtdx_text 
*          0    1182f2a0    00000fc0     
                  1182f2a0    000002a0     rtdx64xplus.lib : rtdx_mon.o64P (.rtdx_text:_HSRTDX_rec)
                  1182f540    00000260                     : buffer1.o64P (.rtdx_text:_RTDX_Buffer_WriteCB)
                  1182f7a0    00000260                     : buffer1.o64P (.rtdx_text:_RTDX_write_next)
                  1182fa00    000001a0                     : rtdx_mon.o64P (.rtdx_text:_HSRTDX_xmt)
                  1182fba0    00000160                     : rtdx_mon.o64P (.rtdx_text:_RTDX_Send_To_Host)
                  1182fd00    000000e0                     : rtdx_mon.o64P (.rtdx_text:_RTDX_Mon_Queue)
                  1182fde0    000000e0                     : buffer1.o64P (.rtdx_text:_claim)
                  1182fec0    000000a0                     : rtdx_mon.o64P (.rtdx_text:_RTDX_GetH2THeader)
                  1182ff60    000000a0                     : rtdx_mon.o64P (.rtdx_text:_RTDX_Poll)
                  11830000    00000080                     : rtdx_mon.o64P (.rtdx_text:_RTDX_Final_RT_Monitor)
                  11830080    00000060                     : buffer1.o64P (.rtdx_text:_RTDX_Buffer_Initialize)
                  118300e0    00000060                     : rtdx_mon.o64P (.rtdx_text:_RTDX_Init_RT_Monitor)
                  11830140    00000040                     : buffer2.o64P (.rtdx_text:_RTDX_Buffer_ReadCB)
                  11830180    00000040                     : buffer1.o64P (.rtdx_text:_RTDX_Buffer_Size)
                  118301c0    00000040                     : memfill.o64P (.rtdx_text:_RTDX_memfill)
                  11830200    00000020                     : buffer2.o64P (.rtdx_text:_RTDX_Buffer_Read)
                  11830220    00000020                     : buffer1.o64P (.rtdx_text:_RTDX_Buffer_Write)
                  11830240    00000020                     : intr_tgt.o64P (.rtdx_text)

.stack     0    11830260    00000c00     UNINITIALIZED
                  11830260    00000c00     --HOLE--

.tsk       0    11830e60    00000180     UNINITIALIZED
                  11830e60    00000180     day123cfg.obj (.tsk)

.sys       0    11830fe0    00000010     UNINITIALIZED
                  11830fe0    00000010     day123cfg.obj (.sys)

.pinit     0    11830ff0    0000000c     
                  11830ff0    00000004     rtdx64xplus.lib : buffer1.o64P (.pinit)
                  11830ff4    00000004                     : rtdx_mon.o64P (.pinit)
                  11830ff8    00000004     --HOLE-- [fill = 0]

.LOG_system$buf 
*          0    11831000    00000800     UNINITIALIZED
                  11831000    00000800     day123cfg.obj (.LOG_system$buf)

.TSK_ComWithLinux$stk 
*          0    11831800    00000800     UNINITIALIZED
                  11831800    00000800     day123cfg.obj (.TSK_ComWithLinux$stk)

.TSK_LADAR$stk 
*          0    11832000    00000800     UNINITIALIZED
                  11832000    00000800     day123cfg.obj (.TSK_LADAR$stk)

.bss       0    11832800    00000744     UNINITIALIZED
                  11832800    0000016c     user_day123.obj (.bss)
                  1183296c    00000100     ColorVision.obj (.bss)
                  11832a6c    00000100     bios.a674 : hwi_disp_asm.o674 (.bss)
                  11832b6c    000000cc               : biosdata.o674 (.bss)
                  11832c38    0000009c               : swi.o674 (.bss)
                  11832cd4    00000088     COECSL_edma3.obj (.bss)
                  11832d5c    0000006c     Ladar.obj (.bss)
                  11832dc8    00000048     bios.a674 : knl.o674 (.bss)
                  11832e10    00000038     COECSL_mcbsp.obj (.bss)
                  11832e48    00000038     day123cfg.obj (.bss)
                  11832e80    00000020     bios.a674 : exc_asm.o674 (.bss)
                  11832ea0    00000018               : hwi.o674 (.bss)
                  11832eb8    00000018     lnkrtdx.a674 : rtdx.o674 (.bss)
                  11832ed0    00000010     bios.a674 : exc.o674 (.bss)
                  11832ee0    00000010     rtdx64xplus.lib : buffer1.o64P (.bss)
                  11832ef0    00000010                     : rtdx_mon.o64P (.bss)
                  11832f00    0000000c     bios.a674 : tsk.o674 (.bss)
                  11832f0c    0000000b     ColorLCD.obj (.bss)
                  11832f17    00000001     --HOLE--
                  11832f18    00000008     LCDprintf.obj (.bss)
                  11832f20    00000008     bios.a674 : clk_data.o674 (.bss)
                  11832f28    00000008               : sys.o674 (.bss)
                  11832f30    00000004               : clk_data2.o674 (.bss)
                  11832f34    00000004               : idl_busy.o674 (.bss)
                  11832f38    00000004               : mem_asm.o674 (.bss)
                  11832f3c    00000004     evmomapl138_bsl.lib : evmomapl138_i2c.obj (.bss)
                  11832f40    00000004     pQueue.obj (.bss)

.const     0    11832f48    0000060c     
                  11832f48    00000193     bios.a674 : exc.o674 (.const:.string)
                  118330db    00000004               : mem_allo.o674 (.const:.string)
                  118330df    00000001     --HOLE-- [fill = 0]
                  118330e0    00000101     rts6740.lib : ctype.obj (.const:.string:__ctypes_)
                  118331e1    00000004     bios.a674 : mem_free.o674 (.const:.string)
                  118331e5    00000002     rts6740.lib : fputs.obj (.const:.string)
                  118331e7    00000001     --HOLE-- [fill = 0]
                  118331e8    00000080     evmomapl138_bsl.lib : evmomapl138.obj (.const:_bitval_u32)
                  11833268    00000050     rts6740.lib : strtod.obj (.const:_digits)
                  118332b8    00000050                 : strtold.obj (.const:_digits)
                  11833308    0000004e     bios.a674 : tsk_stup.o674 (.const:.string)
                  11833356    00000002     --HOLE-- [fill = 0]
                  11833358    00000048     rts6740.lib : strtod.obj (.const:_powerof10)
                  118333a0    00000048                 : strtold.obj (.const:_powerof10)
                  118333e8    00000044     Ladar.obj (.const:.string)
                  1183342c    00000040     evmomapl138_bsl.lib : evmomapl138.obj (.const:.string)
                  1183346c    00000040     user_day123.obj (.const:.string)
                  118334ac    00000023     bios.a674 : utl_doab.o674 (.const:.string)
                  118334cf    00000023     rts6740.lib : _printfi.obj (.const:.string)
                  118334f2    00000022     bios.a674 : utl_doer.o674 (.const:.string)
                  11833514    00000018     ColorLCD.obj (.const)
                  1183352c    00000010     evmomapl138_bsl.lib : evmomapl138_uart.obj (.const:.string)
                  1183353c    00000001     bios.a674 : tsk.o674 (.const:.string)
                  1183353d    00000003     --HOLE-- [fill = 0]
                  11833540    00000007     rts6740.lib : _scanfi.obj (.const:.string:_flit$1)
                  11833547    00000001     --HOLE-- [fill = 0]
                  11833548    00000006                 : _scanfi.obj (.const:.string:_barr$2)
                  1183354e    00000002     --HOLE-- [fill = 0]
                  11833550    00000004     Ladar.obj (.const:.string:_$P$T0$1)

.trcdata   0    11833554    0000000c     
                  11833554    0000000c     bios.a674 : trc.o674 (.trcdata)

.printf    0    11833554    0000012f     COPY SECTION
                  11833554    0000012f     day123cfg.obj (.printf)

.sysinit   0    11833560    00000500     
                  11833560    00000320     day123cfg.obj (.sysinit)
                  11833880    000000c0     bios.a674 : boot.o674 (.sysinit)
                  11833940    000000c0               : mem_init.o674 (.sysinit)
                  11833a00    00000060               : tsk_init.o674 (.sysinit)

.rtdx_data 
*          0    11833a80    000004f4     UNINITIALIZED
                  11833a80    00000080     --HOLE--
                  11833b00    00000410     day123cfg.obj (.rtdx_data)
                  11833f10    00000044     rtdx64xplus.lib : rtdx_mon.o64P (.rtdx_data)
                  11833f54    00000020                     : buffer1.o64P (.rtdx_data)

.TSK_idle$stk 
*          0    11833f78    00000400     UNINITIALIZED
                  11833f78    00000400     day123cfg.obj (.TSK_idle$stk)

.gblinit   0    11834378    00000070     
                  11834378    00000070     day123cfg.obj (.gblinit)

.hwi_vec   0    11834400    00000200     
                  11834400    00000200     day123cfg.obj (.hwi_vec)

.trace     0    11834600    00000200     
                  11834600    00000200     --HOLE-- [fill = 00000000]

.trace$buf 
*          0    11834800    00000200     UNINITIALIZED
                  11834800    00000200     day123cfg.obj (.trace$buf)

.cio       0    11834a00    00000120     UNINITIALIZED
                  11834a00    00000120     rts6740.lib : trgmsg.obj (.cio)

.hst0      0    11834b20    00000100     UNINITIALIZED
                  11834b20    00000100     day123cfg.obj (.hst0)

.swi       0    11834c20    000000dc     UNINITIALIZED
                  11834c20    000000dc     day123cfg.obj (.swi)

.pip       0    11834cfc    000000c8     UNINITIALIZED
                  11834cfc    000000c8     day123cfg.obj (.pip)

.data      0    11834dc8    000000c0     
                  11834dc8    00000060     c674xfastMath.lib : cosdp.obj (.data)
                  11834e28    00000060                       : sindp.obj (.data)

.sts       0    11834e88    000000c0     
                  11834e88    000000c0     day123cfg.obj (.sts)

.switch    0    11834f48    0000006c     
                  11834f48    00000028     rts6740.lib : _scanfi.obj (.switch:__sset_arg)
                  11834f70    00000024     evmomapl138_bsl.lib : evmomapl138_gpio.obj (.switch:_getRegisterBankAndBit)
                  11834f94    00000010                         : evmomapl138_spi.obj (.switch:_SPI_init)
                  11834fa4    00000010     ColorVision.obj (.switch:_userProcessColorImageFunc_laser)

.hst       0    11834fb4    0000003c     UNINITIALIZED
                  11834fb4    0000003c     day123cfg.obj (.hst)

.log       0    11834ff0    00000030     
                  11834ff0    00000030     day123cfg.obj (.log)

.sem       0    11835020    0000002c     UNINITIALIZED
                  11835020    0000002c     day123cfg.obj (.sem)

.DDR$heap 
*          0    c3000000    00008000     UNINITIALIZED
                  c3000000    00008000     --HOLE--


GLOBAL SYMBOLS: SORTED ALPHABETICALLY BY Name 

address    name
--------   ----
11832800   $bss
11832800   .bss
11834dc8   .data
11800000   .text
11833724   BIOS$$CLKOFF
118336e4   BIOS$$CLKON
11833560   BIOS_init
1183378c   BIOS_start
00000000   BUF$
00000001   BUF_ENABLED
11816f78   C$$IO$$
ffffffff   CACHE_L1D
ffffffff   CACHE_L1P
ffffffff   CACHE_L2
00000001   CLK$
11824c58   CLK_A_TABBEG
00000001   CLK_CALDIV
00000001   CLK_CALMULT
000493e0   CLK_COUNTSPMS
00000004   CLK_COUNTSPMSHIGH
11832b94   CLK_D_idletime
11832b90   CLK_D_isrhook
11832b8c   CLK_D_tabbeg
11832b88   CLK_D_timefxn
00000001   CLK_ENABLEHTIME
11829140   CLK_F_gethtime
11827ac0   CLK_F_getltime
11827ad0   CLK_F_isr
11827c10   CLK_F_itime
118257a0   CLK_HOOKFXN
00000001   CLK_HTIMEDIV
00000001   CLK_HTIMEMULT
000493e0   CLK_HTIMEPERLTIME
00005dc0   CLK_INPUTCLK
00008000   CLK_INTBIT
00000001   CLK_LTIMEDIV
000493e0   CLK_LTIMEMULT
000003e8   CLK_MICROSECS
00000001   CLK_POWERENABLE
00005dc0   CLK_PRD
00000000   CLK_PRDHIGH
01c21000   CLK_REGS
00000000   CLK_RESETTIMER
11832b84   CLK_R_time
00000020   CLK_TCR
00000000   CLK_TDDR
00000000   CLK_TDDRHIGH
11829140   CLK_TIMEFXN
00000001   CLK_TIMERNUM
00000005   CLK_TIMMODE
00000001   CLK_USETIMER
11824c5c   CLK_null
11832e60   DDR
c3000000   DDR$B
00008000   DDR$L
00000000   DEV$
00000000   DGN$
00000000   DHL$
00000000   DHL_gChannelsAvailable
00000000   DIO$
00000000   DIO_NUMSWIBASE
00000000   DIO_NUMTSKBASE
00000000   DIO_STATIC
00000000   DPI$
00000000   ECM$
00000000   ECM_ENABLE
ffffffff   ECM_EVTMASK0
ffffffff   ECM_EVTMASK1
ffffffff   ECM_EVTMASK2
ffffffff   ECM_EVTMASK3
0000000a   EVENT10
00000064   EVENT100
00000065   EVENT101
00000066   EVENT102
00000067   EVENT103
00000068   EVENT104
00000069   EVENT105
0000006a   EVENT106
0000006b   EVENT107
0000006c   EVENT108
0000006d   EVENT109
0000000b   EVENT11
0000006e   EVENT110
0000006f   EVENT111
00000070   EVENT112
00000071   EVENT113
00000072   EVENT114
00000073   EVENT115
00000074   EVENT116
00000075   EVENT117
00000076   EVENT118
00000077   EVENT119
0000000c   EVENT12
00000078   EVENT120
00000079   EVENT121
0000007a   EVENT122
0000007b   EVENT123
0000007c   EVENT124
0000007d   EVENT125
0000007e   EVENT126
0000007f   EVENT127
0000000d   EVENT13
0000000e   EVENT14
0000000f   EVENT15
00000010   EVENT16
00000011   EVENT17
00000012   EVENT18
00000013   EVENT19
00000014   EVENT20
00000015   EVENT21
00000016   EVENT22
00000017   EVENT23
00000018   EVENT24
00000019   EVENT25
0000001a   EVENT26
0000001b   EVENT27
0000001c   EVENT28
0000001d   EVENT29
0000001e   EVENT30
0000001f   EVENT31
00000020   EVENT32
00000021   EVENT33
00000022   EVENT34
00000023   EVENT35
00000024   EVENT36
00000025   EVENT37
00000026   EVENT38
00000027   EVENT39
00000004   EVENT4
00000028   EVENT40
00000029   EVENT41
0000002a   EVENT42
0000002b   EVENT43
0000002c   EVENT44
0000002d   EVENT45
0000002e   EVENT46
0000002f   EVENT47
00000030   EVENT48
00000031   EVENT49
00000005   EVENT5
00000032   EVENT50
00000033   EVENT51
00000034   EVENT52
00000035   EVENT53
00000036   EVENT54
00000037   EVENT55
00000038   EVENT56
00000039   EVENT57
0000003a   EVENT58
0000003b   EVENT59
00000006   EVENT6
0000003c   EVENT60
0000003d   EVENT61
0000003e   EVENT62
0000003f   EVENT63
00000040   EVENT64
00000041   EVENT65
00000042   EVENT66
00000043   EVENT67
00000044   EVENT68
00000045   EVENT69
00000007   EVENT7
00000046   EVENT70
00000047   EVENT71
00000048   EVENT72
00000049   EVENT73
0000004a   EVENT74
0000004b   EVENT75
0000004c   EVENT76
0000004d   EVENT77
0000004e   EVENT78
0000004f   EVENT79
00000008   EVENT8
00000050   EVENT80
00000051   EVENT81
00000052   EVENT82
00000053   EVENT83
00000054   EVENT84
00000055   EVENT85
00000056   EVENT86
00000057   EVENT87
00000058   EVENT88
00000059   EVENT89
00000009   EVENT9
0000005a   EVENT90
0000005b   EVENT91
0000005c   EVENT92
0000005d   EVENT93
0000005e   EVENT94
0000005f   EVENT95
00000060   EVENT96
00000061   EVENT97
00000062   EVENT98
00000063   EVENT99
11828cc0   FXN_F_nop
11828cc4   FXN_F_run
11828d00   FXN_F_zero
00000001   GBL$
00005205   GBL_A_VERSION
00000000   GBL_BCACHEREADADDR0
00000000   GBL_BCACHEREADADDR1
00000000   GBL_BCACHEREADADDR2
00000000   GBL_BIGENDIAN
00000000   GBL_CACHE
00000000   GBL_CALLCSLCFGINIT
00004e20   GBL_CLKIN
00001a5b   GBL_CLKTYPE
00001a5c   GBL_DSPSUBTYPE
0000003e   GBL_DSPTYPE
00000001   GBL_ENABLEINST
00000000   GBL_ENABLE_SK
00000042   GBL_FOOTPRINT
000493e0   GBL_FREQ
00000000   GBL_GEMTRUECOMPEN
00000007   GBL_L1DMODE
00000007   GBL_L1PMODE
00000001   GBL_L2CONFIGURE
00000000   GBL_L2MAR0_31
00000001   GBL_L2MAR128_159
00000000   GBL_L2MAR160_191
ffffffff   GBL_L2MAR192_223
00000000   GBL_L2MAR224_255
00000000   GBL_L2MAR32_63
00000000   GBL_L2MAR64_95
00000000   GBL_L2MAR96_127
00000001   GBL_L2MODE
00000000   GBL_NULL
00000000   GBL_PROCID
00000000   GBL_ROM
00000000   GBL_SUPPORTCSL
0000dbef   GBL_TRCMASKVALUE
00000000   GBL_USERINIT
11829080   GBL_USERINITFXN
00000001   GBL_boot
1183355c   GBL_initdone
11830260   GBL_stackbeg
11830e5f   GBL_stackend
00000000   GIO$
11829080   GIO_CREATEFXN
11829080   GIO_DELETEFXN
11829080   GIO_PENDFXN
11829080   GIO_POSTFXN
00000000   HOOK$
00000000   HOOK_KNLID
00000001   HST$
11834fb4   HST_A_TABBEG
11834ff0   HST_A_TABEND
00000000   HST_DSM
11832e64   HST_DSMBUFSEG
00000400   HST_DSMMEMSIZE
11832c00   HST_D_chanmask
11832c04   HST_D_tabbeg
11832c08   HST_D_tabend
000000ff   HST_MAXFRAMEALLOWED
00000040   HST_MAXFRAMESET
00000000   HST_NONE
00000001   HST_RTDX
00000001   HWI$
11834400   HWI_A_VECS
00009978   HWI_CFGDISPATCHED
11832eb0   HWI_D_bss
11832eb4   HWI_D_ccmask
11832ea0   HWI_D_spsave
00000001   HWI_ENABLE_EXC
118257a0   HWI_F_dispatch
00000000   HWI_GENERATE_RESET_VEC
0000000a   HWI_INT10
00000000   HWI_INT10$hwi
0000000b   HWI_INT11
00000000   HWI_INT11$hwi
0000000c   HWI_INT12
00000000   HWI_INT12$hwi
0000000d   HWI_INT13
00000000   HWI_INT13$hwi
0000000e   HWI_INT14
00000000   HWI_INT14$hwi
0000000f   HWI_INT15
00000000   HWI_INT15$hwi
00000004   HWI_INT4
00000000   HWI_INT4$hwi
00000005   HWI_INT5
00000000   HWI_INT5$hwi
00000006   HWI_INT6
00000000   HWI_INT6$hwi
00000007   HWI_INT7
00000000   HWI_INT7$hwi
00000008   HWI_INT8
00000000   HWI_INT8$hwi
00000009   HWI_INT9
00000000   HWI_INT9$hwi
07065b5f   HWI_INTRMUX1
0b0a0908   HWI_INTRMUX2
28040d0c   HWI_INTRMUX3
00000001   HWI_NMI
00000000   HWI_NMI$hwi
00000000   HWI_POLARITYMASK
00000002   HWI_RESERVED0
00000000   HWI_RESERVED0$hwi
00000003   HWI_RESERVED1
00000000   HWI_RESERVED1$hwi
00000000   HWI_RESET
00000000   HWI_RESET$hwi
00000000   HWI_ZEROTAB
00000001   IDL$
11824c48   IDL_A_CALBEG
118173f0   IDL_A_TABBEG
00000006   IDL_CALIBRERROR
11828f60   IDL_CALIBRFXN
11832f34   IDL_D_busyObj
11832b74   IDL_D_calbeg
11832b70   IDL_D_calibrate
11832b6c   IDL_D_tabbeg
118173fc   IDL_END
11824c54   IDL_END$
11828d80   IDL_F_busy
11828be0   IDL_F_calibrate
118290c0   IDL_F_loop
11828f60   IDL_F_stub
00000001   IDL_USECLKIDLTIME
11834f3c   IDL_busyObj
1183367e   IDL_busyObj$avgfmt
00000001   IDL_busyObj$filter
00000001   IDL_busyObj$iA
00000000   IDL_busyObj$iB
00000001   IDL_busyObj$iC
11833678   IDL_busyObj$maxfmt
00000000   IDL_busyObj$operation
11834f38   IDL_busyObj$stsobj
1183367b   IDL_busyObj$sumfmt
00000002   IDL_busyObj$unittype
118173f0   IDL_cpuLoad
11824c48   IDL_cpuLoad$
11832e64   IRAM
1182c294   IRAM$B
00002000   IRAM$L
00000001   ISRC$
11827db8   KNL_glue
11834c4c   KNL_swi
00000001   KNL_swi$dorta
00000002   KNL_swi$ord
00000000   KNL_swi$pri
11834ebc   KNL_swi$sts
118335b8   KNL_swi$sts$avgfmt
00000002   KNL_swi$sts$filter
00000001   KNL_swi$sts$filtmaxmult
00000001   KNL_swi$sts$filtsummult
118335a8   KNL_swi$sts$maxfmt
11834eb8   KNL_swi$sts$stsobj
118335b0   KNL_swi$sts$sumfmt
00000000   KNL_swi$sts$unittype
00000000   KNL_swi$swi
ffffffff   L3_CBA_RAM
00000001   LCK$
11824c60   LNK_F_checkBufferCall
11824ce0   LNK_F_dataPump
11824c80   LNK_F_getChanPtr
11824cd8   LNK_F_init
118251e8   LNK_F_readCallBack
118173f4   LNK_dataPump
11824c4c   LNK_dataPump$
11832ebc   LNK_dspFrameReadyMask
11832eb8   LNK_dspFrameRequestMask
11824f60   LNK_newin
11825094   LNK_newout
11824cf0   LNK_rcloop
11824db4   LNK_rdrtry
11832ec4   LNK_readDone
11832ec8   LNK_readFail
11832ec0   LNK_readPend
11824dc4   LNK_rrloop
11832ecc   LNK_writeFail
11824e90   LNK_wrloop
11824e84   LNK_wrrtry
00000001   LOG$
11834ff0   LOG_A_TABBEG
11835020   LOG_A_TABEND
00000002   LOG_A_TABLEN
11832b78   LOG_D_system
00000001   LOG_ENABLED
11828ae0   LOG_F_event
11834ff0   LOG_system
11831000   LOG_system$buf
00000000   LOG_system$datatype
00000000   LOG_system$log
00000200   LOG_system$size
00000000   MBX$
00000001   MEM$
11832e64   MEM_MALLOCSEG
00000000   MEM_NULL
11832e64   MEM_SEGZERO
00000000   MEM_USEMPC
00000002   MEM_gNumHeap
00000000   MSGQ$
00000000   MSGQ_USEMSGQ
00000000   OBJ$
00000000   PIP$
11834cfc   PIP_A_TABBEG
11834dc4   PIP_A_TABEND
00000002   PIP_A_TABLEN
11832b7c   PIP_D_tabbeg
11832b80   PIP_D_tablen
11827438   PIP_F_give
11827438   PIP_F_probe
11827508   PIP_F_start
118273c0   PIP_F_take
00000064   PIP_OBJSIZE
00000000   PIP_gNextId
00000002   PIP_gNumEmbed
00000000   POOL$
00000000   POOL_USEPOOL
00000001   PRD$
118173a0   PRD_A_TABBEG
118173e0   PRD_A_TABEND
00000002   PRD_A_TABLEN
11832bbc   PRD_D_cur
11832bc0   PRD_D_elapsed
11832bc4   PRD_D_prevtim
11832bc8   PRD_D_scalar
11832bcc   PRD_D_swihandle
11832bd0   PRD_D_tabbeg
11832bd4   PRD_D_tablen
11832bd8   PRD_D_thook
11832bb8   PRD_D_tick
11826140   PRD_F_swi
118263c4   PRD_F_tick
00000001   PRD_SCALAR
11834c20   PRD_SWIHANDLE
11826fd4   PRD_THOOKFXN
118173c0   PRD_addtime
118173dc   PRD_addtime$aaa
00000000   PRD_addtime$mode
00000004   PRD_addtime$ord
00000001   PRD_addtime$period
00000000   PRD_addtime$prd
11834e9c   PRD_addtime$sts
11833583   PRD_addtime$sts$avgfmt
00000000   PRD_addtime$sts$filter
11833571   PRD_addtime$sts$maxfmt
11834e98   PRD_addtime$sts$stsobj
1183357a   PRD_addtime$sts$sumfmt
00000002   PRD_addtime$sts$unittype
11824c58   PRD_clock
118173a0   PRD_startMcBSP
118173bc   PRD_startMcBSP$aaa
00000000   PRD_startMcBSP$mode
00000003   PRD_startMcBSP$ord
00000019   PRD_startMcBSP$period
00000000   PRD_startMcBSP$prd
11834e8c   PRD_startMcBSP$sts
11833566   PRD_startMcBSP$sts$avgfmt
00000000   PRD_startMcBSP$sts$filter
11833554   PRD_startMcBSP$sts$maxfmt
11834e88   PRD_startMcBSP$sts$stsobj
1183355d   PRD_startMcBSP$sts$sumfmt
00000002   PRD_startMcBSP$sts$unittype
11834c20   PRD_swi
00000001   PRD_swi$dorta
00000001   PRD_swi$ord
00000004   PRD_swi$pri
11834eac   PRD_swi$sts
1183359e   PRD_swi$sts$avgfmt
00000002   PRD_swi$sts$filter
00000001   PRD_swi$sts$filtmaxmult
00000001   PRD_swi$sts$filtsummult
1183358e   PRD_swi$sts$maxfmt
11834ea8   PRD_swi$sts$stsobj
11833596   PRD_swi$sts$sumfmt
00000000   PRD_swi$sts$unittype
00000000   PRD_swi$swi
00000001   PWRM$
00000030   PWRM_PWRM_CAPSMASK
0000000a   PWRM_PWRM_CLKTICKSPERSLOT
00000000   PWRM_PWRM_ENABLE
00000002   PWRM_PWRM_INITSPCPU
00000000   PWRM_PWRM_INITSPPER
00000000   PWRM_PWRM_LOADENABLE
00000001   PWRM_PWRM_NUMSLOTS
00000000   PWRM_PWRM_RESOURCETRACKING
00000000   PWRM_PWRM_SCALING
11829080   PWRM_PWRM_SHAREDRESOURCEFXN
11829080   PWRM_PWRM_SLOTHOOKFXN
00000000   PWRM_PWRM_TIMERIDNUM
00000000   PWRM_PWRM_TIMERINTRMASK
00000000   PWRM_PWRM_TIMERWUGENMASK
00000000   PWRM_PWRM_USERRESOURCES
00000000   PWRM_PWRM_USETIMER
00000001   QUE$
11832bdc   RTA_D_fromHost
11832be4   RTA_D_logval
11832bf4   RTA_D_stsval
11832be0   RTA_D_toHost
11828fa0   RTA_F_andn
11826820   RTA_F_dispatch
11826740   RTA_F_getlog
11826778   RTA_F_getsts
11828fb8   RTA_F_or
118267b8   RTA_F_readblk
118267e0   RTA_F_resetmem
118267d4   RTA_F_writeword
118173f8   RTA_dispatcher
11824c50   RTA_dispatcher$
1182686c   RTA_execute
11834fb8   RTA_fromHost
118173e0   RTA_fromHost$buf
00000004   RTA_fromHost$framesize
00000000   RTA_fromHost$hst
00000001   RTA_fromHost$id
00000000   RTA_fromHost$mode
11834cfc   RTA_fromHost$pipe
11834d2c   RTA_fromHost$pipe$aaa
11834d5c   RTA_fromHost$pipe$bbb
11832e68   RTA_fromHost$pipe$dtab
11834d00   RTA_fromHost$pipe$rd
11834d30   RTA_fromHost$pipe$wr
11834fc0   RTA_fromHost$rtdx
11834fd4   RTA_toHost
11834b20   RTA_toHost$buf
00000040   RTA_toHost$framesize
00000000   RTA_toHost$hst
00000000   RTA_toHost$id
00000001   RTA_toHost$mode
11834d60   RTA_toHost$pipe
11834d90   RTA_toHost$pipe$aaa
11834dc0   RTA_toHost$pipe$bbb
11832e74   RTA_toHost$pipe$dtab
11834d64   RTA_toHost$pipe$rd
11834d94   RTA_toHost$pipe$wr
11834fdc   RTA_toHost$rtdx
00000001   RTDX$
00000408   RTDX_BUFMEMSIZE
11832e64   RTDX_DATAMEMSEG
00000000   RTDX_MODE
00000001   RTDX_NORMALIZED_HDR
00000001   RTDX_USERTDX
00000000   RTDX_USERTEXECUTION
00000001   SEM$
1183502c   SEM_astar
00000000   SIO$
00000001   STS$
11834e88   STS_A_TABBEG
11834f48   STS_A_TABEND
11828e6c   STS_F_add
11828e40   STS_F_delta
11828e88   STS_F_reset
00000001   SWI$
11834c20   SWI_A_TABBEG
11834cfc   SWI_A_TABEND
00000005   SWI_A_TABLEN
11832c50   SWI_D_curfxn
11832c40   SWI_D_curmask
11832c4c   SWI_D_curmbox
11832c44   SWI_D_curset
11832c3c   SWI_D_execaddr
11832c58   SWI_D_inswi
11832c48   SWI_D_lock
11832c54   SWI_D_rdybeg
11832c5c   SWI_D_rdytab
11832c38   SWI_D_runaddr
00000000   SWI_EHOOKFXN
11825e64   SWI_EXECFXN
11825c80   SWI_F_enable
11825e64   SWI_F_exec
11825e8c   SWI_F_iexec
11825cf0   SWI_F_post
11825f0c   SWI_F_run
00000000   SWI_IHOOKFXN
11834c78   SWI_LCD
00000001   SWI_LCD$dorta
00000004   SWI_LCD$ord
00000001   SWI_LCD$pri
11834ecc   SWI_LCD$sts
118335d2   SWI_LCD$sts$avgfmt
00000002   SWI_LCD$sts$filter
00000001   SWI_LCD$sts$filtmaxmult
00000001   SWI_LCD$sts$filtsummult
118335c2   SWI_LCD$sts$maxfmt
11834ec8   SWI_LCD$sts$stsobj
118335ca   SWI_LCD$sts$sumfmt
00000000   SWI_LCD$sts$unittype
00000000   SWI_LCD$swi
11825f0c   SWI_RUNFXN
11834ca4   SWI_RobotControl
00000001   SWI_RobotControl$dorta
00000005   SWI_RobotControl$ord
00000003   SWI_RobotControl$pri
11834edc   SWI_RobotControl$sts
118335ec   SWI_RobotControl$sts$avgfmt
00000002   SWI_RobotControl$sts$filter
00000001   SWI_RobotControl$sts$filtmaxmult
00000001   SWI_RobotControl$sts$filtsummult
118335dc   SWI_RobotControl$sts$maxfmt
11834ed8   SWI_RobotControl$sts$stsobj
118335e4   SWI_RobotControl$sts$sumfmt
00000000   SWI_RobotControl$sts$unittype
00000000   SWI_RobotControl$swi
11834cd0   SWI_vision
00000001   SWI_vision$dorta
00000006   SWI_vision$ord
00000002   SWI_vision$pri
11834eec   SWI_vision$sts
11833606   SWI_vision$sts$avgfmt
00000002   SWI_vision$sts$filter
00000001   SWI_vision$sts$filtmaxmult
00000001   SWI_vision$sts$filtsummult
118335f6   SWI_vision$sts$maxfmt
11834ee8   SWI_vision$sts$stsobj
118335fe   SWI_vision$sts$sumfmt
00000000   SWI_vision$sts$unittype
00000000   SWI_vision$swi
00000001   SYS$
11830fe0   SYS$config
11828fe0   SYS_ABORTFXN
11829100   SYS_ERRORFXN
11829120   SYS_EXITFXN
11829020   SYS_PUTCFXN
11833558   TRC_R_mask
11833554   TRC_cinit
00000001   TSK$
11830ecc   TSK_ComWithLinux
00000002   TSK_ComWithLinux$ord
00000001   TSK_ComWithLinux$pri
11831800   TSK_ComWithLinux$stack
11831f98   TSK_ComWithLinux$stkptr
11834f0c   TSK_ComWithLinux$sts
1183363a   TSK_ComWithLinux$sts$avgfmt
00000002   TSK_ComWithLinux$sts$filter
00000001   TSK_ComWithLinux$sts$filtmaxmult
00000001   TSK_ComWithLinux$sts$filtsummult
1183362a   TSK_ComWithLinux$sts$maxfmt
11834f08   TSK_ComWithLinux$sts$stsobj
11833632   TSK_ComWithLinux$sts$sumfmt
00000000   TSK_ComWithLinux$sts$unittype
00000000   TSK_ComWithLinux$tsk
11830f2c   TSK_LADAR
00000003   TSK_LADAR$ord
00000001   TSK_LADAR$pri
11832000   TSK_LADAR$stack
11832798   TSK_LADAR$stkptr
11834f1c   TSK_LADAR$sts
11833654   TSK_LADAR$sts$avgfmt
00000002   TSK_LADAR$sts$filter
00000001   TSK_LADAR$sts$filtmaxmult
00000001   TSK_LADAR$sts$filtsummult
11833644   TSK_LADAR$sts$maxfmt
11834f18   TSK_LADAR$sts$stsobj
1183364c   TSK_LADAR$sts$sumfmt
00000000   TSK_LADAR$sts$unittype
00000000   TSK_LADAR$tsk
00000000   TSK_NUM_HOOKS
00000001   TSK_PRIORITY
00000000   TSK_READYFXN
00000000   TSK_STACKSEG
00000400   TSK_STACKSIZE
00000000   TSK_SWITCHFXN
11829080   TSK_VCREATEFXN
11829080   TSK_VDELETEFXN
11829080   TSK_VEXITFXN
11830f8c   TSK_astar
00000004   TSK_astar$ord
00000001   TSK_astar$pri
1182e298   TSK_astar$stack
1182f230   TSK_astar$stkptr
11834f2c   TSK_astar$sts
1183366e   TSK_astar$sts$avgfmt
00000002   TSK_astar$sts$filter
00000001   TSK_astar$sts$filtmaxmult
00000001   TSK_astar$sts$filtsummult
1183365e   TSK_astar$sts$maxfmt
11834f28   TSK_astar$sts$stsobj
11833666   TSK_astar$sts$sumfmt
00000000   TSK_astar$sts$unittype
00000000   TSK_astar$tsk
11830e6c   TSK_idle
00000001   TSK_idle$ord
00000000   TSK_idle$pri
11833f78   TSK_idle$stack
11834310   TSK_idle$stkptr
11834efc   TSK_idle$sts
11833620   TSK_idle$sts$avgfmt
00000002   TSK_idle$sts$filter
00000001   TSK_idle$sts$filtmaxmult
00000001   TSK_idle$sts$filtsummult
11833610   TSK_idle$sts$maxfmt
11834ef8   TSK_idle$sts$stsobj
11833618   TSK_idle$sts$sumfmt
00000000   TSK_idle$sts$unittype
00000000   TSK_idle$tsk
00000000   UDEV$
118180b8   _B
11828274   _BCACHE_bootInit
118282f4   _BCACHE_getMar
118282a4   _BCACHE_getSize
11827f34   _BCACHE_inv
11828274   _BCACHE_setCacheToSram
11828224   _BCACHE_setMar
118281e0   _BCACHE_setSize
11828b60   _BCACHE_wait
11827f24   _BCACHE_wb
11827f10   _BCACHE_wbInv
11833560   _BIOS_init
1183378c   _BIOS_start
118047f0   _Bresenhamline
118180d8   _Bu
ffffffff   _CACHE_L1D
ffffffff   _CACHE_L1P
ffffffff   _CACHE_L2
000493e0   _CLK_COUNTSPMS
11832f20   _CLK_DFLTMICROSECS
11832bb4   _CLK_D_countspms
11832ba8   _CLK_D_dirty
11832f24   _CLK_D_microseconds
11832bac   _CLK_D_prd
11832bb0   _CLK_D_tddr
11827c10   _CLK_F_itime
00005dc0   _CLK_PRD
01c21000   _CLK_REGS
00000000   _CLK_TDDR
00000001   _CLK_TIMERNUM
00000001   _CLK_USETIMER
11829140   _CLK_gethtime
11829060   _CLK_getltime
11832b98   _CLK_htimeDiv
11832b9c   _CLK_htimeMult
11832f30   _CLK_htimePerLtime
11821cec   _CLK_inputClock
11827c10   _CLK_itime
11832ba0   _CLK_ltimeDiv
11832ba4   _CLK_ltimeMult
11828f00   _CLK_measure
118329cc   _Cdifference
11806b28   _Check_Equivalency
118040f8   _ComWithLinux
11832e60   _DDR
c3000000   _DDR_base
00008000   _DDR_length
1180cf14   _EDMA3_0_ISR
11832cd4   _EDMA3_0_Regs
1180ce4c   _EDMA3_1_ISR
11832cd8   _EDMA3_1_Regs
0000000a   _EVENT10
00000064   _EVENT100
00000065   _EVENT101
00000066   _EVENT102
00000067   _EVENT103
00000068   _EVENT104
00000069   _EVENT105
0000006a   _EVENT106
0000006b   _EVENT107
0000006c   _EVENT108
0000006d   _EVENT109
0000000b   _EVENT11
0000006e   _EVENT110
0000006f   _EVENT111
00000070   _EVENT112
00000071   _EVENT113
00000072   _EVENT114
00000073   _EVENT115
00000074   _EVENT116
00000075   _EVENT117
00000076   _EVENT118
00000077   _EVENT119
0000000c   _EVENT12
00000078   _EVENT120
00000079   _EVENT121
0000007a   _EVENT122
0000007b   _EVENT123
0000007c   _EVENT124
0000007d   _EVENT125
0000007e   _EVENT126
0000007f   _EVENT127
0000000d   _EVENT13
0000000e   _EVENT14
0000000f   _EVENT15
00000010   _EVENT16
00000011   _EVENT17
00000012   _EVENT18
00000013   _EVENT19
00000014   _EVENT20
00000015   _EVENT21
00000016   _EVENT22
00000017   _EVENT23
00000018   _EVENT24
00000019   _EVENT25
0000001a   _EVENT26
0000001b   _EVENT27
0000001c   _EVENT28
0000001d   _EVENT29
0000001e   _EVENT30
0000001f   _EVENT31
00000020   _EVENT32
00000021   _EVENT33
00000022   _EVENT34
00000023   _EVENT35
00000024   _EVENT36
00000025   _EVENT37
00000026   _EVENT38
00000027   _EVENT39
00000004   _EVENT4
00000028   _EVENT40
00000029   _EVENT41
0000002a   _EVENT42
0000002b   _EVENT43
0000002c   _EVENT44
0000002d   _EVENT45
0000002e   _EVENT46
0000002f   _EVENT47
00000030   _EVENT48
00000031   _EVENT49
00000005   _EVENT5
00000032   _EVENT50
00000033   _EVENT51
00000034   _EVENT52
00000035   _EVENT53
00000036   _EVENT54
00000037   _EVENT55
00000038   _EVENT56
00000039   _EVENT57
0000003a   _EVENT58
0000003b   _EVENT59
00000006   _EVENT6
0000003c   _EVENT60
0000003d   _EVENT61
0000003e   _EVENT62
0000003f   _EVENT63
00000040   _EVENT64
00000041   _EVENT65
00000042   _EVENT66
00000043   _EVENT67
00000044   _EVENT68
00000045   _EVENT69
00000007   _EVENT7
00000046   _EVENT70
00000047   _EVENT71
00000048   _EVENT72
00000049   _EVENT73
0000004a   _EVENT74
0000004b   _EVENT75
0000004c   _EVENT76
0000004d   _EVENT77
0000004e   _EVENT78
0000004f   _EVENT79
00000008   _EVENT8
00000050   _EVENT80
00000051   _EVENT81
00000052   _EVENT82
00000053   _EVENT83
00000054   _EVENT84
00000055   _EVENT85
00000056   _EVENT86
00000057   _EVENT87
00000058   _EVENT88
00000059   _EVENT89
00000009   _EVENT9
0000005a   _EVENT90
0000005b   _EVENT91
0000005c   _EVENT92
0000005d   _EVENT93
0000005e   _EVENT94
0000005f   _EVENT95
00000060   _EVENT96
00000061   _EVENT97
00000062   _EVENT98
00000063   _EVENT99
11808d90   _EVMOMAPL138_enableDsp
11808d10   _EVMOMAPL138_init
1180856c   _EVMOMAPL138_initRAM
11808458   _EVMOMAPL138_lpscTransition
1180840c   _EVMOMAPL138_pinmuxConfig
11825770   _EXC_clearLastStatus
118271e0   _EXC_dispatch
11825594   _EXC_exceptionHandler
11832ed0   _EXC_exceptionHook
11825560   _EXC_external
11832ed8   _EXC_externalHook
11825540   _EXC_getLastStatus
11825500   _EXC_init
11825254   _EXC_internal
11832ed4   _EXC_internalHook
11825220   _EXC_nmi
11832edc   _EXC_nmiHook
11832e88   _EXC_returnPtr
118273a4   _EXC_setReturnPtr
11824bfc   _EXC_status
11832e80   _EXC_sysTrapTable
11832d30   _F28335_Extra1
11832d34   _F28335_Extra2
11832d38   _F28335_Extra3
11832d3c   _F28335_Extra4
11829080   _FXN_F_nop
11828cc4   _FXN_F_run
11828d00   _FXN_F_zero
11806bb4   _Fix_Equivalency
00000000   _GBL_CACHE
11828388   _GBL_cacheInit64P
11832c10   _GBL_clkIn
11832c14   _GBL_freq
118290a0   _GBL_getVersion
11832c0c   _GBL_procId
1181162c   _GPIO_getInput
118115e0   _GPIO_getOutput
11811438   _GPIO_setDir
11811498   _GPIO_setOutput
118114f8   _GPIO_toggleLoop
11816200   _HOSTclose
11814f80   _HOSTlseek
11815380   _HOSTopen
11815460   _HOSTread
11813e00   _HOSTrename
11815a80   _HOSTunlink
11815b40   _HOSTwrite
11834dc8   _HPisDP
11834e28   _HPisdp
1182f2a0   _HSRTDX_rec
1182fa00   _HSRTDX_xmt
11834fb4   _HST_A_TABBEG
11834ff0   _HST_A_TABEND
00009978   _HWI_CFGDISPATCHED
11832eac   _HWI_D_inhwi
11832ea0   _HWI_D_spsave
118257a0   _HWI_F_dispatch
0000000a   _HWI_INT10
0000000b   _HWI_INT11
0000000c   _HWI_INT12
0000000d   _HWI_INT13
0000000e   _HWI_INT14
0000000f   _HWI_INT15
00000004   _HWI_INT4
00000005   _HWI_INT5
00000006   _HWI_INT6
00000007   _HWI_INT7
00000008   _HWI_INT8
00000009   _HWI_INT9
00000001   _HWI_NMI
00000002   _HWI_RESERVED0
00000003   _HWI_RESERVED1
00000000   _HWI_RESET
11830e58   _HWI_STKBOTTOM
11830260   _HWI_STKTOP
11832ea0   _HWI_data
11828d20   _HWI_disable
11832a6c   _HWI_dispatchTab
11828d38   _HWI_enable
11828d4c   _HWI_restore
1180da60   _I2CGPIO_getInput
1180d930   _I2CGPIO_getInputAll
1180d858   _I2CGPIO_init
1180d740   _I2CGPIO_setOutput
1180d6e0   _I2CGPIO_setOutputAll
1180fd80   _I2C_init
1180ff80   _I2C_read
1180fe58   _I2C_write
11834f3c   _IDL_busyObj
118173f0   _IDL_cpuLoad
118290c0   _IDL_loop
11832e64   _IRAM
1182c294   _IRAM_base
00002000   _IRAM_length
11832978   _Image_data
11818120   _K
11832dd0   _KNL_alarm
11828440   _KNL_check
11832df4   _KNL_curqueue
11832de4   _KNL_curtask
11832dec   _KNL_curtime
11824aa8   _KNL_dummy
118287a0   _KNL_enter
11828760   _KNL_exit
11828508   _KNL_idle
11832e0c   _KNL_idlefxn
11832dd8   _KNL_inactive
11828960   _KNL_ipost
11828530   _KNL_max
11832df8   _KNL_maxqueue
118289e0   _KNL_post
11832de8   _KNL_prevtask
11832ddc   _KNL_priority
11824a08   _KNL_queues
118269c0   _KNL_run
11827c60   _KNL_saveIsrFrame
11832de0   _KNL_set
11832dd4   _KNL_setpri
11834c4c   _KNL_swi
11832df0   _KNL_swiptr
11827d0c   _KNL_switch
11832e00   _KNL_tcreatefxn
11832e04   _KNL_tdeletefxn
11826fd4   _KNL_tick
11832e08   _KNL_treadyfxn
11832dfc   _KNL_tswitchfxn
11832dc8   _KNL_wFlag
11832dcc   _KNL_wList
ffffffff   _L3_CBA_RAM
118061f4   _LADAR_Get_and_Process_Scan
11805c14   _LADAR_scan
118059f8   _LADAR_sendG
118186c8   _LADARangle
11832d98   _LADARcenterFt
11818ab0   _LADARdataX
11818e98   _LADARdataY
11805d70   _LADARdetections2xy
118182e0   _LADARdistance
11821dc0   _LADARinBuffer
11832d94   _LADARleftFt
11822338   _LADARoutBuffer
11832d64   _LADARprocess
11822b34   _LADARps
11832d60   _LADARready
11832d9c   _LADARrightFt
118069b8   _LADARtask
118095c8   _LCD
11813a60   _LCDPrintfLine
11832980   _LCD_Image
11832f0c   _LCD_mem
1180478c   _LCD_saturate
11832f18   _LCDnewMsgLine1
11832f1c   _LCDnewMsgLine2
11813920   _LCDvPrintfLine
11828a80   _LCK_pend
11828a60   _LCK_post
118173f4   _LNK_dataPump
11832ebc   _LNK_dspFrameReadyMask
11832eb8   _LNK_dspFrameRequestMask
11832ec4   _LNK_readDone
11832ec8   _LNK_readFail
11832ec0   _LNK_readPend
11832ecc   _LNK_writeFail
11834ff0   _LOG_A_TABBEG
11835020   _LOG_A_TABEND
00000002   _LOG_A_TABLEN
11832b78   _LOG_D_system
11828ae0   _LOG_event
11834ff0   _LOG_system
11832878   _LVvalue1
1183287c   _LVvalue2
1183297c   _Linux_Image
11832f38   _MEM
11832c18   _MEM_D_NUMSEGMENTS
11832c20   _MEM_D_freelist
11832c24   _MEM_D_lockaddr
11832c1c   _MEM_D_memtab
11832c28   _MEM_D_unlockaddr
11826c00   _MEM_alloc
11827000   _MEM_free
11833940   _MEM_init
11832e48   _MEM_memtab
1180a920   _Matrix1x3_Mult
1180a8d4   _Matrix3x1_Add
1180a880   _Matrix3x1_Mult
1180a840   _Matrix3x2_Mult
1180a6d4   _Matrix3x3_Add
1180a4cc   _Matrix3x3_Invert
1180a2f0   _Matrix3x3_Mult
1180a260   _Matrix3x3_Trans
11832e1c   _McBSPrecerror
11824b78   _OBJ_segtab
11824b40   _OBJ_table
11819294   _OPTITRACKps
11819280   _Optitrackdata
11834cfc   _PIP_A_TABBEG
11834dc4   _PIP_A_TABEND
11832bb8   _PRD_D_tick
118173c0   _PRD_addtime
11824c58   _PRD_clock
118173a0   _PRD_startMcBSP
11834c20   _PRD_swi
118202c8   _PRUCode
11807ef0   _PRU_HWI
11815314   _PRU_load
118152e8   _PRU_reset
118152f4   _PRU_restart
118152d8   _PRU_run
1181528c   _PRU_stop
11815280   _PRU_wakeup
118181e8   _P_pred
11818148   _Q
11818170   _R
11822b28   _ROBOTps
118173f8   _RTA_dispatcher
11834fb8   _RTA_fromHost
11834fd4   _RTA_toHost
11833b00   _RTDX_Buffer
11833f0c   _RTDX_Buffer_End
11830080   _RTDX_Buffer_Initialize
11830200   _RTDX_Buffer_Read
11830140   _RTDX_Buffer_ReadCB
11830180   _RTDX_Buffer_Size
11833f08   _RTDX_Buffer_Start
11830220   _RTDX_Buffer_Write
1182f540   _RTDX_Buffer_WriteCB
11830000   _RTDX_Final_RT_Monitor
118300e0   _RTDX_Init_RT_Monitor
00000002   _RTDX_JTAGONLY
11830240   _RTDX_Mask_IER
1182fd00   _RTDX_Mon_Queue
1182ff60   _RTDX_Poll
00000000   _RTDX_interrupt_mask
118301c0   _RTDX_memfill
11833f60   _RTDX_writing
11802050   _RobotControl
11818198   _S
11832e64   _SEG0
1183502c   _SEM_astar
11828de0   _SEM_pend
118275a0   _SEM_pendEnterKnl
11828680   _SEM_post
11828680   _SEM_postBinary
11828820   _SEM_postEnterKnl
11810308   _SPI_init
11810180   _SPI_xfer
11834e88   _STS_A_TABBEG
11834f48   _STS_A_TABEND
11828e6c   _STS_add
11828e40   _STS_delta
11828e88   _STS_reset
118290e0   _STS_set
11832c50   _SWI_D_curfxn
11832c40   _SWI_D_curmask
11832c44   _SWI_D_curset
11832c3c   _SWI_D_execaddr
11832c58   _SWI_D_inswi
11832c48   _SWI_D_lock
11832c54   _SWI_D_rdybeg
11832c38   _SWI_D_runaddr
11834c78   _SWI_LCD
11834ca4   _SWI_RobotControl
11832c38   _SWI_data
11825cf0   _SWI_post
11834cd0   _SWI_vision
11832c2c   _SYS
11834600   _SYS_PUTCBEG
118347ff   _SYS_PUTCEND
11828ea0   _SYS_abort
11828c60   _SYS_error
118288c0   _SYS_exit
11824760   _SYS_exitStack
11832f28   _SYS_exitStackPtr
11832f2c   _SYS_exitStackTop
118181c0   _S_inv
1180aed0   _SetRobotOutputs
1180adb8   _SetRobotOutputs_manual
11806b88   _Set_Equivalency
11833558   _TRC_R_mask
11832f08   _TSK
11824ae0   _TSK_ATTRS
11830ecc   _TSK_ComWithLinux
11830f2c   _TSK_LADAR
11830f8c   _TSK_astar
11824afc   _TSK_config
118280a0   _TSK_exit
11830e6c   _TSK_idle
11833a00   _TSK_init
11832f00   _TSK_nTasks
11832f04   _TSK_pid
11827920   _TSK_setup
11828604   _TSK_startup
11824b1c   _TSK_timerSem
11832a54   _Thres_Image
1180f380   _UART_init
1180f360   _UART_rxByte
1180f190   _UART_txArray
1180f140   _UART_txByte
1180f2f4   _UART_txString
1180f260   _UART_txUint32
1180f218   _UART_txUint8
1181351c   _USTIMER_delay
118134f0   _USTIMER_get
1181340c   _USTIMER_init
118133d4   _USTIMER_reset
118133c0   _USTIMER_set
118083f8   _UTIL_isUIBoardAttached
1180828c   _UTIL_printMem
11828fe0   _UTL_doAbort
11829100   _UTL_doError
11829020   _UTL_doPutc
11829120   _UTL_halt
11804924   _UpdateLCDwithLADAR
118016d8   _UpdateOptitrackStates
11807e90   _VPIF_HWI
11832a5c   _VPIF_beginning_line
1180b3ec   _VPIF_initReceive
1180b278   _VPIF_initReceive_withPRU
1180b060   _VPIF_initTransmit
118202c4   __BCACHE_emifAddr
11834a00   __CIOBUF_
11827c30   __CLK_lat1beg
11827c50   __CLK_lat1end
11832c34   __HOOK_NUMHOOKS
11832c30   __HOOK_knlId
118257a0   __HWI_lat1beg
11825928   __HWI_lat1end
11825928   __HWI_lat2beg
11825b04   __HWI_lat2end1
11825a90   __HWI_lat2end2
11825b20   __HWI_lat3beg
11825ac0   __HWI_lat3end2
11828d80   __IDL_lat1beg
11828dc0   __IDL_lat1end
1182848c   __KNL_lat1beg
11828508   __KNL_lat1end
11828ae0   __LOG_lat1beg
11824bbc   __MEM_mutex
118267e0   __RTA_lat1beg
11826814   __RTA_lat1end
11827780   __SEM_dopost
11830e60   __STACK_END
00000c00   __STACK_SIZE
11825df8   __SWI_lat1beg
11825ea4   __SWI_lat1end
11825ea8   __SWI_lat2beg
11825f08   __SWI_lat2end
11825c80   __SWI_lat3beg
11825cec   __SWI_lat3end
11824b94   __TSK_mutex
11824c30   ___TI_enable_exit_profile_output
ffffffff   ___TI_pprof_out_hndl
ffffffff   ___TI_prof_data_size
ffffffff   ___TI_prof_data_start
11816fe0   ___add_dtor
118245d8   ___atexit_func_id__
ffffffff   ___binit__
11832800   ___bss__
ffffffff   ___c_args__
11829160   ___cinit__
11834dc8   ___data__
11834e88   ___edata__
11832f44   ___end__
118173a0   ___etext__
11817020   ___isinf
11830ff0   ___pinit__
11800000   ___text__
11827f60   __auto_init
11815540   __c6xabi_divi
11815cc0   __c6xabi_divu
11815e40   __c6xabi_remi
118171e0   __c6xabi_strasgi_64plus
118162a0   __cleanup
11824c28   __cleanup_ptr
118147a0   __closefile
118330e0   __ctypes_
11816c00   __divd
11816f80   __divf
11815540   __divi
11816340   __divli
11815cc0   __divu
11813ac0   __divul
118124a0   __divull
11815d80   __doflush
11824c2c   __dtors_ptr
11816520   __fixdli
11816980   __fltlid
118245d0   __ft_end
118242b0   __ftable
11816a00   __llshl
118170a0   __llshru
11824c34   __lock
11817240   __negll
11817260   __nop
1180ed00   __printfi
11817300   __register_lock
11817320   __register_unlock
11815e40   __remi
11817160   __remli
118171a0   __remul
11816c80   __remull
11816a80   __roundf
11809960   __scanfi
11830260   __stack
118171e0   __strasgi_64plus
11816ce0   __subcull
11824490   __tmpnams
11817340   __truncf
11824c38   __unlock
11815080   __wrt_ok
11832cf8   _adcA0
11832d00   _adcA1
11832d08   _adcA2
11832d10   _adcA3
11832d18   _adcA4
11832d20   _adcA5
11832d28   _adcA6
11832d2c   _adcA7
11832cfc   _adcB0
11832d04   _adcB1
11832d0c   _adcB2
11832d14   _adcB3
11832d1c   _adcB4
11832d24   _adcB5
1180ad98   _addtime
11832944   _alreadyfound
11800750   _astar
11832868   _astaridx
11832864   _astarrunning
11813760   _atan2f
11813760   _atan2sp
11815f00   _atexit
11815620   _atoi
118331e8   _bitval_u32
11832f16   _bkgrnd_blue
11832f15   _bkgrnd_green
11832f14   _bkgrnd_red
118329fc   _blue
11832930   _blue_distance
11832928   _blue_numberPix
11832a44   _blue_numpels
11832a3c   _blue_object_x
11832a40   _blue_object_y
11832918   _blue_x
1183291c   _blue_y
11832a38   _blueflag
11832f10   _bluegain
1183293c   _blueweed
118329b0   _c
11832d90   _cCommandName
11832d89   _cLADARdata
11832d88   _cPrevLADARdata
11833880   _c_int00
11815180   _call_dtors
118266ec   _calloc
11800098   _canTravel
118329dc   _cbar
11815700   _close
1181d6c4   _closedSet
11832848   _col1
11832860   _cole
118329c4   _color
118329c8   _color2
11832858   _cols
11832cf0   _compass
118080a8   _config_pll0
11807f40   _config_pll1
11821d90   _corner_x
11821da8   _corner_y
11821cf0   _cornersX
11821d40   _cornersY
11813f80   _cos
11813f80   _cosdp
11814d40   _cosf
11814d40   _cossp
118329d4   _cprime
11832908   _currDist
11832a60   _current
118329c0   _current_object
11832e3c   _danindex
11804728   _decode2byteLADAR
11832a10   _delta
11816c00   _divdp
11816f80   _divsp
11832a68   _done
11824b3c   _dtors
11823310   _enc0_array
11832ce0   _enc1
118328a0   _enc1old
11832ce4   _enc2
118328a4   _enc2old
11832ce8   _enc3
11832cec   _enc4
11832a64   _equivalency
11820550   _equivalency_objects
11832d74   _errC
11832d70   _errL
11832d78   _errR
118245d4   _errno
11832900   _errorcheck
118180f8   _eye3
11832cdc   _f28335RecFirsttime
11824880   _f28335TXData
11824780   _f28335recData
11832da0   _fLEFT_RIGHT_ANGLE
11821950   _final_object_stats
118328e0   _firstdata
11832e40   _firsttimeLine1
11832e44   _firsttimeLine2
11832e20   _firsttimeintMCBSPrec
118121e0   _fmodf
11812da0   _fputc
11810980   _fputs
118328ec   _frame_error
118264c0   _free
118157e0   _frexpf
11817e98   _fromLinuxstring
11814b00   _fseek
11800108   _getNeighbors
118329f8   _green
118328bc   _gyro
118328d0   _gyro4x_gain
118328b0   _gyro_angle
118328c0   _gyro_degrees
118328b8   _gyro_drift
118328c4   _gyro_radians
118328c8   _gyro_x
118328cc   _gyro_y
118328ac   _gyro_zero
1180c4fc   _hasChild
11800050   _heuristic
11832a00   _hue
1183281c   _i
11820528   _i2cdata
11832d8c   _iLADARrcv
11832800   _index
11807be0   _init_ColorVision
1180cd60   _init_DMA
11804524   _init_LADAR
1180932c   _init_LCD
11809098   _init_LCD_mem
1180a980   _init_McBSP
11832820   _j
118329a8   _k
11832814   _labviewcolor
118329ec   _largest_num_pixels
118329f0   _largest_object
11814c20   _ldexpf
118329b8   _left
1180c538   _leftChild
11832840   _loc0
11832844   _loc1
11816700   _lseek
11815fc0   _ltoa
11800e58   _main
118264e4   _malloc
11817400   _map
11832914   _mapColSize
11832910   _mapRowSize
1180c544   _maxPriorityChild
11832e30   _mcbspReset
11826628   _memalign
11816d40   _memccpy
118167a0   _memcpy
118158c0   _memset
11832a0c   _min
11816da0   _modff
11810580   _my_atanf
11806b14   _my_max
11806b00   _my_min
118329e0   _neighbor_type
118192a0   _neighbors
11822740   _newLADARangle
11832db0   _newLADARdata
11822b40   _newLADARdataX
11822f28   _newLADARdataY
11822358   _newLADARdistance
11832e18   _newServos
118329a4   _new_C02
118329a0   _new_C20
11832880   _new_LV_data
11832990   _new_coordata
11832998   _new_num_found_objects
1183299c   _new_object_theta
118328e4   _new_optitrack
11832d40   _new_sendtolinux_F28335_Extra
11832834   _newcentroid
11832830   _newcentroidc
1183282c   _newcentroidr
11832818   _newlabviewcolor
11832884   _newnavdata
1183288c   _newturn
11832888   _newvref
11832808   _newweedx
11832810   _newweedy
11832838   _newx
1183283c   _newy
1181a000   _nodeTrack
11832984   _noimagefound
11832d6c   _numReadings
11832d54   _num_EDMA3_0
118329bc   _num_unique_objects
11832d58   _numofints
11832994   _numpels
11832da4   _numreadings_lastscan
118329e8   _object_detected
11820d50   _object_stats
11832988   _object_x
1183298c   _object_y
118174b0   _obs
11817db0   _obs_send
118328b4   _old_gyro
1181ab00   _openSet
11832f40   _pQueueoutofMemory
1180c304   _parent
118199c0   _pathCol
1183290c   _pathLen
11819380   _pathRow
1180c7e0   _peek
11832974   _pic_data
11832934   _pink_distance
1183292c   _pink_numberPix
11832a50   _pink_numpels
11832a48   _pink_object_x
11832a4c   _pink_object_y
11832920   _pink_x
11832924   _pink_y
11832940   _pinkweed
1180c5b4   _pop
118328e8   _previous_frame
11832a18   _print_b
11832a19   _print_g
11832a14   _print_hue
11832a17   _print_r
11832a15   _print_sat
11832a16   _print_val
118159a0   _printf
11832a58   _ptrshrdmem
1180c310   _push
11812da0   _putc
118329ac   _r
118329d8   _rbar
11816b00   _readmsg
11826544   _realloc
11800674   _reconstructPath
118329f4   _red
11817380   _remove
1180c2f8   _rightChild
11832dbc   _robotT
11832db4   _robotX
11832db8   _robotY
11818258   _robotdest
118328d8   _robotdestSize
11832964   _robotstate
1180c2f4   _root
11804500   _roundFloatToInt
1183284c   _row1
1183285c   _rowe
11832854   _rows
118329d0   _rprime
11832ee8   _rtdxNullChanCnt
11832eec   _rtdxNullFuncCnt
11832ef4   _rtdxRecNotDoneCnt
11832efc   _rtdxXmtErrorCnt
11832ef0   _rtdxXmtNotDoneCnt
11832ef8   _rtdxXmtRestartCnt
11833f54   _rtdx_buffer_state
11833f10   _rtdx_mon_state
11800d50   _runastar
11832a04   _sat
11832d5c   _scalingLadar
11832d44   _send_F28335_Extra1
11832d48   _send_F28335_Extra2
11832d4c   _send_F28335_Extra3
11832d50   _send_F28335_Extra4
1180ad44   _send_McBSP
11832e10   _servosPosted
11808f6c   _set_background
118328a8   _settlegyro
118131c0   _setvbuf
118044e0   _signf
11814118   _sin
11814118   _sindp
11814e74   _sinf
11814e74   _sinsp
1180c2c8   _size
11832a2c   _specs_h
11832a30   _specs_h2
11832a34   _specs_hrad
11832a1c   _specs_s
11832a20   _specs_srad
11832a24   _specs_v
11832a28   _specs_vrad
11832948   _speedgain
11808f18   _spi_command
11808ec0   _spi_data
11816e00   _sprintf
11816140   _sqrt
11816140   _sqrtdp
118168e0   _sqrtf
118168e0   _sqrtsp
11816e60   _sscanf
11832da8   _startAngle
1180c2c0   _startHeap
1180aca4   _startMcBSP
118328d4   _statePos
11832dac   _stepSize
11800000   _straightline
1180db80   _strtod
1180dfe0   _strtol
1180e440   _strtold
1180e8a0   _strtoll
1180f580   _strtoul
1180f980   _strtoull
11832cf4   _switchstate
11832d80   _tLADARcenterFt
11832d7c   _tLADARleftFt
11832d84   _tLADARrightFt
118328f4   _tempOPTITRACK_theta
11832dc4   _tempOff
11832dc0   _tempSign
11818238   _temp_3x1
11818210   _temp_3x3
11820950   _temp_equivalency_objects
118328f0   _temp_theta
118328f8   _temp_trackableID
11832e38   _testcount
11832970   _testvar
11832958   _timecount
11832828   _timecounter
11832e28   _timeint
11832938   _timeout
11832824   _timer
11817fa0   _toLinuxstring
118329e4   _too_many_objects
118329b4   _top
11835008   _trace
118328fc   _trackableID
118328dc   _trackableIDerror
11832874   _tskcount
11832870   _turn
118180d0   _u
11832d68   _uart1count
11816b80   _unlink
1183296c   _updateLCD
11806e58   _userProcessColorImageFunc_laser
11832a08   _value
11832890   _vel1
11832898   _vel1old
11832894   _vel2
1183289c   _vel2old
11807bc8   _vision
11832968   _visionstate
1183286c   _vref
11816ec0   _vsprintf
1183294c   _weed_counter
11832950   _weed_index
11817d98   _weed_send
11820288   _weedarray
11832850   _weedcolor
11832904   _weeddetectcounter
11832804   _weedx
1183280c   _weedy
11832960   _whichled
11816840   _write
11816f20   _writemsg
118180a8   _x_pred
118105f4   _xy_control
11818248   _ytilde
118180e8   _z
ffffffff   binit
11829160   cinit
11834e88   edata
11832f44   end
118173a0   etext
11834400   hwi0
11834420   hwi1
11834540   hwi10
11834560   hwi11
11834580   hwi12
118345a0   hwi13
118345c0   hwi14
118345e0   hwi15
11834440   hwi2
11834460   hwi3
11834480   hwi4
118344a0   hwi5
118344c0   hwi6
118344e0   hwi7
11834500   hwi8
11834520   hwi9
11830ff0   pinit
11835008   trace
11834800   trace$buf
00000001   trace$datatype
00000000   trace$log
00000080   trace$size


GLOBAL SYMBOLS: SORTED BY Symbol Address 

address    name
--------   ----
00000000   BUF$
00000000   CLK_PRDHIGH
00000000   CLK_RESETTIMER
00000000   CLK_TDDR
00000000   CLK_TDDRHIGH
00000000   DEV$
00000000   DGN$
00000000   DHL$
00000000   DHL_gChannelsAvailable
00000000   DIO$
00000000   DIO_NUMSWIBASE
00000000   DIO_NUMTSKBASE
00000000   DIO_STATIC
00000000   DPI$
00000000   ECM$
00000000   ECM_ENABLE
00000000   GBL_BCACHEREADADDR0
00000000   GBL_BCACHEREADADDR1
00000000   GBL_BCACHEREADADDR2
00000000   GBL_BIGENDIAN
00000000   GBL_CACHE
00000000   GBL_CALLCSLCFGINIT
00000000   GBL_ENABLE_SK
00000000   GBL_GEMTRUECOMPEN
00000000   GBL_L2MAR0_31
00000000   GBL_L2MAR160_191
00000000   GBL_L2MAR224_255
00000000   GBL_L2MAR32_63
00000000   GBL_L2MAR64_95
00000000   GBL_L2MAR96_127
00000000   GBL_NULL
00000000   GBL_PROCID
00000000   GBL_ROM
00000000   GBL_SUPPORTCSL
00000000   GBL_USERINIT
00000000   GIO$
00000000   HOOK$
00000000   HOOK_KNLID
00000000   HST_DSM
00000000   HST_NONE
00000000   HWI_GENERATE_RESET_VEC
00000000   HWI_INT10$hwi
00000000   HWI_INT11$hwi
00000000   HWI_INT12$hwi
00000000   HWI_INT13$hwi
00000000   HWI_INT14$hwi
00000000   HWI_INT15$hwi
00000000   HWI_INT4$hwi
00000000   HWI_INT5$hwi
00000000   HWI_INT6$hwi
00000000   HWI_INT7$hwi
00000000   HWI_INT8$hwi
00000000   HWI_INT9$hwi
00000000   HWI_NMI$hwi
00000000   HWI_POLARITYMASK
00000000   HWI_RESERVED0$hwi
00000000   HWI_RESERVED1$hwi
00000000   HWI_RESET
00000000   HWI_RESET$hwi
00000000   HWI_ZEROTAB
00000000   IDL_busyObj$iB
00000000   IDL_busyObj$operation
00000000   KNL_swi$pri
00000000   KNL_swi$sts$unittype
00000000   KNL_swi$swi
00000000   LOG_system$datatype
00000000   LOG_system$log
00000000   MBX$
00000000   MEM_NULL
00000000   MEM_USEMPC
00000000   MSGQ$
00000000   MSGQ_USEMSGQ
00000000   OBJ$
00000000   PIP$
00000000   PIP_gNextId
00000000   POOL$
00000000   POOL_USEPOOL
00000000   PRD_addtime$mode
00000000   PRD_addtime$prd
00000000   PRD_addtime$sts$filter
00000000   PRD_startMcBSP$mode
00000000   PRD_startMcBSP$prd
00000000   PRD_startMcBSP$sts$filter
00000000   PRD_swi$sts$unittype
00000000   PRD_swi$swi
00000000   PWRM_PWRM_ENABLE
00000000   PWRM_PWRM_INITSPPER
00000000   PWRM_PWRM_LOADENABLE
00000000   PWRM_PWRM_RESOURCETRACKING
00000000   PWRM_PWRM_SCALING
00000000   PWRM_PWRM_TIMERIDNUM
00000000   PWRM_PWRM_TIMERINTRMASK
00000000   PWRM_PWRM_TIMERWUGENMASK
00000000   PWRM_PWRM_USERRESOURCES
00000000   PWRM_PWRM_USETIMER
00000000   RTA_fromHost$hst
00000000   RTA_fromHost$mode
00000000   RTA_toHost$hst
00000000   RTA_toHost$id
00000000   RTDX_MODE
00000000   RTDX_USERTEXECUTION
00000000   SIO$
00000000   SWI_EHOOKFXN
00000000   SWI_IHOOKFXN
00000000   SWI_LCD$sts$unittype
00000000   SWI_LCD$swi
00000000   SWI_RobotControl$sts$unittype
00000000   SWI_RobotControl$swi
00000000   SWI_vision$sts$unittype
00000000   SWI_vision$swi
00000000   TSK_ComWithLinux$sts$unittype
00000000   TSK_ComWithLinux$tsk
00000000   TSK_LADAR$sts$unittype
00000000   TSK_LADAR$tsk
00000000   TSK_NUM_HOOKS
00000000   TSK_READYFXN
00000000   TSK_STACKSEG
00000000   TSK_SWITCHFXN
00000000   TSK_astar$sts$unittype
00000000   TSK_astar$tsk
00000000   TSK_idle$pri
00000000   TSK_idle$sts$unittype
00000000   TSK_idle$tsk
00000000   UDEV$
00000000   _CLK_TDDR
00000000   _GBL_CACHE
00000000   _HWI_RESET
00000000   _RTDX_interrupt_mask
00000000   trace$log
00000001   BUF_ENABLED
[...]
11824ae0   _TSK_ATTRS
11824afc   _TSK_config
11824b1c   _TSK_timerSem
11824b3c   _dtors
11824b40   _OBJ_table
11824b78   _OBJ_segtab
11824b94   __TSK_mutex
11824bbc   __MEM_mutex
11824bfc   _EXC_status
11824c28   __cleanup_ptr
11824c2c   __dtors_ptr
11824c30   ___TI_enable_exit_profile_output
11824c34   __lock
11824c38   __unlock
11824c48   IDL_A_CALBEG
11824c48   IDL_cpuLoad$
11824c4c   LNK_dataPump$
11824c50   RTA_dispatcher$
11824c54   IDL_END$
11824c58   CLK_A_TABBEG
11824c58   PRD_clock
11824c58   _PRD_clock
11824c5c   CLK_null
11824c60   LNK_F_checkBufferCall
11824c80   LNK_F_getChanPtr
11824cd8   LNK_F_init
11824ce0   LNK_F_dataPump
11824cf0   LNK_rcloop
11824db4   LNK_rdrtry
11824dc4   LNK_rrloop
11824e84   LNK_wrrtry
11824e90   LNK_wrloop
11824f60   LNK_newin
11825094   LNK_newout
118251e8   LNK_F_readCallBack
11825220   _EXC_nmi
11825254   _EXC_internal
11825500   _EXC_init
11825540   _EXC_getLastStatus
11825560   _EXC_external
11825594   _EXC_exceptionHandler
11825770   _EXC_clearLastStatus
118257a0   CLK_HOOKFXN
118257a0   HWI_F_dispatch
118257a0   _HWI_F_dispatch
118257a0   __HWI_lat1beg
11825928   __HWI_lat1end
11825928   __HWI_lat2beg
11825a90   __HWI_lat2end2
11825ac0   __HWI_lat3end2
11825b04   __HWI_lat2end1
11825b20   __HWI_lat3beg
11825c80   SWI_F_enable
11825c80   __SWI_lat3beg
11825cec   __SWI_lat3end
11825cf0   SWI_F_post
11825cf0   _SWI_post
11825df8   __SWI_lat1beg
11825e64   SWI_EXECFXN
11825e64   SWI_F_exec
11825e8c   SWI_F_iexec
11825ea4   __SWI_lat1end
11825ea8   __SWI_lat2beg
11825f08   __SWI_lat2end
11825f0c   SWI_F_run
11825f0c   SWI_RUNFXN
11826140   PRD_F_swi
118263c4   PRD_F_tick
118264c0   _free
118264e4   _malloc
11826544   _realloc
11826628   _memalign
118266ec   _calloc
11826740   RTA_F_getlog
11826778   RTA_F_getsts
118267b8   RTA_F_readblk
118267d4   RTA_F_writeword
118267e0   RTA_F_resetmem
118267e0   __RTA_lat1beg
11826814   __RTA_lat1end
11826820   RTA_F_dispatch
1182686c   RTA_execute
118269c0   _KNL_run
11826c00   _MEM_alloc
11826fd4   PRD_THOOKFXN
11826fd4   _KNL_tick
11827000   _MEM_free
118271e0   _EXC_dispatch
118273a4   _EXC_setReturnPtr
118273c0   PIP_F_take
11827438   PIP_F_give
11827438   PIP_F_probe
11827508   PIP_F_start
118275a0   _SEM_pendEnterKnl
11827780   __SEM_dopost
11827920   _TSK_setup
11827ac0   CLK_F_getltime
11827ad0   CLK_F_isr
11827c10   CLK_F_itime
11827c10   _CLK_F_itime
11827c10   _CLK_itime
11827c30   __CLK_lat1beg
11827c50   __CLK_lat1end
11827c60   _KNL_saveIsrFrame
11827d0c   _KNL_switch
11827db8   KNL_glue
11827f10   _BCACHE_wbInv
11827f24   _BCACHE_wb
11827f34   _BCACHE_inv
11827f60   __auto_init
118280a0   _TSK_exit
118281e0   _BCACHE_setSize
11828224   _BCACHE_setMar
11828274   _BCACHE_bootInit
11828274   _BCACHE_setCacheToSram
118282a4   _BCACHE_getSize
118282f4   _BCACHE_getMar
11828388   _GBL_cacheInit64P
11828440   _KNL_check
1182848c   __KNL_lat1beg
11828508   _KNL_idle
11828508   __KNL_lat1end
11828530   _KNL_max
11828604   _TSK_startup
11828680   _SEM_post
11828680   _SEM_postBinary
11828760   _KNL_exit
118287a0   _KNL_enter
11828820   _SEM_postEnterKnl
118288c0   _SYS_exit
11828960   _KNL_ipost
118289e0   _KNL_post
11828a60   _LCK_post
11828a80   _LCK_pend
11828ae0   LOG_F_event
11828ae0   _LOG_event
11828ae0   __LOG_lat1beg
11828b60   _BCACHE_wait
11828be0   IDL_F_calibrate
11828c60   _SYS_error
11828cc0   FXN_F_nop
11828cc4   FXN_F_run
11828cc4   _FXN_F_run
11828d00   FXN_F_zero
11828d00   _FXN_F_zero
11828d20   _HWI_disable
11828d38   _HWI_enable
11828d4c   _HWI_restore
11828d80   IDL_F_busy
11828d80   __IDL_lat1beg
11828dc0   __IDL_lat1end
11828de0   _SEM_pend
11828e40   STS_F_delta
11828e40   _STS_delta
11828e6c   STS_F_add
11828e6c   _STS_add
11828e88   STS_F_reset
11828e88   _STS_reset
11828ea0   _SYS_abort
11828f00   _CLK_measure
11828f60   IDL_CALIBRFXN
11828f60   IDL_F_stub
11828fa0   RTA_F_andn
11828fb8   RTA_F_or
11828fe0   SYS_ABORTFXN
11828fe0   _UTL_doAbort
11829020   SYS_PUTCFXN
11829020   _UTL_doPutc
11829060   _CLK_getltime
11829080   GBL_USERINITFXN
11829080   GIO_CREATEFXN
11829080   GIO_DELETEFXN
11829080   GIO_PENDFXN
11829080   GIO_POSTFXN
11829080   PWRM_PWRM_SHAREDRESOURCEFXN
11829080   PWRM_PWRM_SLOTHOOKFXN
11829080   TSK_VCREATEFXN
11829080   TSK_VDELETEFXN
11829080   TSK_VEXITFXN
11829080   _FXN_F_nop
118290a0   _GBL_getVersion
118290c0   IDL_F_loop
118290c0   _IDL_loop
118290e0   _STS_set
11829100   SYS_ERRORFXN
11829100   _UTL_doError
11829120   SYS_EXITFXN
11829120   _UTL_halt
11829140   CLK_F_gethtime
11829140   CLK_TIMEFXN
11829140   _CLK_gethtime
11829160   ___cinit__
11829160   cinit
1182c294   IRAM$B
1182c294   _IRAM_base
1182e298   TSK_astar$stack
1182f230   TSK_astar$stkptr
1182f2a0   _HSRTDX_rec
1182f540   _RTDX_Buffer_WriteCB
1182fa00   _HSRTDX_xmt
1182fd00   _RTDX_Mon_Queue
1182ff60   _RTDX_Poll
11830000   _RTDX_Final_RT_Monitor
11830080   _RTDX_Buffer_Initialize
118300e0   _RTDX_Init_RT_Monitor
11830140   _RTDX_Buffer_ReadCB
11830180   _RTDX_Buffer_Size
118301c0   _RTDX_memfill
11830200   _RTDX_Buffer_Read
11830220   _RTDX_Buffer_Write
11830240   _RTDX_Mask_IER
11830260   GBL_stackbeg
11830260   _HWI_STKTOP
11830260   __stack
11830e58   _HWI_STKBOTTOM
11830e5f   GBL_stackend
11830e60   __STACK_END
11830e6c   TSK_idle
11830e6c   _TSK_idle
11830ecc   TSK_ComWithLinux
11830ecc   _TSK_ComWithLinux
11830f2c   TSK_LADAR
11830f2c   _TSK_LADAR
11830f8c   TSK_astar
11830f8c   _TSK_astar
11830fe0   SYS$config
11830ff0   ___pinit__
11830ff0   pinit
11831000   LOG_system$buf
11831800   TSK_ComWithLinux$stack
11831f98   TSK_ComWithLinux$stkptr
11832000   TSK_LADAR$stack
11832798   TSK_LADAR$stkptr
11832800   $bss
11832800   .bss
11832800   ___bss__
11832800   _index
11832804   _weedx
11832808   _newweedx
1183280c   _weedy
11832810   _newweedy
11832814   _labviewcolor
11832818   _newlabviewcolor
1183281c   _i
11832820   _j
11832824   _timer
11832828   _timecounter
1183282c   _newcentroidr
11832830   _newcentroidc
11832834   _newcentroid
11832838   _newx
1183283c   _newy
11832840   _loc0
11832844   _loc1
11832848   _col1
1183284c   _row1
11832850   _weedcolor
11832854   _rows
11832858   _cols
1183285c   _rowe
11832860   _cole
11832864   _astarrunning
11832868   _astaridx
1183286c   _vref
11832870   _turn
11832874   _tskcount
11832878   _LVvalue1
1183287c   _LVvalue2
11832880   _new_LV_data
11832884   _newnavdata
11832888   _newvref
1183288c   _newturn
11832890   _vel1
11832894   _vel2
11832898   _vel1old
1183289c   _vel2old
118328a0   _enc1old
118328a4   _enc2old
118328a8   _settlegyro
118328ac   _gyro_zero
118328b0   _gyro_angle
118328b4   _old_gyro
118328b8   _gyro_drift
118328bc   _gyro
118328c0   _gyro_degrees
118328c4   _gyro_radians
118328c8   _gyro_x
118328cc   _gyro_y
118328d0   _gyro4x_gain
118328d4   _statePos
118328d8   _robotdestSize
118328dc   _trackableIDerror
118328e0   _firstdata
118328e4   _new_optitrack
118328e8   _previous_frame
118328ec   _frame_error
118328f0   _temp_theta
118328f4   _tempOPTITRACK_theta
118328f8   _temp_trackableID
118328fc   _trackableID
11832900   _errorcheck
11832904   _weeddetectcounter
11832908   _currDist
1183290c   _pathLen
11832910   _mapRowSize
11832914   _mapColSize
11832918   _blue_x
1183291c   _blue_y
11832920   _pink_x
11832924   _pink_y
11832928   _blue_numberPix
1183292c   _pink_numberPix
11832930   _blue_distance
11832934   _pink_distance
11832938   _timeout
1183293c   _blueweed
11832940   _pinkweed
11832944   _alreadyfound
11832948   _speedgain
1183294c   _weed_counter
11832950   _weed_index
11832958   _timecount
11832960   _whichled
11832964   _robotstate
11832968   _visionstate
1183296c   _updateLCD
11832970   _testvar
11832974   _pic_data
11832978   _Image_data
1183297c   _Linux_Image
11832980   _LCD_Image
11832984   _noimagefound
11832988   _object_x
1183298c   _object_y
11832990   _new_coordata
11832994   _numpels
11832998   _new_num_found_objects
1183299c   _new_object_theta
118329a0   _new_C20
118329a4   _new_C02
118329a8   _k
118329ac   _r
118329b0   _c
118329b4   _top
118329b8   _left
118329bc   _num_unique_objects
118329c0   _current_object
118329c4   _color
118329c8   _color2
118329cc   _Cdifference
118329d0   _rprime
118329d4   _cprime
118329d8   _rbar
118329dc   _cbar
118329e0   _neighbor_type
118329e4   _too_many_objects
118329e8   _object_detected
118329ec   _largest_num_pixels
118329f0   _largest_object
118329f4   _red
118329f8   _green
118329fc   _blue
11832a00   _hue
11832a04   _sat
11832a08   _value
11832a0c   _min
11832a10   _delta
11832a14   _print_hue
11832a15   _print_sat
11832a16   _print_val
11832a17   _print_r
11832a18   _print_b
11832a19   _print_g
11832a1c   _specs_s
11832a20   _specs_srad
11832a24   _specs_v
11832a28   _specs_vrad
11832a2c   _specs_h
11832a30   _specs_h2
11832a34   _specs_hrad
11832a38   _blueflag
11832a3c   _blue_object_x
11832a40   _blue_object_y
11832a44   _blue_numpels
11832a48   _pink_object_x
11832a4c   _pink_object_y
11832a50   _pink_numpels
11832a54   _Thres_Image
11832a58   _ptrshrdmem
11832a5c   _VPIF_beginning_line
11832a60   _current
11832a64   _equivalency
11832a68   _done
11832a6c   _HWI_dispatchTab
11832b6c   IDL_D_tabbeg
11832b70   IDL_D_calibrate
11832b74   IDL_D_calbeg
11832b78   LOG_D_system
11832b78   _LOG_D_system
11832b7c   PIP_D_tabbeg
11832b80   PIP_D_tablen
11832b84   CLK_R_time
11832b88   CLK_D_timefxn
11832b8c   CLK_D_tabbeg
11832b90   CLK_D_isrhook
11832b94   CLK_D_idletime
11832b98   _CLK_htimeDiv
11832b9c   _CLK_htimeMult
11832ba0   _CLK_ltimeDiv
11832ba4   _CLK_ltimeMult
11832ba8   _CLK_D_dirty
11832bac   _CLK_D_prd
11832bb0   _CLK_D_tddr
11832bb4   _CLK_D_countspms
11832bb8   PRD_D_tick
11832bb8   _PRD_D_tick
11832bbc   PRD_D_cur
11832bc0   PRD_D_elapsed
11832bc4   PRD_D_prevtim
11832bc8   PRD_D_scalar
11832bcc   PRD_D_swihandle
11832bd0   PRD_D_tabbeg
11832bd4   PRD_D_tablen
11832bd8   PRD_D_thook
11832bdc   RTA_D_fromHost
11832be0   RTA_D_toHost
11832be4   RTA_D_logval
11832bf4   RTA_D_stsval
11832c00   HST_D_chanmask
11832c04   HST_D_tabbeg
11832c08   HST_D_tabend
11832c0c   _GBL_procId
11832c10   _GBL_clkIn
11832c14   _GBL_freq
11832c18   _MEM_D_NUMSEGMENTS
11832c1c   _MEM_D_memtab
11832c20   _MEM_D_freelist
11832c24   _MEM_D_lockaddr
11832c28   _MEM_D_unlockaddr
11832c2c   _SYS
11832c30   __HOOK_knlId
11832c34   __HOOK_NUMHOOKS
11832c38   SWI_D_runaddr
11832c38   _SWI_D_runaddr
11832c38   _SWI_data
11832c3c   SWI_D_execaddr
11832c3c   _SWI_D_execaddr
11832c40   SWI_D_curmask
11832c40   _SWI_D_curmask
11832c44   SWI_D_curset
11832c44   _SWI_D_curset
11832c48   SWI_D_lock
11832c48   _SWI_D_lock
11832c4c   SWI_D_curmbox
11832c50   SWI_D_curfxn
11832c50   _SWI_D_curfxn
11832c54   SWI_D_rdybeg
11832c54   _SWI_D_rdybeg
11832c58   SWI_D_inswi
11832c58   _SWI_D_inswi
11832c5c   SWI_D_rdytab
11832cd4   _EDMA3_0_Regs
11832cd8   _EDMA3_1_Regs
11832cdc   _f28335RecFirsttime
11832ce0   _enc1
11832ce4   _enc2
11832ce8   _enc3
11832cec   _enc4
11832cf0   _compass
11832cf4   _switchstate
11832cf8   _adcA0
11832cfc   _adcB0
11832d00   _adcA1
11832d04   _adcB1
11832d08   _adcA2
11832d0c   _adcB2
11832d10   _adcA3
11832d14   _adcB3
11832d18   _adcA4
11832d1c   _adcB4
11832d20   _adcA5
11832d24   _adcB5
11832d28   _adcA6
11832d2c   _adcA7
11832d30   _F28335_Extra1
11832d34   _F28335_Extra2
11832d38   _F28335_Extra3
11832d3c   _F28335_Extra4
11832d40   _new_sendtolinux_F28335_Extra
11832d44   _send_F28335_Extra1
11832d48   _send_F28335_Extra2
11832d4c   _send_F28335_Extra3
11832d50   _send_F28335_Extra4
11832d54   _num_EDMA3_0
11832d58   _numofints
11832d5c   _scalingLadar
11832d60   _LADARready
11832d64   _LADARprocess
11832d68   _uart1count
11832d6c   _numReadings
11832d70   _errL
11832d74   _errC
11832d78   _errR
11832d7c   _tLADARleftFt
11832d80   _tLADARcenterFt
11832d84   _tLADARrightFt
11832d88   _cPrevLADARdata
11832d89   _cLADARdata
11832d8c   _iLADARrcv
11832d90   _cCommandName
11832d94   _LADARleftFt
11832d98   _LADARcenterFt
11832d9c   _LADARrightFt
11832da0   _fLEFT_RIGHT_ANGLE
11832da4   _numreadings_lastscan
11832da8   _startAngle
11832dac   _stepSize
11832db0   _newLADARdata
11832db4   _robotX
11832db8   _robotY
11832dbc   _robotT
11832dc0   _tempSign
11832dc4   _tempOff
11832dc8   _KNL_wFlag
11832dcc   _KNL_wList
11832dd0   _KNL_alarm
11832dd4   _KNL_setpri
11832dd8   _KNL_inactive
11832ddc   _KNL_priority
11832de0   _KNL_set
11832de4   _KNL_curtask
11832de8   _KNL_prevtask
11832dec   _KNL_curtime
11832df0   _KNL_swiptr
11832df4   _KNL_curqueue
11832df8   _KNL_maxqueue
11832dfc   _KNL_tswitchfxn
11832e00   _KNL_tcreatefxn
11832e04   _KNL_tdeletefxn
11832e08   _KNL_treadyfxn
11832e0c   _KNL_idlefxn
11832e10   _servosPosted
11832e18   _newServos
11832e1c   _McBSPrecerror
11832e20   _firsttimeintMCBSPrec
11832e28   _timeint
11832e30   _mcbspReset
11832e38   _testcount
11832e3c   _danindex
11832e40   _firsttimeLine1
11832e44   _firsttimeLine2
11832e48   _MEM_memtab
11832e60   DDR
11832e60   _DDR
11832e64   HST_DSMBUFSEG
11832e64   IRAM
11832e64   MEM_MALLOCSEG
11832e64   MEM_SEGZERO
11832e64   RTDX_DATAMEMSEG
11832e64   _IRAM
11832e64   _SEG0
11832e68   RTA_fromHost$pipe$dtab
11832e74   RTA_toHost$pipe$dtab
11832e80   _EXC_sysTrapTable
11832e88   _EXC_returnPtr
11832ea0   HWI_D_spsave
11832ea0   _HWI_D_spsave
11832ea0   _HWI_data
11832eac   _HWI_D_inhwi
11832eb0   HWI_D_bss
11832eb4   HWI_D_ccmask
11832eb8   LNK_dspFrameRequestMask
11832eb8   _LNK_dspFrameRequestMask
11832ebc   LNK_dspFrameReadyMask
11832ebc   _LNK_dspFrameReadyMask
11832ec0   LNK_readPend
11832ec0   _LNK_readPend
11832ec4   LNK_readDone
11832ec4   _LNK_readDone
11832ec8   LNK_readFail
11832ec8   _LNK_readFail
11832ecc   LNK_writeFail
11832ecc   _LNK_writeFail
11832ed0   _EXC_exceptionHook
11832ed4   _EXC_internalHook
11832ed8   _EXC_externalHook
11832edc   _EXC_nmiHook
11832ee8   _rtdxNullChanCnt
11832eec   _rtdxNullFuncCnt
11832ef0   _rtdxXmtNotDoneCnt
11832ef4   _rtdxRecNotDoneCnt
11832ef8   _rtdxXmtRestartCnt
11832efc   _rtdxXmtErrorCnt
11832f00   _TSK_nTasks
11832f04   _TSK_pid
11832f08   _TSK
11832f0c   _LCD_mem
11832f10   _bluegain
11832f14   _bkgrnd_red
11832f15   _bkgrnd_green
11832f16   _bkgrnd_blue
11832f18   _LCDnewMsgLine1
11832f1c   _LCDnewMsgLine2
11832f20   _CLK_DFLTMICROSECS
11832f24   _CLK_D_microseconds
11832f28   _SYS_exitStackPtr
11832f2c   _SYS_exitStackTop
11832f30   _CLK_htimePerLtime
11832f34   IDL_D_busyObj
11832f38   _MEM
11832f40   _pQueueoutofMemory
11832f44   ___end__
11832f44   end
118330e0   __ctypes_
118331e8   _bitval_u32
11833554   PRD_startMcBSP$sts$maxfmt
11833554   TRC_cinit
11833558   TRC_R_mask
11833558   _TRC_R_mask
1183355c   GBL_initdone
1183355d   PRD_startMcBSP$sts$sumfmt
11833560   BIOS_init
11833560   _BIOS_init
11833566   PRD_startMcBSP$sts$avgfmt
11833571   PRD_addtime$sts$maxfmt
1183357a   PRD_addtime$sts$sumfmt
11833583   PRD_addtime$sts$avgfmt
1183358e   PRD_swi$sts$maxfmt
11833596   PRD_swi$sts$sumfmt
1183359e   PRD_swi$sts$avgfmt
118335a8   KNL_swi$sts$maxfmt
118335b0   KNL_swi$sts$sumfmt
118335b8   KNL_swi$sts$avgfmt
118335c2   SWI_LCD$sts$maxfmt
118335ca   SWI_LCD$sts$sumfmt
118335d2   SWI_LCD$sts$avgfmt
118335dc   SWI_RobotControl$sts$maxfmt
118335e4   SWI_RobotControl$sts$sumfmt
118335ec   SWI_RobotControl$sts$avgfmt
118335f6   SWI_vision$sts$maxfmt
118335fe   SWI_vision$sts$sumfmt
11833606   SWI_vision$sts$avgfmt
11833610   TSK_idle$sts$maxfmt
11833618   TSK_idle$sts$sumfmt
11833620   TSK_idle$sts$avgfmt
1183362a   TSK_ComWithLinux$sts$maxfmt
11833632   TSK_ComWithLinux$sts$sumfmt
1183363a   TSK_ComWithLinux$sts$avgfmt
11833644   TSK_LADAR$sts$maxfmt
1183364c   TSK_LADAR$sts$sumfmt
11833654   TSK_LADAR$sts$avgfmt
1183365e   TSK_astar$sts$maxfmt
11833666   TSK_astar$sts$sumfmt
1183366e   TSK_astar$sts$avgfmt
11833678   IDL_busyObj$maxfmt
1183367b   IDL_busyObj$sumfmt
1183367e   IDL_busyObj$avgfmt
118336e4   BIOS$$CLKON
11833724   BIOS$$CLKOFF
1183378c   BIOS_start
1183378c   _BIOS_start
11833880   _c_int00
11833940   _MEM_init
11833a00   _TSK_init
11833b00   _RTDX_Buffer
11833f08   _RTDX_Buffer_Start
11833f0c   _RTDX_Buffer_End
11833f10   _rtdx_mon_state
11833f54   _rtdx_buffer_state
11833f60   _RTDX_writing
11833f78   TSK_idle$stack
11834310   TSK_idle$stkptr
11834400   HWI_A_VECS
11834400   hwi0
11834420   hwi1
11834440   hwi2
11834460   hwi3
11834480   hwi4
118344a0   hwi5
118344c0   hwi6
118344e0   hwi7
11834500   hwi8
11834520   hwi9
11834540   hwi10
11834560   hwi11
11834580   hwi12
118345a0   hwi13
118345c0   hwi14
118345e0   hwi15
11834600   _SYS_PUTCBEG
118347ff   _SYS_PUTCEND
11834800   trace$buf
11834a00   __CIOBUF_
11834b20   RTA_toHost$buf
11834c20   PRD_SWIHANDLE
11834c20   PRD_swi
11834c20   SWI_A_TABBEG
11834c20   _PRD_swi
11834c4c   KNL_swi
11834c4c   _KNL_swi
11834c78   SWI_LCD
11834c78   _SWI_LCD
11834ca4   SWI_RobotControl
11834ca4   _SWI_RobotControl
11834cd0   SWI_vision
11834cd0   _SWI_vision
11834cfc   PIP_A_TABBEG
11834cfc   RTA_fromHost$pipe
11834cfc   SWI_A_TABEND
11834cfc   _PIP_A_TABBEG
11834d00   RTA_fromHost$pipe$rd
11834d2c   RTA_fromHost$pipe$aaa
11834d30   RTA_fromHost$pipe$wr
11834d5c   RTA_fromHost$pipe$bbb
11834d60   RTA_toHost$pipe
11834d64   RTA_toHost$pipe$rd
11834d90   RTA_toHost$pipe$aaa
11834d94   RTA_toHost$pipe$wr
11834dc0   RTA_toHost$pipe$bbb
11834dc4   PIP_A_TABEND
11834dc4   _PIP_A_TABEND
11834dc8   .data
11834dc8   _HPisDP
11834dc8   ___data__
11834e28   _HPisdp
11834e88   PRD_startMcBSP$sts$stsobj
11834e88   STS_A_TABBEG
11834e88   _STS_A_TABBEG
11834e88   ___edata__
11834e88   edata
11834e8c   PRD_startMcBSP$sts
11834e98   PRD_addtime$sts$stsobj
11834e9c   PRD_addtime$sts
11834ea8   PRD_swi$sts$stsobj
11834eac   PRD_swi$sts
11834eb8   KNL_swi$sts$stsobj
11834ebc   KNL_swi$sts
11834ec8   SWI_LCD$sts$stsobj
11834ecc   SWI_LCD$sts
11834ed8   SWI_RobotControl$sts$stsobj
11834edc   SWI_RobotControl$sts
11834ee8   SWI_vision$sts$stsobj
11834eec   SWI_vision$sts
11834ef8   TSK_idle$sts$stsobj
11834efc   TSK_idle$sts
11834f08   TSK_ComWithLinux$sts$stsobj
11834f0c   TSK_ComWithLinux$sts
11834f18   TSK_LADAR$sts$stsobj
11834f1c   TSK_LADAR$sts
11834f28   TSK_astar$sts$stsobj
11834f2c   TSK_astar$sts
11834f38   IDL_busyObj$stsobj
11834f3c   IDL_busyObj
11834f3c   _IDL_busyObj
11834f48   STS_A_TABEND
11834f48   _STS_A_TABEND
11834fb4   HST_A_TABBEG
11834fb4   _HST_A_TABBEG
11834fb8   RTA_fromHost
11834fb8   _RTA_fromHost
11834fc0   RTA_fromHost$rtdx
11834fd4   RTA_toHost
11834fd4   _RTA_toHost
11834fdc   RTA_toHost$rtdx
11834ff0   HST_A_TABEND
11834ff0   LOG_A_TABBEG
11834ff0   LOG_system
11834ff0   _HST_A_TABEND
11834ff0   _LOG_A_TABBEG
11834ff0   _LOG_system
11835008   _trace
11835008   trace
11835020   LOG_A_TABEND
11835020   _LOG_A_TABEND
1183502c   SEM_astar
1183502c   _SEM_astar
28040d0c   HWI_INTRMUX3
c3000000   DDR$B
c3000000   _DDR_base
ffffffff   CACHE_L1D
ffffffff   CACHE_L1P
ffffffff   CACHE_L2
ffffffff   ECM_EVTMASK0
ffffffff   ECM_EVTMASK1
ffffffff   ECM_EVTMASK2
ffffffff   ECM_EVTMASK3
ffffffff   GBL_L2MAR192_223
ffffffff   L3_CBA_RAM
ffffffff   _CACHE_L1D
ffffffff   _CACHE_L1P
ffffffff   _CACHE_L2
ffffffff   _L3_CBA_RAM
ffffffff   ___TI_pprof_out_hndl
ffffffff   ___TI_prof_data_size
ffffffff   ___TI_prof_data_start
ffffffff   ___binit__
ffffffff   ___c_args__
ffffffff   binit

[1660 symbols]
